Archive member included because of file (symbol)

C:\Program Files (x86)\VEX Robotics\VEXcode Pro V5\sdk/vexv5\libv5rt.a(v5_startup.c.obj)
                              (vexStartup)
C:\Program Files (x86)\VEX Robotics\VEXcode Pro V5\sdk/vexv5\libv5rt.a(v5_util.c.obj)
                              C:\Program Files (x86)\VEX Robotics\VEXcode Pro V5\sdk/vexv5\libv5rt.a(v5_startup.c.obj) (vexStdlibVersionLinked)
C:\Program Files (x86)\VEX Robotics\VEXcode Pro V5\sdk/vexv5\libv5rt.a(v5_apijump.c.obj)
                              C:\Program Files (x86)\VEX Robotics\VEXcode Pro V5\sdk/vexv5\libv5rt.a(v5_startup.c.obj) (vexPrivateApiEnable)
C:\Program Files (x86)\VEX Robotics\VEXcode Pro V5\sdk/vexv5\libv5rt.a(v5_apiversions.c.obj)
                              C:\Program Files (x86)\VEX Robotics\VEXcode Pro V5\sdk/vexv5\libv5rt.a(v5_apijump.c.obj) (vexSystemVersion)
C:\Program Files (x86)\VEX Robotics\VEXcode Pro V5\sdk/vexv5\libv5rt.a(vex_global.cpp.obj)
                              build/src/main.o (vex::wait(double, vex::timeUnits))
C:\Program Files (x86)\VEX Robotics\VEXcode Pro V5\sdk/vexv5\libv5rt.a(vex_motor.cpp.obj)
                              build/src/robot-config.o (vex::motor::~motor())
C:\Program Files (x86)\VEX Robotics\VEXcode Pro V5\sdk/vexv5\libv5rt.a(vex_imu.cpp.obj)
                              build/src/robot-config.o (vex::inertial::~inertial())
C:\Program Files (x86)\VEX Robotics\VEXcode Pro V5\sdk/vexv5\libv5rt.a(vex_rotation.cpp.obj)
                              build/src/robot-config.o (vex::rotation::~rotation())
C:\Program Files (x86)\VEX Robotics\VEXcode Pro V5\sdk/vexv5\libv5rt.a(vex_optical.cpp.obj)
                              build/src/robot-config.o (vex::optical::~optical())
C:\Program Files (x86)\VEX Robotics\VEXcode Pro V5\sdk/vexv5\libv5rt.a(vex_controller.cpp.obj)
                              build/src/robot-config.o (vex::controller::~controller())
C:\Program Files (x86)\VEX Robotics\VEXcode Pro V5\sdk/vexv5\libv5rt.a(vex_task.cpp.obj)
                              build/src/main.o (vex::task::task(int (*)()))
C:\Program Files (x86)\VEX Robotics\VEXcode Pro V5\sdk/vexv5\libv5rt.a(vex_thread.cpp.obj)
                              build/src/main.o (vex::thread::thread(int (*)()))
C:\Program Files (x86)\VEX Robotics\VEXcode Pro V5\sdk/vexv5\libv5rt.a(vex_event.cpp.obj)
                              C:\Program Files (x86)\VEX Robotics\VEXcode Pro V5\sdk/vexv5\libv5rt.a(vex_imu.cpp.obj) (vex::event::init(unsigned long, unsigned long, void (*)()))
C:\Program Files (x86)\VEX Robotics\VEXcode Pro V5\sdk/vexv5\libv5rt.a(vex_mevent.cpp.obj)
                              C:\Program Files (x86)\VEX Robotics\VEXcode Pro V5\sdk/vexv5\libv5rt.a(vex_controller.cpp.obj) (vex::mevent::mevent(unsigned long, unsigned long))
C:\Program Files (x86)\VEX Robotics\VEXcode Pro V5\sdk/vexv5\libv5rt.a(vex_brain.cpp.obj)
                              build/src/main.o (vex::brain::lcd::setCursor(long, long))
C:\Program Files (x86)\VEX Robotics\VEXcode Pro V5\sdk/vexv5\libv5rt.a(vex_competition.cpp.obj)
                              build/src/main.o (vex::competition::competition())
C:\Program Files (x86)\VEX Robotics\VEXcode Pro V5\sdk/vexv5\libv5rt.a(vex_triport.cpp.obj)
                              build/src/robot-config.o (vex::triport::~triport())
C:\Program Files (x86)\VEX Robotics\VEXcode Pro V5\sdk/vexv5\libv5rt.a(vex_color.cpp.obj)
                              build/src/main.o (vex::color::~color())
C:\Program Files (x86)\VEX Robotics\VEXcode Pro V5\sdk/vexv5\libv5rt.a(vex_timer.cpp.obj)
                              build/src/main.o (vex::timer::~timer())
C:\Program Files (x86)\VEX Robotics\VEXcode Pro V5\sdk/vexv5\libv5rt.a(vex_motorgroup.cpp.obj)
                              build/src/robot-config.o (vex::motor_group::motor_group())
C:\Program Files (x86)\VEX Robotics\VEXcode Pro V5\sdk/vexv5\libv5rt.a(v5_apiuser.c.obj)
                              C:\Program Files (x86)\VEX Robotics\VEXcode Pro V5\sdk/vexv5\libv5rt.a(vex_triport.cpp.obj) (vexAdiPortConfigSet)
C:\Program Files (x86)\VEX Robotics\VEXcode Pro V5\sdk/vexv5\libv5rt.a(vex_device.cpp.obj)
                              C:\Program Files (x86)\VEX Robotics\VEXcode Pro V5\sdk/vexv5\libv5rt.a(vex_motor.cpp.obj) (vex::device::~device())
C:\Program Files (x86)\VEX Robotics\VEXcode Pro V5\sdk/vexv5/gcc/libs\libstdc++.a(class_type_info.o)
                              build/src/main.o (vtable for __cxxabiv1::__class_type_info)
C:\Program Files (x86)\VEX Robotics\VEXcode Pro V5\sdk/vexv5/gcc/libs\libstdc++.a(si_class_type_info.o)
                              build/src/main.o (vtable for __cxxabiv1::__si_class_type_info)
C:\Program Files (x86)\VEX Robotics\VEXcode Pro V5\sdk/vexv5/gcc/libs\libstdc++.a(tinfo.o)
                              C:\Program Files (x86)\VEX Robotics\VEXcode Pro V5\sdk/vexv5/gcc/libs\libstdc++.a(class_type_info.o) (typeinfo for std::type_info)
[...]
Memory Configuration

Name             Origin             Length             Attributes
ps7_ddr_0_S_AXI_BASEADDR 0x03800000         0x04800000
*default*        0x00000000         0xffffffff

Linker script and memory map

                0x00800000                _HEAP_SIZE = 0x800000
                0x00002000                _STACK_SIZE = DEFINED (_STACK_SIZE)?_STACK_SIZE:0x2000
                0x00100000                _HEAP_SIZE = DEFINED (_HEAP_SIZE)?_HEAP_SIZE:0x100000
                0x00000400                _ABORT_STACK_SIZE = DEFINED (_ABORT_STACK_SIZE)?_ABORT_STACK_SIZE:0x400
                0x00000800                _SUPERVISOR_STACK_SIZE = DEFINED (_SUPERVISOR_STACK_SIZE)?_SUPERVISOR_STACK_SIZE:0x800
                0x00000400                _IRQ_STACK_SIZE = DEFINED (_IRQ_STACK_SIZE)?_IRQ_STACK_SIZE:0x400
                0x00000400                _FIQ_STACK_SIZE = DEFINED (_FIQ_STACK_SIZE)?_FIQ_STACK_SIZE:0x400
                0x00000400                _UNDEF_STACK_SIZE = DEFINED (_UNDEF_STACK_SIZE)?_UNDEF_STACK_SIZE:0x400

.text           0x03800000     0xded8
 *(.vectors)
 *(.boot_data)
 .boot_data     0x03800000       0x20 C:\Program Files (x86)\VEX Robotics\VEXcode Pro V5\sdk/vexv5\libv5rt.a(v5_startup.c.obj)
                0x03800000                vexCodeSig
                0x00000020                . = 0x20
 *(.boot)
 .boot          0x03800020       0xbc C:\Program Files (x86)\VEX Robotics\VEXcode Pro V5\sdk/vexv5\libv5rt.a(v5_startup.c.obj)
                0x03800020                vexStartup
                0x03800100                . = ALIGN (0x40)
 *fill*         0x038000dc       0x24 
 *(.freertos_vectors)
 *(.text)
 .text          0x03800100       0x9a C:\Program Files (x86)\VEX Robotics\VEXcode Pro V5\sdk/vexv5/gcc/libs\libc.a(lib_a-aeabi_memset-soft.o)
                0x03800100                __aeabi_memset8
                0x03800100                __aeabi_memset
                0x03800100                __aeabi_memset4
 *(.text.*)
 *fill*         0x0380019a        0x6 
 .text._ZN8odometry19updateRobotPositionEv
                0x038001a0      0x348 build/src/main.o
                0x038001a0                odometry::updateRobotPosition()
 .text._ZN8odometry15displayPositionEv
                0x038004e8      0x110 build/src/main.o
                0x038004e8                odometry::displayPosition()
 .text._ZN10MotionPath6smoothEv
                0x038005f8      0x140 build/src/main.o
                0x038005f8                MotionPath::smooth()
 .text._ZN10MotionPath6injectEv
                0x03800738      0x1ac build/src/main.o
                0x03800738                MotionPath::inject()
 .text._ZNSt6vectorIN10MotionPath2PtESaIS1_EEC2ERKS3_
                0x038008e4       0x94 build/src/main.o
                0x038008e4                std::vector<MotionPath::Pt, std::allocator<MotionPath::Pt> >::vector(std::vector<MotionPath::Pt, std::allocator<MotionPath::Pt> > const&)
 .text._ZN10MotionPath19calculatePtVelocityEv
                0x03800978      0x32c build/src/main.o
                0x03800978                MotionPath::calculatePtVelocity()
 .text._ZN10MotionPath13findCurvatureEv
                0x03800ca4      0x210 build/src/main.o
                0x03800ca4                MotionPath::findCurvature()
 .text._ZN10MotionPath12getClosestPtERK3Vec
                0x03800eb4      0x100 build/src/main.o
                0x03800eb4                MotionPath::getClosestPt(Vec const&)
 .text._ZN10MotionPath9getTValueERNS_2PtES1_RK3Vec
                0x03800fb4       0xf4 build/src/main.o
                0x03800fb4                MotionPath::getTValue(MotionPath::Pt&, MotionPath::Pt&, Vec const&)
 .text._ZN10MotionPath14getLookAheadPtERK3Vec
                0x038010a8      0x150 build/src/main.o
                0x038010a8                MotionPath::getLookAheadPt(Vec const&)
 .text._ZN10MotionPath18calculateCurvatureERK3VecRKNS_2PtE
                0x038011f8      0x10c build/src/main.o
                0x038011f8                MotionPath::calculateCurvature(Vec const&, MotionPath::Pt const&)
 *fill*         0x03801304        0x4 
 .text._ZN13PIDController9calculateEdd
                0x03801308      0x1f8 build/src/main.o
                0x03801308                PIDController::calculate(double, double)
 .text._ZN17AutonomousControl7monitorESt6vectorI6SystemSaIS1_EE
                0x03801500       0x3c build/src/main.o
                0x03801500                AutonomousControl::monitor(std::vector<System, std::allocator<System> >)
 .text._ZNSt6vectorI6SystemSaIS0_EEaSERKS2_
                0x0380153c      0x1ac build/src/main.o
                0x0380153c                std::vector<System, std::allocator<System> >::operator=(std::vector<System, std::allocator<System> > const&)
 .text._ZN17AutonomousControl11displayMenuEv
                0x038016e8      0x208 build/src/main.o
                0x038016e8                AutonomousControl::displayMenu()
 .text._ZN17AutonomousControl11adjustGain1Ed
                0x038018f0       0xb4 build/src/main.o
                0x038018f0                AutonomousControl::adjustGain1(double)
 .text._ZN17AutonomousControl11adjustGain2Ed
                0x038019a4       0xcc build/src/main.o
                0x038019a4                AutonomousControl::adjustGain2(double)
 .text._ZN17AutonomousControl11adjustGain3Ed
                0x03801a70       0xcc build/src/main.o
                0x03801a70                AutonomousControl::adjustGain3(double)
 .text._ZN17AutonomousControl13displaySystemEv
                0x03801b3c      0x164 build/src/main.o
                0x03801b3c                AutonomousControl::displaySystem()
 .text._ZN17drivetrainControl6followER10MotionPath
                0x03801ca0      0x980 build/src/main.o
                0x03801ca0                drivetrainControl::follow(MotionPath&)
 .text._ZNSt6vectorI10MotionPathSaIS0_EE9push_backERKS0_
                0x03802620       0x68 build/src/main.o
                0x03802620                std::vector<MotionPath, std::allocator<MotionPath> >::push_back(MotionPath const&)
 .text._ZN13PIDControllerC2E4PathdbRd
                0x03802688       0xc0 build/src/main.o
                0x03802688                PIDController::PIDController(Path, double, bool, double&)
 .text._ZNSt6vectorI6SystemSaIS0_EED2Ev
                0x03802748       0x50 build/src/main.o
                0x03802748                std::vector<System, std::allocator<System> >::~vector()
 .text._ZN5robot14toggleFieldingEv
                0x03802798       0x60 build/src/main.o
                0x03802798                robot::toggleFielding()
 .text._ZN5robot11startInSizeEv
                0x038027f8       0x58 build/src/main.o
                0x038027f8                robot::startInSize()
 .text._ZN5robot12drawCatapultEv
                0x03802850      0x118 build/src/main.o
                0x03802850                robot::drawCatapult()
 .text._ZN5robot12fireCatapultEv
                0x03802968       0x70 build/src/main.o
                0x03802968                robot::fireCatapult()
 .text._ZN5robot16autoToggleIntakeEv
                0x038029d8      0x120 build/src/main.o
                0x038029d8                robot::autoToggleIntake()
 .text._ZN5robot12toggleIntakeEN3vex13directionTypeEi
                0x03802af8       0x68 build/src/main.o
                0x03802af8                robot::toggleIntake(vex::directionType, int)
 .text._ZNK5field11FieldVisual22FieldCentricCoordtoAbsEdd
                0x03802b60      0x168 build/src/main.o
                0x03802b60                field::FieldVisual::FieldCentricCoordtoAbs(double, double) const
 .text._ZNK5field11FieldVisual24FieldCentricHeadingtoAbsEd
                0x03802cc8       0x80 build/src/main.o
                0x03802cc8                field::FieldVisual::FieldCentricHeadingtoAbs(double) const
 .text._ZN5field26updateRobotPositionOnFieldEv
                0x03802d48       0xf8 build/src/main.o
                0x03802d48                field::updateRobotPositionOnField()
 .text._ZN5field11RobotVisual6renderEjjd
                0x03802e40      0x938 build/src/main.o
                0x03802e40                field::RobotVisual::render(unsigned int, unsigned int, double)
 .text._ZN5field12buttonVisual9isTouchedEv
                0x03803778       0x70 build/src/main.o
                0x03803778                field::buttonVisual::isTouched()
 .text._ZN5field12buttonVisual6renderEv
                0x038037e8       0x38 build/src/main.o
                0x038037e8                field::buttonVisual::render()
 .text._ZN5field12buttonVisual11render_textEv
                0x03803820       0x54 build/src/main.o
                0x03803820                field::buttonVisual::render_text()
 .text._ZN5field23RectangularButtonVisual9isTouchedEv
                0x03803874      0x148 build/src/main.o
                0x03803874                field::RectangularButtonVisual::isTouched()
 *fill*         0x038039bc        0x4 
 .text._ZN5field20autoChooseAutonomousEv
                0x038039c0      0x2f0 build/src/main.o
                0x038039c0                field::autoChooseAutonomous()
 .text._ZN5field22chooseAutonomousPromptEv
                0x03803cb0      0x230 build/src/main.o
                0x03803cb0                field::chooseAutonomousPrompt()
 .text._ZN5field6renderEv
                0x03803ee0      0x7e8 build/src/main.o
                0x03803ee0                field::render()
 .text._ZN5field20chooseQuadrantPromptEv
                0x038046c8      0x13c build/src/main.o
                0x038046c8                field::chooseQuadrantPrompt()
 .text._ZN5field23RectangularButtonVisual6renderEv
                0x03804804       0x98 build/src/main.o
                0x03804804                field::RectangularButtonVisual::render()
 *fill*         0x0380489c        0x4 
 .text._ZN5field11FieldVisual6renderEv
                0x038048a0     0x1100 build/src/main.o
                0x038048a0                field::FieldVisual::render()
 .text._ZN5field11FieldVisual24render_AutonomousRoutineER10autonomous
                0x038059a0      0x230 build/src/main.o
                0x038059a0                field::FieldVisual::render_AutonomousRoutine(autonomous&)
 .text._ZN5field11FieldVisual14drawGameObjectEiiii
                0x03805bd0      0x220 build/src/main.o
                0x03805bd0                field::FieldVisual::drawGameObject(int, int, int, int)
 .text._ZN5fieldC2Ev
                0x03805df0      0x138 build/src/main.o
                0x03805df0                field::field()
 .text._ZN5robotD2Ev
                0x03805f28       0x34 build/src/main.o
                0x03805f28                robot::~robot()
 .text._ZN10autonomousC2ER5robot
                0x03805f5c      0x48c build/src/main.o
                0x03805f5c                autonomous::autonomous(robot&)
 .text._Z9pre_autonv
                0x038063e8      0x188 build/src/main.o
                0x038063e8                pre_auton()
 .text._ZN5fieldC2EjjjiRN3vex11competitionER10autonomous
                0x03806570      0x1a8 build/src/main.o
                0x03806570                field::field(unsigned int, unsigned int, unsigned int, int, vex::competition&, autonomous&)
 .text._Z10autonomousv
                0x03806718       0x44 build/src/main.o
                0x03806718                autonomous()
 .text._ZN10autonomous3runEv
                0x0380675c       0x44 build/src/main.o
                0x0380675c                autonomous::run()
 .text._Z11usercontrolv
                0x038067a0      0x958 build/src/main.o
                0x038067a0                usercontrol()
 .text.main     0x038070f8       0x68 build/src/main.o
                0x038070f8                main
 .text._ZNSt6vectorI4GainSaIS0_EEC2ERKS2_
                0x03807160       0x80 build/src/main.o
                0x03807160                std::vector<Gain, std::allocator<Gain> >::vector(std::vector<Gain, std::allocator<Gain> > const&)
 .text._ZNSt12_Vector_baseI4GainSaIS0_EE11_M_allocateEj
                0x038071e0       0x3c build/src/main.o
                0x038071e0                std::_Vector_base<Gain, std::allocator<Gain> >::_M_allocate(unsigned int)
 .text._ZNKSt10_HashtableIiSt4pairIKi4PathESaIS3_ENSt8__detail10_Select1stESt8equal_toIiESt4hashIiENS5_18_Mod_range_hashingENS5_20_Default_ranged_hashENS5_20_Prime_rehash_policyENS5_17_Hashtable_traitsILb0ELb0ELb1EEEE12_M_find_nodeEjRS1_j
                0x0380721c       0x88 build/src/main.o
                0x0380721c                std::_Hashtable<int, std::pair<int const, Path>, std::allocator<std::pair<int const, Path> >, std::__detail::_Select1st, std::equal_to<int>, std::hash<int>, std::__detail::_Mod_range_hashing, std::__detail::_Default_ranged_hash, std::__detail::_Prime_rehash_policy, std::__detail::_Hashtable_traits<false, false, true> >::_M_find_node(unsigned int, int const&, unsigned int) const
 .text._ZN5field11FieldVisual17render_MotionPathER10MotionPathRK3Vec
                0x038072a4      0x20c build/src/main.o
                0x038072a4                field::FieldVisual::render_MotionPath(MotionPath&, Vec const&)
 .text._ZN5field11FieldVisual20render_MotionPathPtsER10MotionPathRK3Vec
                0x038074b0       0xe4 build/src/main.o
                0x038074b0                field::FieldVisual::render_MotionPathPts(MotionPath&, Vec const&)
 .text._ZN14CoefficientLUTC2Ev
                0x03807594       0x88 build/src/main.o
                0x03807594                CoefficientLUT::CoefficientLUT()
 *fill*         0x0380761c        0x4 
 .text._ZN17drivetrainControlC2ER14CoefficientLUTR8odometryR17AutonomousControl
                0x03807620      0x2a8 build/src/main.o
                0x03807620                drivetrainControl::drivetrainControl(CoefficientLUT&, odometry&, AutonomousControl&)
 .text._ZNSt10_HashtableIiSt4pairIKi4PathESaIS3_ENSt8__detail10_Select1stESt8equal_toIiESt4hashIiENS5_18_Mod_range_hashingENS5_20_Default_ranged_hashENS5_20_Prime_rehash_policyENS5_17_Hashtable_traitsILb0ELb0ELb1EEEEC2EjRKSA_RKSB_RKSC_RKS8_RKS6_RKS4_
                0x038078c8       0x78 build/src/main.o
                0x038078c8                std::_Hashtable<int, std::pair<int const, Path>, std::allocator<std::pair<int const, Path> >, std::__detail::_Select1st, std::equal_to<int>, std::hash<int>, std::__detail::_Mod_range_hashing, std::__detail::_Default_ranged_hash, std::__detail::_Prime_rehash_policy, std::__detail::_Hashtable_traits<false, false, true> >::_Hashtable(unsigned int, std::hash<int> const&, std::__detail::_Mod_range_hashing const&, std::__detail::_Default_ranged_hash const&, std::equal_to<int> const&, std::__detail::_Select1st const&, std::allocator<std::pair<int const, Path> > const&)
 .text._ZNSt10_HashtableIiSt4pairIKi4PathESaIS3_ENSt8__detail10_Select1stESt8equal_toIiESt4hashIiENS5_18_Mod_range_hashingENS5_20_Default_ranged_hashENS5_20_Prime_rehash_policyENS5_17_Hashtable_traitsILb0ELb0ELb1EEEE10_M_emplaceIJiS2_EEES0_INS5_14_Node_iteratorIS3_Lb0ELb0EEEbESt17integral_constantIbLb1EEDpOT_
                0x03807940       0xb4 build/src/main.o
                0x03807940                std::pair<std::__detail::_Node_iterator<std::pair<int const, Path>, false, false>, bool> std::_Hashtable<int, std::pair<int const, Path>, std::allocator<std::pair<int const, Path> >, std::__detail::_Select1st, std::equal_to<int>, std::hash<int>, std::__detail::_Mod_range_hashing, std::__detail::_Default_ranged_hash, std::__detail::_Prime_rehash_policy, std::__detail::_Hashtable_traits<false, false, true> >::_M_emplace<int, Path>(std::integral_constant<bool, true>, int&&, Path&&)
 .text._ZNSt10_HashtableIiSt4pairIKi4PathESaIS3_ENSt8__detail10_Select1stESt8equal_toIiESt4hashIiENS5_18_Mod_range_hashingENS5_20_Default_ranged_hashENS5_20_Prime_rehash_policyENS5_17_Hashtable_traitsILb0ELb0ELb1EEEE21_M_insert_unique_nodeEjjPNS5_10_Hash_nodeIS3_Lb0EEE
                0x038079f4       0x88 build/src/main.o
                0x038079f4                std::_Hashtable<int, std::pair<int const, Path>, std::allocator<std::pair<int const, Path> >, std::__detail::_Select1st, std::equal_to<int>, std::hash<int>, std::__detail::_Mod_range_hashing, std::__detail::_Default_ranged_hash, std::__detail::_Prime_rehash_policy, std::__detail::_Hashtable_traits<false, false, true> >::_M_insert_unique_node(unsigned int, unsigned int, std::__detail::_Hash_node<std::pair<int const, Path>, false>*)
 .text._ZNSt10_HashtableIiSt4pairIKi4PathESaIS3_ENSt8__detail10_Select1stESt8equal_toIiESt4hashIiENS5_18_Mod_range_hashingENS5_20_Default_ranged_hashENS5_20_Prime_rehash_policyENS5_17_Hashtable_traitsILb0ELb0ELb1EEEE22_M_insert_bucket_beginEjPNS5_10_Hash_nodeIS3_Lb0EEE
                0x03807a7c       0x70 build/src/main.o
                0x03807a7c                std::_Hashtable<int, std::pair<int const, Path>, std::allocator<std::pair<int const, Path> >, std::__detail::_Select1st, std::equal_to<int>, std::hash<int>, std::__detail::_Mod_range_hashing, std::__detail::_Default_ranged_hash, std::__detail::_Prime_rehash_policy, std::__detail::_Hashtable_traits<false, false, true> >::_M_insert_bucket_begin(unsigned int, std::__detail::_Hash_node<std::pair<int const, Path>, false>*)
 .text._ZNSt10_HashtableIiSt4pairIKi4PathESaIS3_ENSt8__detail10_Select1stESt8equal_toIiESt4hashIiENS5_18_Mod_range_hashingENS5_20_Default_ranged_hashENS5_20_Prime_rehash_policyENS5_17_Hashtable_traitsILb0ELb0ELb1EEEE13_M_rehash_auxEjSt17integral_constantIbLb1EE
                0x03807aec       0xe0 build/src/main.o
                0x03807aec                std::_Hashtable<int, std::pair<int const, Path>, std::allocator<std::pair<int const, Path> >, std::__detail::_Select1st, std::equal_to<int>, std::hash<int>, std::__detail::_Mod_range_hashing, std::__detail::_Default_ranged_hash, std::__detail::_Prime_rehash_policy, std::__detail::_Hashtable_traits<false, false, true> >::_M_rehash_aux(unsigned int, std::integral_constant<bool, true>)
 .text._ZNSt10_HashtableIiSt4pairIKi4PathESaIS3_ENSt8__detail10_Select1stESt8equal_toIiESt4hashIiENS5_18_Mod_range_hashingENS5_20_Default_ranged_hashENS5_20_Prime_rehash_policyENS5_17_Hashtable_traitsILb0ELb0ELb1EEEE10_M_emplaceIJRiRS2_EEES0_INS5_14_Node_iteratorIS3_Lb0ELb0EEEbESt17integral_constantIbLb1EEDpOT_
                0x03807bcc       0xb4 build/src/main.o
                0x03807bcc                std::pair<std::__detail::_Node_iterator<std::pair<int const, Path>, false, false>, bool> std::_Hashtable<int, std::pair<int const, Path>, std::allocator<std::pair<int const, Path> >, std::__detail::_Select1st, std::equal_to<int>, std::hash<int>, std::__detail::_Mod_range_hashing, std::__detail::_Default_ranged_hash, std::__detail::_Prime_rehash_policy, std::__detail::_Hashtable_traits<false, false, true> >::_M_emplace<int&, Path&>(std::integral_constant<bool, true>, int&, Path&)
 .text._ZNSt6vectorI10MotionPathSaIS0_EED2Ev
                0x03807c80       0x60 build/src/main.o
                0x03807c80                std::vector<MotionPath, std::allocator<MotionPath> >::~vector()
 .text._ZNSt10_HashtableIiSt4pairIKi4PathESaIS3_ENSt8__detail10_Select1stESt8equal_toIiESt4hashIiENS5_18_Mod_range_hashingENS5_20_Default_ranged_hashENS5_20_Prime_rehash_policyENS5_17_Hashtable_traitsILb0ELb0ELb1EEEED2Ev
                0x03807ce0       0x30 build/src/main.o
                0x03807ce0                std::_Hashtable<int, std::pair<int const, Path>, std::allocator<std::pair<int const, Path> >, std::__detail::_Select1st, std::equal_to<int>, std::hash<int>, std::__detail::_Mod_range_hashing, std::__detail::_Default_ranged_hash, std::__detail::_Prime_rehash_policy, std::__detail::_Hashtable_traits<false, false, true> >::~_Hashtable()
 .text._ZNSt10_HashtableIiSt4pairIKi4PathESaIS3_ENSt8__detail10_Select1stESt8equal_toIiESt4hashIiENS5_18_Mod_range_hashingENS5_20_Default_ranged_hashENS5_20_Prime_rehash_policyENS5_17_Hashtable_traitsILb0ELb0ELb1EEEE5clearEv
                0x03807d10       0x48 build/src/main.o
                0x03807d10                std::_Hashtable<int, std::pair<int const, Path>, std::allocator<std::pair<int const, Path> >, std::__detail::_Select1st, std::equal_to<int>, std::hash<int>, std::__detail::_Mod_range_hashing, std::__detail::_Default_ranged_hash, std::__detail::_Prime_rehash_policy, std::__detail::_Hashtable_traits<false, false, true> >::clear()
 .text._ZN17autonomousProgramC2EPi3VecSt8functionIFvvEE
                0x03807d58       0xac build/src/main.o
                0x03807d58                autonomousProgram::autonomousProgram(int*, Vec, std::function<void ()>)
 .text._ZNSt17_Function_handlerIFvvEN10autonomous8routine1MUlvE_EE9_M_invokeERKSt9_Any_data
                0x03807e04        0x8 build/src/main.o
                0x03807e04                std::_Function_handler<void (), autonomous::routine1::{lambda()#1}>::_M_invoke(std::_Any_data const&)
 .text._ZNSt14_Function_base13_Base_managerIN10autonomous8routine1MUlvE_EE10_M_managerERSt9_Any_dataRKS4_St18_Manager_operation
                0x03807e0c       0x64 build/src/main.o
                0x03807e0c                std::_Function_base::_Base_manager<autonomous::routine1::{lambda()#1}>::_M_manager(std::_Any_data&, autonomous::routine1::{lambda()#1} const&, std::_Manager_operation)
 .text._ZNK10autonomous8routine1MUlvE_clEv
                0x03807e70      0xb28 build/src/main.o
                0x03807e70                autonomous::routine1::{lambda()#1}::operator()() const
 .text._ZNSt17_Function_handlerIFvvEN10autonomous8routine2MUlvE_EE9_M_invokeERKSt9_Any_data
                0x03808998        0x4 build/src/main.o
                0x03808998                std::_Function_handler<void (), autonomous::routine2::{lambda()#1}>::_M_invoke(std::_Any_data const&)
 .text._ZNSt14_Function_base13_Base_managerIN10autonomous8routine2MUlvE_EE10_M_managerERSt9_Any_dataRKS4_St18_Manager_operation
                0x0380899c       0x64 build/src/main.o
                0x0380899c                std::_Function_base::_Base_manager<autonomous::routine2::{lambda()#1}>::_M_manager(std::_Any_data&, autonomous::routine2::{lambda()#1} const&, std::_Manager_operation)
 .text._ZNSt17_Function_handlerIFvvEN10autonomous8routine3MUlvE_EE9_M_invokeERKSt9_Any_data
                0x03808a00        0x4 build/src/main.o
                0x03808a00                std::_Function_handler<void (), autonomous::routine3::{lambda()#1}>::_M_invoke(std::_Any_data const&)
 .text._ZNSt14_Function_base13_Base_managerIN10autonomous8routine3MUlvE_EE10_M_managerERSt9_Any_dataRKS4_St18_Manager_operation
                0x03808a04       0x64 build/src/main.o
                0x03808a04                std::_Function_base::_Base_manager<autonomous::routine3::{lambda()#1}>::_M_manager(std::_Any_data&, autonomous::routine3::{lambda()#1} const&, std::_Manager_operation)
 .text._ZNSt17_Function_handlerIFvvEN10autonomous8routine4MUlvE_EE9_M_invokeERKSt9_Any_data
                0x03808a68        0x4 build/src/main.o
                0x03808a68                std::_Function_handler<void (), autonomous::routine4::{lambda()#1}>::_M_invoke(std::_Any_data const&)
 .text._ZNSt14_Function_base13_Base_managerIN10autonomous8routine4MUlvE_EE10_M_managerERSt9_Any_dataRKS4_St18_Manager_operation
                0x03808a6c       0x64 build/src/main.o
                0x03808a6c                std::_Function_base::_Base_manager<autonomous::routine4::{lambda()#1}>::_M_manager(std::_Any_data&, autonomous::routine4::{lambda()#1} const&, std::_Manager_operation)
 .text._ZNSt17_Function_handlerIFvvEN10autonomous8routine5MUlvE_EE9_M_invokeERKSt9_Any_data
                0x03808ad0        0x4 build/src/main.o
                0x03808ad0                std::_Function_handler<void (), autonomous::routine5::{lambda()#1}>::_M_invoke(std::_Any_data const&)
 .text._ZNSt14_Function_base13_Base_managerIN10autonomous8routine5MUlvE_EE10_M_managerERSt9_Any_dataRKS4_St18_Manager_operation
                0x03808ad4       0x64 build/src/main.o
                0x03808ad4                std::_Function_base::_Base_manager<autonomous::routine5::{lambda()#1}>::_M_manager(std::_Any_data&, autonomous::routine5::{lambda()#1} const&, std::_Manager_operation)
 .text._ZNSt17_Function_handlerIFvvEN10autonomous8routine6MUlvE_EE9_M_invokeERKSt9_Any_data
                0x03808b38        0x4 build/src/main.o
                0x03808b38                std::_Function_handler<void (), autonomous::routine6::{lambda()#1}>::_M_invoke(std::_Any_data const&)
 .text._ZNSt14_Function_base13_Base_managerIN10autonomous8routine6MUlvE_EE10_M_managerERSt9_Any_dataRKS4_St18_Manager_operation
                0x03808b3c       0x64 build/src/main.o
                0x03808b3c                std::_Function_base::_Base_manager<autonomous::routine6::{lambda()#1}>::_M_manager(std::_Any_data&, autonomous::routine6::{lambda()#1} const&, std::_Manager_operation)
 .text._ZNSt17_Function_handlerIFvvEN10autonomous6skillsMUlvE_EE9_M_invokeERKSt9_Any_data
                0x03808ba0        0x4 build/src/main.o
                0x03808ba0                std::_Function_handler<void (), autonomous::skills::{lambda()#1}>::_M_invoke(std::_Any_data const&)
 .text._ZNSt14_Function_base13_Base_managerIN10autonomous6skillsMUlvE_EE10_M_managerERSt9_Any_dataRKS4_St18_Manager_operation
                0x03808ba4       0x64 build/src/main.o
                0x03808ba4                std::_Function_base::_Base_manager<autonomous::skills::{lambda()#1}>::_M_manager(std::_Any_data&, autonomous::skills::{lambda()#1} const&, std::_Manager_operation)
 .text._ZN5field11FieldVisualC2Ejjji
                0x03808c08       0xa4 build/src/main.o
                0x03808c08                field::FieldVisual::FieldVisual(unsigned int, unsigned int, unsigned int, int)
 .text._ZZ9pre_autonvEN3$_18__invokeEv
                0x03808cac        0xc build/src/main.o
 .text._ZZ9pre_autonvENK3$_1clEv
                0x03808cb8       0x14 build/src/main.o
 .text._ZZ9pre_autonvEN3$_28__invokeEv
                0x03808ccc        0xc build/src/main.o
 .text._ZZ9pre_autonvEN3$_38__invokeEv
                0x03808cd8        0xc build/src/main.o
 .text._ZZ9pre_autonvEN3$_48__invokeEv
                0x03808ce4       0x14 build/src/main.o
 .text._ZZ9pre_autonvEN3$_58__invokeEv
                0x03808cf8        0xc build/src/main.o
 .text._ZZ9pre_autonvEN3$_68__invokeEv
                0x03808d04        0xc build/src/main.o
 .text._ZZ11usercontrolvEN3$_78__invokeEv
                0x03808d10       0x3c build/src/main.o
 *fill*         0x03808d4c        0x4 
 .text._ZZZ11usercontrolvENK3$_7clEvENUlvE_8__invokeEv
                0x03808d50       0xe8 build/src/main.o
 .text._ZZ11usercontrolvEN3$_88__invokeEv
                0x03808e38       0x54 build/src/main.o
 .text._ZZ11usercontrolvEN3$_98__invokeEv
                0x03808e8c       0x3c build/src/main.o
 .text._ZZZ11usercontrolvENK3$_9clEvENUlvE_8__invokeEv
                0x03808ec8       0x24 build/src/main.o
 .text._ZZ11usercontrolvEN4$_108__invokeEv
                0x03808eec       0x40 build/src/main.o
 *fill*         0x03808f2c        0x4 
 .text._ZZ11usercontrolvEN4$_118__invokeEv
                0x03808f30       0x48 build/src/main.o
 .text._ZZ11usercontrolvEN4$_128__invokeEv
                0x03808f78       0x40 build/src/main.o
 .text._ZZ11usercontrolvEN4$_138__invokeEv
                0x03808fb8       0x40 build/src/main.o
 .text._ZZ11usercontrolvEN4$_148__invokeEv
                0x03808ff8        0xc build/src/main.o
 .text._ZNSt12_Vector_baseIN10MotionPath2PtESaIS1_EE11_M_allocateEj
                0x03809004       0x3c build/src/main.o
                0x03809004                std::_Vector_base<MotionPath::Pt, std::allocator<MotionPath::Pt> >::_M_allocate(unsigned int)
 .text._ZNSt6vectorIN10MotionPath2PtESaIS1_EE19_M_emplace_back_auxIJS1_EEEvDpOT_
                0x03809040       0xcc build/src/main.o
                0x03809040                void std::vector<MotionPath::Pt, std::allocator<MotionPath::Pt> >::_M_emplace_back_aux<MotionPath::Pt>(MotionPath::Pt&&)
 .text._ZNKSt6vectorIN10MotionPath2PtESaIS1_EE12_M_check_lenEjPKc
                0x0380910c       0x64 build/src/main.o
                0x0380910c                std::vector<MotionPath::Pt, std::allocator<MotionPath::Pt> >::_M_check_len(unsigned int, char const*) const
 .text._ZNSt6vectorI6SystemSaIS0_EE20_M_allocate_and_copyIN9__gnu_cxx17__normal_iteratorIPKS0_S2_EEEEPS0_jT_SA_
                0x03809170       0x4c build/src/main.o
                0x03809170                System* std::vector<System, std::allocator<System> >::_M_allocate_and_copy<__gnu_cxx::__normal_iterator<System const*, std::vector<System, std::allocator<System> > > >(unsigned int, __gnu_cxx::__normal_iterator<System const*, std::vector<System, std::allocator<System> > >, __gnu_cxx::__normal_iterator<System const*, std::vector<System, std::allocator<System> > >)
 .text._ZNSt12_Vector_baseI6SystemSaIS0_EE11_M_allocateEj
                0x038091bc       0x30 build/src/main.o
                0x038091bc                std::_Vector_base<System, std::allocator<System> >::_M_allocate(unsigned int)
 .text._ZNSt6vectorI4GainSaIS0_EEaSERKS2_
                0x038091ec      0x190 build/src/main.o
                0x038091ec                std::vector<Gain, std::allocator<Gain> >::operator=(std::vector<Gain, std::allocator<Gain> > const&)
 .text._ZNSt6vectorI10MotionPathSaIS0_EE19_M_emplace_back_auxIJRKS0_EEEvDpOT_
                0x0380937c       0xe4 build/src/main.o
                0x0380937c                void std::vector<MotionPath, std::allocator<MotionPath> >::_M_emplace_back_aux<MotionPath const&>(MotionPath const&)
 .text._ZNKSt6vectorI10MotionPathSaIS0_EE12_M_check_lenEjPKc
                0x03809460       0x64 build/src/main.o
                0x03809460                std::vector<MotionPath, std::allocator<MotionPath> >::_M_check_len(unsigned int, char const*) const
 .text._ZNSt12_Vector_baseI10MotionPathSaIS0_EE11_M_allocateEj
                0x038094c4       0x3c build/src/main.o
                0x038094c4                std::_Vector_base<MotionPath, std::allocator<MotionPath> >::_M_allocate(unsigned int)
 .text._ZNSt20__uninitialized_copyILb0EE13__uninit_copyISt13move_iteratorIP10MotionPathES4_EET0_T_S7_S6_
                0x03809500       0xc8 build/src/main.o
                0x03809500                MotionPath* std::__uninitialized_copy<false>::__uninit_copy<std::move_iterator<MotionPath*>, MotionPath*>(std::move_iterator<MotionPath*>, std::move_iterator<MotionPath*>, MotionPath*)
 .text._ZNSt6vectorI6SystemSaIS0_EE19_M_range_initializeIPKS0_EEvT_S6_St20forward_iterator_tag
                0x038095c8       0x5c build/src/main.o
                0x038095c8                void std::vector<System, std::allocator<System> >::_M_range_initialize<System const*>(System const*, System const*, std::forward_iterator_tag)
 .text._ZSt9__find_ifIPiN9__gnu_cxx5__ops16_Iter_equals_valIKjEEET_S6_S6_T0_St26random_access_iterator_tag
                0x03809624       0xdc build/src/main.o
                0x03809624                int* std::__find_if<int*, __gnu_cxx::__ops::_Iter_equals_val<unsigned int const> >(int*, int*, __gnu_cxx::__ops::_Iter_equals_val<unsigned int const>, std::random_access_iterator_tag)
 .text._GLOBAL__sub_I_main.cpp
                0x03809700      0x164 build/src/main.o
 .text._ZN3vex11motor_groupC2IJNS_5motorES2_S2_EEERS2_DpRT_
                0x03809864       0x50 build/src/robot-config.o
                0x03809864                vex::motor_group::motor_group<vex::motor, vex::motor, vex::motor>(vex::motor&, vex::motor&, vex::motor&, vex::motor&)
 .text._Z11vexcodeInitv
                0x038098b4        0x4 build/src/robot-config.o
                0x038098b4                vexcodeInit()
 .text._GLOBAL__sub_I_robot_config.cpp
                0x038098b8      0x650 build/src/robot-config.o
 .text.vexMain  0x03809f08       0xb0 C:\Program Files (x86)\VEX Robotics\VEXcode Pro V5\sdk/vexv5\libv5rt.a(v5_startup.c.obj)
                0x03809f08                vexMain
 .text.__vex_function_prolog
                0x03809fb8       0x18 C:\Program Files (x86)\VEX Robotics\VEXcode Pro V5\sdk/vexv5\libv5rt.a(v5_startup.c.obj)
                0x03809fb8                __vex_function_prolog
 .text._init    0x03809fd0        0x4 C:\Program Files (x86)\VEX Robotics\VEXcode Pro V5\sdk/vexv5\libv5rt.a(v5_startup.c.obj)
                0x03809fd0                _init
 .text._fini    0x03809fd4        0x4 C:\Program Files (x86)\VEX Robotics\VEXcode Pro V5\sdk/vexv5\libv5rt.a(v5_startup.c.obj)
                0x03809fd4                _fini
 .text.vexStdlibVersionLinked
                0x03809fd8        0xc C:\Program Files (x86)\VEX Robotics\VEXcode Pro V5\sdk/vexv5\libv5rt.a(v5_util.c.obj)
                0x03809fd8                vexStdlibVersionLinked
 .text.vexStdlibVersionVerify
                0x03809fe4       0x30 C:\Program Files (x86)\VEX Robotics\VEXcode Pro V5\sdk/vexv5\libv5rt.a(v5_util.c.obj)
                0x03809fe4                vexStdlibVersionVerify
 .text.vexPrivateApiEnable
                0x0380a014       0x10 C:\Program Files (x86)\VEX Robotics\VEXcode Pro V5\sdk/vexv5\libv5rt.a(v5_apijump.c.obj)
                0x0380a014                vexPrivateApiEnable
 .text.vexStdlibMismatchError
                0x0380a024       0x3c C:\Program Files (x86)\VEX Robotics\VEXcode Pro V5\sdk/vexv5\libv5rt.a(v5_apijump.c.obj)
                0x0380a024                vexStdlibMismatchError
 .text.vexTaskAdd
                0x0380a060       0x10 C:\Program Files (x86)\VEX Robotics\VEXcode Pro V5\sdk/vexv5\libv5rt.a(v5_apijump.c.obj)
                0x0380a060                vexTaskAdd
 .text.vexTasksRun
                0x0380a070       0x10 C:\Program Files (x86)\VEX Robotics\VEXcode Pro V5\sdk/vexv5\libv5rt.a(v5_apijump.c.obj)
                0x0380a070                vexTasksRun
 .text.vexTaskYield
                0x0380a080       0x10 C:\Program Files (x86)\VEX Robotics\VEXcode Pro V5\sdk/vexv5\libv5rt.a(v5_apijump.c.obj)
                0x0380a080                vexTaskYield
 .text.vexTaskCheckTimeslice
                0x0380a090       0x10 C:\Program Files (x86)\VEX Robotics\VEXcode Pro V5\sdk/vexv5\libv5rt.a(v5_apijump.c.obj)
                0x0380a090                vexTaskCheckTimeslice
 .text.vexTaskSleep
                0x0380a0a0       0x10 C:\Program Files (x86)\VEX Robotics\VEXcode Pro V5\sdk/vexv5\libv5rt.a(v5_apijump.c.obj)
                0x0380a0a0                vexTaskSleep
 .text.vexTasksDump
                0x0380a0b0       0x1c C:\Program Files (x86)\VEX Robotics\VEXcode Pro V5\sdk/vexv5\libv5rt.a(v5_apijump.c.obj)
                0x0380a0b0                vexTasksDump
 .text.vexTaskGetTaskIndex
                0x0380a0cc       0x10 C:\Program Files (x86)\VEX Robotics\VEXcode Pro V5\sdk/vexv5\libv5rt.a(v5_apijump.c.obj)
                0x0380a0cc                vexTaskGetTaskIndex
 .text.vexTaskStopAll
                0x0380a0dc       0x10 C:\Program Files (x86)\VEX Robotics\VEXcode Pro V5\sdk/vexv5\libv5rt.a(v5_apijump.c.obj)
                0x0380a0dc                vexTaskStopAll
 .text.vexTaskRemoveAllUser
                0x0380a0ec       0x34 C:\Program Files (x86)\VEX Robotics\VEXcode Pro V5\sdk/vexv5\libv5rt.a(v5_apijump.c.obj)
                0x0380a0ec                vexTaskRemoveAllUser
 .text.vexTaskCompletionIdSet
                0x0380a120       0x10 C:\Program Files (x86)\VEX Robotics\VEXcode Pro V5\sdk/vexv5\libv5rt.a(v5_apijump.c.obj)
                0x0380a120                vexTaskCompletionIdSet
 .text.vexTaskStopWithId
                0x0380a130       0x10 C:\Program Files (x86)\VEX Robotics\VEXcode Pro V5\sdk/vexv5\libv5rt.a(v5_apijump.c.obj)
                0x0380a130                vexTaskStopWithId
 .text.vexCriticalSection
                0x0380a140       0x2c C:\Program Files (x86)\VEX Robotics\VEXcode Pro V5\sdk/vexv5\libv5rt.a(v5_apijump.c.obj)
                0x0380a140                vexCriticalSection
 .text.vexEventAdd
                0x0380a16c       0x34 C:\Program Files (x86)\VEX Robotics\VEXcode Pro V5\sdk/vexv5\libv5rt.a(v5_apijump.c.obj)
                0x0380a16c                vexEventAdd
 .text.vexEventUserIndexGet
                0x0380a1a0       0x1c C:\Program Files (x86)\VEX Robotics\VEXcode Pro V5\sdk/vexv5\libv5rt.a(v5_apijump.c.obj)
                0x0380a1a0                vexEventUserIndexGet
 .text.vexEventAddWithArg
                0x0380a1bc       0x3c C:\Program Files (x86)\VEX Robotics\VEXcode Pro V5\sdk/vexv5\libv5rt.a(v5_apijump.c.obj)
                0x0380a1bc                vexEventAddWithArg
 .text.vexEventsCleanup
                0x0380a1f8       0x2c C:\Program Files (x86)\VEX Robotics\VEXcode Pro V5\sdk/vexv5\libv5rt.a(v5_apijump.c.obj)
                0x0380a1f8                vexEventsCleanup
 .text.vexDebug
                0x0380a224       0x38 C:\Program Files (x86)\VEX Robotics\VEXcode Pro V5\sdk/vexv5\libv5rt.a(v5_apijump.c.obj)
                0x0380a224                vexDebug
 .text.vex_sprintf
                0x0380a25c       0x40 C:\Program Files (x86)\VEX Robotics\VEXcode Pro V5\sdk/vexv5\libv5rt.a(v5_apijump.c.obj)
                0x0380a25c                vex_sprintf
 .text.vex_vsnprintf
                0x0380a29c       0x3c C:\Program Files (x86)\VEX Robotics\VEXcode Pro V5\sdk/vexv5\libv5rt.a(v5_apijump.c.obj)
                0x0380a29c                vex_vsnprintf
 .text.vexSystemTimeGet
                0x0380a2d8       0x1c C:\Program Files (x86)\VEX Robotics\VEXcode Pro V5\sdk/vexv5\libv5rt.a(v5_apijump.c.obj)
                0x0380a2d8                vexSystemTimeGet
 .text.vexSystemExitRequest
                0x0380a2f4       0x1c C:\Program Files (x86)\VEX Robotics\VEXcode Pro V5\sdk/vexv5\libv5rt.a(v5_apijump.c.obj)
                0x0380a2f4                vexSystemExitRequest
 .text.vexDeviceGetByIndex
                0x0380a310       0x24 C:\Program Files (x86)\VEX Robotics\VEXcode Pro V5\sdk/vexv5\libv5rt.a(v5_apijump.c.obj)
                0x0380a310                vexDeviceGetByIndex
 .text.vexControllerGet
                0x0380a334       0x2c C:\Program Files (x86)\VEX Robotics\VEXcode Pro V5\sdk/vexv5\libv5rt.a(v5_apijump.c.obj)
                0x0380a334                vexControllerGet
 .text.vexControllerTextSet
                0x0380a360       0x74 C:\Program Files (x86)\VEX Robotics\VEXcode Pro V5\sdk/vexv5\libv5rt.a(v5_apijump.c.obj)
                0x0380a360                vexControllerTextSet
 .text.vexDeviceAdiPortConfigSet
                0x0380a3d4       0x34 C:\Program Files (x86)\VEX Robotics\VEXcode Pro V5\sdk/vexv5\libv5rt.a(v5_apijump.c.obj)
                0x0380a3d4                vexDeviceAdiPortConfigSet
 .text.vexDeviceAdiPortConfigGet
                0x0380a408       0x2c C:\Program Files (x86)\VEX Robotics\VEXcode Pro V5\sdk/vexv5\libv5rt.a(v5_apijump.c.obj)
                0x0380a408                vexDeviceAdiPortConfigGet
 .text.vexDeviceAdiValueSet
                0x0380a434       0x34 C:\Program Files (x86)\VEX Robotics\VEXcode Pro V5\sdk/vexv5\libv5rt.a(v5_apijump.c.obj)
                0x0380a434                vexDeviceAdiValueSet
 .text.vexDeviceAdiValueGet
                0x0380a468       0x2c C:\Program Files (x86)\VEX Robotics\VEXcode Pro V5\sdk/vexv5\libv5rt.a(v5_apijump.c.obj)
                0x0380a468                vexDeviceAdiValueGet
 .text.vexDeviceMotorVelocitySet
                0x0380a494       0x2c C:\Program Files (x86)\VEX Robotics\VEXcode Pro V5\sdk/vexv5\libv5rt.a(v5_apijump.c.obj)
                0x0380a494                vexDeviceMotorVelocitySet
 .text.vexDeviceMotorVoltageSet
                0x0380a4c0       0x2c C:\Program Files (x86)\VEX Robotics\VEXcode Pro V5\sdk/vexv5\libv5rt.a(v5_apijump.c.obj)
                0x0380a4c0                vexDeviceMotorVoltageSet
 .text.vexDeviceMotorVelocityGet
                0x0380a4ec       0x24 C:\Program Files (x86)\VEX Robotics\VEXcode Pro V5\sdk/vexv5\libv5rt.a(v5_apijump.c.obj)
                0x0380a4ec                vexDeviceMotorVelocityGet
 .text.vexDeviceMotorActualVelocityGet
                0x0380a510       0x24 C:\Program Files (x86)\VEX Robotics\VEXcode Pro V5\sdk/vexv5\libv5rt.a(v5_apijump.c.obj)
                0x0380a510                vexDeviceMotorActualVelocityGet
 .text.vexDeviceMotorDirectionGet
                0x0380a534       0x24 C:\Program Files (x86)\VEX Robotics\VEXcode Pro V5\sdk/vexv5\libv5rt.a(v5_apijump.c.obj)
                0x0380a534                vexDeviceMotorDirectionGet
 .text.vexDeviceMotorModeGet
                0x0380a558       0x24 C:\Program Files (x86)\VEX Robotics\VEXcode Pro V5\sdk/vexv5\libv5rt.a(v5_apijump.c.obj)
                0x0380a558                vexDeviceMotorModeGet
 .text.vexDeviceMotorZeroPositionFlagGet
                0x0380a57c       0x24 C:\Program Files (x86)\VEX Robotics\VEXcode Pro V5\sdk/vexv5\libv5rt.a(v5_apijump.c.obj)
                0x0380a57c                vexDeviceMotorZeroPositionFlagGet
 .text.vexDeviceMotorReverseFlagSet
                0x0380a5a0       0x2c C:\Program Files (x86)\VEX Robotics\VEXcode Pro V5\sdk/vexv5\libv5rt.a(v5_apijump.c.obj)
                0x0380a5a0                vexDeviceMotorReverseFlagSet
 .text.vexDeviceMotorEncoderUnitsSet
                0x0380a5cc       0x2c C:\Program Files (x86)\VEX Robotics\VEXcode Pro V5\sdk/vexv5\libv5rt.a(v5_apijump.c.obj)
                0x0380a5cc                vexDeviceMotorEncoderUnitsSet
 .text.vexDeviceMotorBrakeModeSet
                0x0380a5f8       0x2c C:\Program Files (x86)\VEX Robotics\VEXcode Pro V5\sdk/vexv5\libv5rt.a(v5_apijump.c.obj)
                0x0380a5f8                vexDeviceMotorBrakeModeSet
 .text.vexDeviceMotorPositionSet
                0x0380a624       0x34 C:\Program Files (x86)\VEX Robotics\VEXcode Pro V5\sdk/vexv5\libv5rt.a(v5_apijump.c.obj)
                0x0380a624                vexDeviceMotorPositionSet
 .text.vexDeviceMotorPositionGet
                0x0380a658       0x24 C:\Program Files (x86)\VEX Robotics\VEXcode Pro V5\sdk/vexv5\libv5rt.a(v5_apijump.c.obj)
                0x0380a658                vexDeviceMotorPositionGet
 .text.vexDeviceMotorRelativeTargetSet
                0x0380a67c       0x3c C:\Program Files (x86)\VEX Robotics\VEXcode Pro V5\sdk/vexv5\libv5rt.a(v5_apijump.c.obj)
                0x0380a67c                vexDeviceMotorRelativeTargetSet
 .text.vexDeviceMotorGearingSet
                0x0380a6b8       0x2c C:\Program Files (x86)\VEX Robotics\VEXcode Pro V5\sdk/vexv5\libv5rt.a(v5_apijump.c.obj)
                0x0380a6b8                vexDeviceMotorGearingSet
 .text.vexDeviceMotorGearingGet
                0x0380a6e4       0x24 C:\Program Files (x86)\VEX Robotics\VEXcode Pro V5\sdk/vexv5\libv5rt.a(v5_apijump.c.obj)
                0x0380a6e4                vexDeviceMotorGearingGet
 .text.vexDeviceImuReset
                0x0380a708       0x24 C:\Program Files (x86)\VEX Robotics\VEXcode Pro V5\sdk/vexv5\libv5rt.a(v5_apijump.c.obj)
                0x0380a708                vexDeviceImuReset
 .text.vexDeviceImuHeadingGet
                0x0380a72c       0x24 C:\Program Files (x86)\VEX Robotics\VEXcode Pro V5\sdk/vexv5\libv5rt.a(v5_apijump.c.obj)
                0x0380a72c                vexDeviceImuHeadingGet
 .text.vexDeviceImuDegreesGet
                0x0380a750       0x24 C:\Program Files (x86)\VEX Robotics\VEXcode Pro V5\sdk/vexv5\libv5rt.a(v5_apijump.c.obj)
                0x0380a750                vexDeviceImuDegreesGet
 .text.vexDeviceImuStatusGet
                0x0380a774       0x24 C:\Program Files (x86)\VEX Robotics\VEXcode Pro V5\sdk/vexv5\libv5rt.a(v5_apijump.c.obj)
                0x0380a774                vexDeviceImuStatusGet
 .text.vexDeviceAbsEncAngleGet
                0x0380a798       0x24 C:\Program Files (x86)\VEX Robotics\VEXcode Pro V5\sdk/vexv5\libv5rt.a(v5_apijump.c.obj)
                0x0380a798                vexDeviceAbsEncAngleGet
 .text.vexDeviceAbsEncReverseFlagSet
                0x0380a7bc       0x2c C:\Program Files (x86)\VEX Robotics\VEXcode Pro V5\sdk/vexv5\libv5rt.a(v5_apijump.c.obj)
                0x0380a7bc                vexDeviceAbsEncReverseFlagSet
 .text.vexDeviceOpticalHueGet
                0x0380a7e8       0x24 C:\Program Files (x86)\VEX Robotics\VEXcode Pro V5\sdk/vexv5\libv5rt.a(v5_apijump.c.obj)
                0x0380a7e8                vexDeviceOpticalHueGet
 .text.vexDeviceOpticalProximityGet
                0x0380a80c       0x24 C:\Program Files (x86)\VEX Robotics\VEXcode Pro V5\sdk/vexv5\libv5rt.a(v5_apijump.c.obj)
                0x0380a80c                vexDeviceOpticalProximityGet
 .text.vexDeviceOpticalGestureEnable
                0x0380a830       0x24 C:\Program Files (x86)\VEX Robotics\VEXcode Pro V5\sdk/vexv5\libv5rt.a(v5_apijump.c.obj)
                0x0380a830                vexDeviceOpticalGestureEnable
 .text.vexDeviceOpticalGestureDisable
                0x0380a854       0x24 C:\Program Files (x86)\VEX Robotics\VEXcode Pro V5\sdk/vexv5\libv5rt.a(v5_apijump.c.obj)
                0x0380a854                vexDeviceOpticalGestureDisable
 .text.vexDeviceOpticalProximityThreshold
                0x0380a878       0x2c C:\Program Files (x86)\VEX Robotics\VEXcode Pro V5\sdk/vexv5\libv5rt.a(v5_apijump.c.obj)
                0x0380a878                vexDeviceOpticalProximityThreshold
 .text.vexDisplayForegroundColor
                0x0380a8a4       0x24 C:\Program Files (x86)\VEX Robotics\VEXcode Pro V5\sdk/vexv5\libv5rt.a(v5_apijump.c.obj)
                0x0380a8a4                vexDisplayForegroundColor
 .text.vexDisplayBackgroundColor
                0x0380a8c8       0x24 C:\Program Files (x86)\VEX Robotics\VEXcode Pro V5\sdk/vexv5\libv5rt.a(v5_apijump.c.obj)
                0x0380a8c8                vexDisplayBackgroundColor
 .text.vexDisplayPixelSet
                0x0380a8ec       0x38 C:\Program Files (x86)\VEX Robotics\VEXcode Pro V5\sdk/vexv5\libv5rt.a(v5_apijump.c.obj)
                0x0380a8ec                vexDisplayPixelSet
 .text.vexDisplayLineDraw
                0x0380a924       0x4c C:\Program Files (x86)\VEX Robotics\VEXcode Pro V5\sdk/vexv5\libv5rt.a(v5_apijump.c.obj)
                0x0380a924                vexDisplayLineDraw
 .text.vexDisplayRectDraw
                0x0380a970       0x4c C:\Program Files (x86)\VEX Robotics\VEXcode Pro V5\sdk/vexv5\libv5rt.a(v5_apijump.c.obj)
                0x0380a970                vexDisplayRectDraw
 .text.vexDisplayRectClear
                0x0380a9bc       0x4c C:\Program Files (x86)\VEX Robotics\VEXcode Pro V5\sdk/vexv5\libv5rt.a(v5_apijump.c.obj)
                0x0380a9bc                vexDisplayRectClear
 .text.vexDisplayCircleDraw
                0x0380aa08       0x40 C:\Program Files (x86)\VEX Robotics\VEXcode Pro V5\sdk/vexv5\libv5rt.a(v5_apijump.c.obj)
                0x0380aa08                vexDisplayCircleDraw
 .text.vexDisplayCircleClear
                0x0380aa48       0x40 C:\Program Files (x86)\VEX Robotics\VEXcode Pro V5\sdk/vexv5\libv5rt.a(v5_apijump.c.obj)
                0x0380aa48                vexDisplayCircleClear
 .text.vexDisplayVPrintf
                0x0380aa88       0x50 C:\Program Files (x86)\VEX Robotics\VEXcode Pro V5\sdk/vexv5\libv5rt.a(v5_apijump.c.obj)
                0x0380aa88                vexDisplayVPrintf
 .text.vexDisplayTextReference
                0x0380aad8       0x24 C:\Program Files (x86)\VEX Robotics\VEXcode Pro V5\sdk/vexv5\libv5rt.a(v5_apijump.c.obj)
                0x0380aad8                vexDisplayTextReference
 .text.vexDisplayTextSize
                0x0380aafc       0x2c C:\Program Files (x86)\VEX Robotics\VEXcode Pro V5\sdk/vexv5\libv5rt.a(v5_apijump.c.obj)
                0x0380aafc                vexDisplayTextSize
 .text.vexDisplayFontNamedSet
                0x0380ab28       0x24 C:\Program Files (x86)\VEX Robotics\VEXcode Pro V5\sdk/vexv5\libv5rt.a(v5_apijump.c.obj)
                0x0380ab28                vexDisplayFontNamedSet
 .text.vexDisplayStringWidthGet
                0x0380ab4c       0x24 C:\Program Files (x86)\VEX Robotics\VEXcode Pro V5\sdk/vexv5\libv5rt.a(v5_apijump.c.obj)
                0x0380ab4c                vexDisplayStringWidthGet
 .text.vexDisplayPenSizeSet
                0x0380ab70       0x24 C:\Program Files (x86)\VEX Robotics\VEXcode Pro V5\sdk/vexv5\libv5rt.a(v5_apijump.c.obj)
                0x0380ab70                vexDisplayPenSizeSet
 .text.vexDisplayPenSizeGet
                0x0380ab94       0x1c C:\Program Files (x86)\VEX Robotics\VEXcode Pro V5\sdk/vexv5\libv5rt.a(v5_apijump.c.obj)
                0x0380ab94                vexDisplayPenSizeGet
 .text.vexSystemStdlibImpureDataAddr
                0x0380abb0       0x28 C:\Program Files (x86)\VEX Robotics\VEXcode Pro V5\sdk/vexv5\libv5rt.a(v5_apijump.c.obj)
                0x0380abb0                vexSystemStdlibImpureDataAddr
 .text.vexSystemStdlibImpureDataSize
                0x0380abd8       0x28 C:\Program Files (x86)\VEX Robotics\VEXcode Pro V5\sdk/vexv5\libv5rt.a(v5_apijump.c.obj)
                0x0380abd8                vexSystemStdlibImpureDataSize
 .text.vexSystemSaveUserData
                0x0380ac00       0x3c C:\Program Files (x86)\VEX Robotics\VEXcode Pro V5\sdk/vexv5\libv5rt.a(v5_apijump.c.obj)
                0x0380ac00                vexSystemSaveUserData
 .text.vexTouchDataGet
                0x0380ac3c       0x10 C:\Program Files (x86)\VEX Robotics\VEXcode Pro V5\sdk/vexv5\libv5rt.a(v5_apijump.c.obj)
                0x0380ac3c                vexTouchDataGet
 .text.vexDisplayThemeIdGet
                0x0380ac4c       0x38 C:\Program Files (x86)\VEX Robotics\VEXcode Pro V5\sdk/vexv5\libv5rt.a(v5_apijump.c.obj)
                0x0380ac4c                vexDisplayThemeIdGet
 .text.vexCompetitionStatus
                0x0380ac84       0x1c C:\Program Files (x86)\VEX Robotics\VEXcode Pro V5\sdk/vexv5\libv5rt.a(v5_apijump.c.obj)
                0x0380ac84                vexCompetitionStatus
 .text.vexDeviceEventMaskSet
                0x0380aca0       0x48 C:\Program Files (x86)\VEX Robotics\VEXcode Pro V5\sdk/vexv5\libv5rt.a(v5_apijump.c.obj)
                0x0380aca0                vexDeviceEventMaskSet
 .text.vexDeviceEventMaskGet
                0x0380ace8       0x3c C:\Program Files (x86)\VEX Robotics\VEXcode Pro V5\sdk/vexv5\libv5rt.a(v5_apijump.c.obj)
                0x0380ace8                vexDeviceEventMaskGet
 .text.vexSystemVersion
                0x0380ad24       0x10 C:\Program Files (x86)\VEX Robotics\VEXcode Pro V5\sdk/vexv5\libv5rt.a(v5_apiversions.c.obj)
                0x0380ad24                vexSystemVersion
 .text.vexStdlibVersion
                0x0380ad34       0x10 C:\Program Files (x86)\VEX Robotics\VEXcode Pro V5\sdk/vexv5\libv5rt.a(v5_apiversions.c.obj)
                0x0380ad34                vexStdlibVersion
 *fill*         0x0380ad44        0x4 
 .text._ZN3vex4waitEdNS_9timeUnitsE
                0x0380ad48       0x30 C:\Program Files (x86)\VEX Robotics\VEXcode Pro V5\sdk/vexv5\libv5rt.a(vex_global.cpp.obj)
                0x0380ad48                vex::wait(double, vex::timeUnits)
 .text._ZN3vex5motorD2Ev
                0x0380ad78       0x20 C:\Program Files (x86)\VEX Robotics\VEXcode Pro V5\sdk/vexv5\libv5rt.a(vex_motor.cpp.obj)
                0x0380ad78                vex::motor::~motor()
                0x0380ad78                vex::motor::~motor()
 .text._ZN3vex5motorD0Ev
                0x0380ad98       0x1c C:\Program Files (x86)\VEX Robotics\VEXcode Pro V5\sdk/vexv5\libv5rt.a(vex_motor.cpp.obj)
                0x0380ad98                vex::motor::~motor()
 .text._ZN3vex5motor9installedEv
                0x0380adb4       0x18 C:\Program Files (x86)\VEX Robotics\VEXcode Pro V5\sdk/vexv5\libv5rt.a(vex_motor.cpp.obj)
                0x0380adb4                vex::motor::installed()
 .text._ZN3vex5motor15defaultStoppingENS_9brakeTypeE
                0x0380adcc       0x30 C:\Program Files (x86)\VEX Robotics\VEXcode Pro V5\sdk/vexv5\libv5rt.a(vex_motor.cpp.obj)
                0x0380adcc                vex::motor::defaultStopping(vex::brakeType)
 .text._ZN3vex5motorC2El
                0x0380adfc       0x78 C:\Program Files (x86)\VEX Robotics\VEXcode Pro V5\sdk/vexv5\libv5rt.a(vex_motor.cpp.obj)
                0x0380adfc                vex::motor::motor(long)
                0x0380adfc                vex::motor::motor(long)
 .text._ZN3vex5motorC2ElNS_11gearSettingEb
                0x0380ae74       0x34 C:\Program Files (x86)\VEX Robotics\VEXcode Pro V5\sdk/vexv5\libv5rt.a(vex_motor.cpp.obj)
                0x0380ae74                vex::motor::motor(long, vex::gearSetting, bool)
                0x0380ae74                vex::motor::motor(long, vex::gearSetting, bool)
 .text._ZN3vex5motor4spinENS_13directionTypeEdNS_12voltageUnitsE
                0x0380aea8       0x50 C:\Program Files (x86)\VEX Robotics\VEXcode Pro V5\sdk/vexv5\libv5rt.a(vex_motor.cpp.obj)
                0x0380aea8                vex::motor::spin(vex::directionType, double, vex::voltageUnits)
 .text._ZN3vex5motor14isSpinningModeEv
                0x0380aef8       0x48 C:\Program Files (x86)\VEX Robotics\VEXcode Pro V5\sdk/vexv5\libv5rt.a(vex_motor.cpp.obj)
                0x0380aef8                vex::motor::isSpinningMode()
 .text._ZN3vex5motor4stopENS_9brakeTypeE
                0x0380af40       0x30 C:\Program Files (x86)\VEX Robotics\VEXcode Pro V5\sdk/vexv5\libv5rt.a(vex_motor.cpp.obj)
                0x0380af40                vex::motor::stop(vex::brakeType)
 .text._ZN3vex5motor4stopEv
                0x0380af70        0x8 C:\Program Files (x86)\VEX Robotics\VEXcode Pro V5\sdk/vexv5\libv5rt.a(vex_motor.cpp.obj)
                0x0380af70                vex::motor::stop()
 .text._ZN3vex5motor9directionEv
                0x0380af78       0x2c C:\Program Files (x86)\VEX Robotics\VEXcode Pro V5\sdk/vexv5\libv5rt.a(vex_motor.cpp.obj)
                0x0380af78                vex::motor::direction()
 .text._ZN3vex5motor16velocityToScaledEdNS_13velocityUnitsE
                0x0380afa4       0x5c C:\Program Files (x86)\VEX Robotics\VEXcode Pro V5\sdk/vexv5\libv5rt.a(vex_motor.cpp.obj)
                0x0380afa4                vex::motor::velocityToScaled(double, vex::velocityUnits)
 .text._ZN3vex5motor8velocityENS_13velocityUnitsE
                0x0380b000       0x30 C:\Program Files (x86)\VEX Robotics\VEXcode Pro V5\sdk/vexv5\libv5rt.a(vex_motor.cpp.obj)
                0x0380b000                vex::motor::velocity(vex::velocityUnits)
 .text._ZN3vex5motor5valueEv
                0x0380b030       0x1c C:\Program Files (x86)\VEX Robotics\VEXcode Pro V5\sdk/vexv5\libv5rt.a(vex_motor.cpp.obj)
                0x0380b030                vex::motor::value()
 .text._ZN3vex5motor16scaledToVelocityEdNS_13velocityUnitsE
                0x0380b04c       0xa4 C:\Program Files (x86)\VEX Robotics\VEXcode Pro V5\sdk/vexv5\libv5rt.a(vex_motor.cpp.obj)
                0x0380b04c                vex::motor::scaledToVelocity(double, vex::velocityUnits)
 .text._ZN3vex5motor4spinENS_13directionTypeEdNS_13velocityUnitsE
                0x0380b0f0       0x5c C:\Program Files (x86)\VEX Robotics\VEXcode Pro V5\sdk/vexv5\libv5rt.a(vex_motor.cpp.obj)
                0x0380b0f0                vex::motor::spin(vex::directionType, double, vex::velocityUnits)
 .text._ZN3vex5motor4spinENS_13directionTypeE
                0x0380b14c       0x28 C:\Program Files (x86)\VEX Robotics\VEXcode Pro V5\sdk/vexv5\libv5rt.a(vex_motor.cpp.obj)
                0x0380b14c                vex::motor::spin(vex::directionType)
 .text._ZN3vex5motor16setRotationUnitsENS_13rotationUnitsE
                0x0380b174       0x1c C:\Program Files (x86)\VEX Robotics\VEXcode Pro V5\sdk/vexv5\libv5rt.a(vex_motor.cpp.obj)
                0x0380b174                vex::motor::setRotationUnits(vex::rotationUnits)
 .text._ZN3vex5motor9rotateForEdNS_13rotationUnitsEdNS_13velocityUnitsEb
                0x0380b190       0xf4 C:\Program Files (x86)\VEX Robotics\VEXcode Pro V5\sdk/vexv5\libv5rt.a(vex_motor.cpp.obj)
                0x0380b190                vex::motor::rotateFor(double, vex::rotationUnits, double, vex::velocityUnits, bool)
 .text._ZN3vex5motor7spinForENS_13directionTypeEdNS_13rotationUnitsEb
                0x0380b284       0x3c C:\Program Files (x86)\VEX Robotics\VEXcode Pro V5\sdk/vexv5\libv5rt.a(vex_motor.cpp.obj)
                0x0380b284                vex::motor::spinFor(vex::directionType, double, vex::rotationUnits, bool)
 .text._ZN3vex5motor8rotationENS_13rotationUnitsE
                0x0380b2c0       0x44 C:\Program Files (x86)\VEX Robotics\VEXcode Pro V5\sdk/vexv5\libv5rt.a(vex_motor.cpp.obj)
                0x0380b2c0                vex::motor::rotation(vex::rotationUnits)
 .text._ZN3vex5motor8positionENS_13rotationUnitsE
                0x0380b304        0x4 C:\Program Files (x86)\VEX Robotics\VEXcode Pro V5\sdk/vexv5\libv5rt.a(vex_motor.cpp.obj)
                0x0380b304                vex::motor::position(vex::rotationUnits)
 .text._ZN3vex8inertial11getTurnTypeEv
                0x0380b308        0x8 C:\Program Files (x86)\VEX Robotics\VEXcode Pro V5\sdk/vexv5\libv5rt.a(vex_imu.cpp.obj)
                0x0380b308                vex::inertial::getTurnType()
 .text._ZThn16_N3vex8inertial11getTurnTypeEv
                0x0380b310        0x8 C:\Program Files (x86)\VEX Robotics\VEXcode Pro V5\sdk/vexv5\libv5rt.a(vex_imu.cpp.obj)
                0x0380b310                non-virtual thunk to vex::inertial::getTurnType()
 .text._ZN3vex8inertial10setHeadingEdNS_13rotationUnitsE
                0x0380b318       0x58 C:\Program Files (x86)\VEX Robotics\VEXcode Pro V5\sdk/vexv5\libv5rt.a(vex_imu.cpp.obj)
                0x0380b318                vex::inertial::setHeading(double, vex::rotationUnits)
 .text._ZThn16_N3vex8inertial10setHeadingEdNS_13rotationUnitsE
                0x0380b370        0x8 C:\Program Files (x86)\VEX Robotics\VEXcode Pro V5\sdk/vexv5\libv5rt.a(vex_imu.cpp.obj)
                0x0380b370                non-virtual thunk to vex::inertial::setHeading(double, vex::rotationUnits)
 .text._ZN3vex8inertial11setRotationEdNS_13rotationUnitsE
                0x0380b378       0x58 C:\Program Files (x86)\VEX Robotics\VEXcode Pro V5\sdk/vexv5\libv5rt.a(vex_imu.cpp.obj)
                0x0380b378                vex::inertial::setRotation(double, vex::rotationUnits)
 .text._ZThn16_N3vex8inertial11setRotationEdNS_13rotationUnitsE
                0x0380b3d0        0x8 C:\Program Files (x86)\VEX Robotics\VEXcode Pro V5\sdk/vexv5\libv5rt.a(vex_imu.cpp.obj)
                0x0380b3d0                non-virtual thunk to vex::inertial::setRotation(double, vex::rotationUnits)
 .text._ZN3vex8inertialD2Ev
                0x0380b3d8       0x20 C:\Program Files (x86)\VEX Robotics\VEXcode Pro V5\sdk/vexv5\libv5rt.a(vex_imu.cpp.obj)
                0x0380b3d8                vex::inertial::~inertial()
                0x0380b3d8                vex::inertial::~inertial()
 .text._ZThn16_N3vex8inertialD1Ev
                0x0380b3f8        0x8 C:\Program Files (x86)\VEX Robotics\VEXcode Pro V5\sdk/vexv5\libv5rt.a(vex_imu.cpp.obj)
                0x0380b3f8                non-virtual thunk to vex::inertial::~inertial()
 .text._ZN3vex8inertialD0Ev
                0x0380b400       0x1c C:\Program Files (x86)\VEX Robotics\VEXcode Pro V5\sdk/vexv5\libv5rt.a(vex_imu.cpp.obj)
                0x0380b400                vex::inertial::~inertial()
 .text._ZThn16_N3vex8inertialD0Ev
                0x0380b41c        0x8 C:\Program Files (x86)\VEX Robotics\VEXcode Pro V5\sdk/vexv5\libv5rt.a(vex_imu.cpp.obj)
                0x0380b41c                non-virtual thunk to vex::inertial::~inertial()
 .text._ZN3vex8inertial9installedEv
                0x0380b424       0x18 C:\Program Files (x86)\VEX Robotics\VEXcode Pro V5\sdk/vexv5\libv5rt.a(vex_imu.cpp.obj)
                0x0380b424                vex::inertial::installed()
 .text._ZN3vex8inertial5angleENS_13rotationUnitsE
                0x0380b43c       0x6c C:\Program Files (x86)\VEX Robotics\VEXcode Pro V5\sdk/vexv5\libv5rt.a(vex_imu.cpp.obj)
                0x0380b43c                vex::inertial::angle(vex::rotationUnits)
 .text._ZThn16_N3vex8inertial5angleENS_13rotationUnitsE
                0x0380b4a8        0x8 C:\Program Files (x86)\VEX Robotics\VEXcode Pro V5\sdk/vexv5\libv5rt.a(vex_imu.cpp.obj)
                0x0380b4a8                non-virtual thunk to vex::inertial::angle(vex::rotationUnits)
 .text._ZN3vex8inertial7headingENS_13rotationUnitsE
                0x0380b4b0        0x4 C:\Program Files (x86)\VEX Robotics\VEXcode Pro V5\sdk/vexv5\libv5rt.a(vex_imu.cpp.obj)
                0x0380b4b0                vex::inertial::heading(vex::rotationUnits)
 .text._ZThn16_N3vex8inertial7headingENS_13rotationUnitsE
                0x0380b4b4        0x8 C:\Program Files (x86)\VEX Robotics\VEXcode Pro V5\sdk/vexv5\libv5rt.a(vex_imu.cpp.obj)
                0x0380b4b4                non-virtual thunk to vex::inertial::heading(vex::rotationUnits)
 .text._ZN3vex8inertial5valueEv
                0x0380b4bc       0x1c C:\Program Files (x86)\VEX Robotics\VEXcode Pro V5\sdk/vexv5\libv5rt.a(vex_imu.cpp.obj)
                0x0380b4bc                vex::inertial::value()
 .text._ZN3vex8inertial8rotationENS_13rotationUnitsE
                0x0380b4d8       0x48 C:\Program Files (x86)\VEX Robotics\VEXcode Pro V5\sdk/vexv5\libv5rt.a(vex_imu.cpp.obj)
                0x0380b4d8                vex::inertial::rotation(vex::rotationUnits)
 .text._ZThn16_N3vex8inertial8rotationENS_13rotationUnitsE
                0x0380b520        0x8 C:\Program Files (x86)\VEX Robotics\VEXcode Pro V5\sdk/vexv5\libv5rt.a(vex_imu.cpp.obj)
                0x0380b520                non-virtual thunk to vex::inertial::rotation(vex::rotationUnits)
 .text._ZN3vex8inertial13isCalibratingEv
                0x0380b528       0x38 C:\Program Files (x86)\VEX Robotics\VEXcode Pro V5\sdk/vexv5\libv5rt.a(vex_imu.cpp.obj)
                0x0380b528                vex::inertial::isCalibrating()
 .text._ZThn16_N3vex8inertial13isCalibratingEv
                0x0380b560        0x8 C:\Program Files (x86)\VEX Robotics\VEXcode Pro V5\sdk/vexv5\libv5rt.a(vex_imu.cpp.obj)
                0x0380b560                non-virtual thunk to vex::inertial::isCalibrating()
 .text._ZN3vex8inertialC2ElNS_8turnTypeE
                0x0380b568       0x4c C:\Program Files (x86)\VEX Robotics\VEXcode Pro V5\sdk/vexv5\libv5rt.a(vex_imu.cpp.obj)
                0x0380b568                vex::inertial::inertial(long, vex::turnType)
                0x0380b568                vex::inertial::inertial(long, vex::turnType)
 .text._ZN3vex8inertial16startCalibrationEl
                0x0380b5b4       0x20 C:\Program Files (x86)\VEX Robotics\VEXcode Pro V5\sdk/vexv5\libv5rt.a(vex_imu.cpp.obj)
                0x0380b5b4                vex::inertial::startCalibration(long)
 .text._ZN3vex8inertial9calibrateEl
                0x0380b5d4        0xc C:\Program Files (x86)\VEX Robotics\VEXcode Pro V5\sdk/vexv5\libv5rt.a(vex_imu.cpp.obj)
                0x0380b5d4                vex::inertial::calibrate(long)
                0x0380b5d8                non-virtual thunk to vex::inertial::calibrate(long)
 .text._ZN3vex8rotationD2Ev
                0x0380b5e0       0x20 C:\Program Files (x86)\VEX Robotics\VEXcode Pro V5\sdk/vexv5\libv5rt.a(vex_rotation.cpp.obj)
                0x0380b5e0                vex::rotation::~rotation()
                0x0380b5e0                vex::rotation::~rotation()
 .text._ZN3vex8rotationD0Ev
                0x0380b600       0x1c C:\Program Files (x86)\VEX Robotics\VEXcode Pro V5\sdk/vexv5\libv5rt.a(vex_rotation.cpp.obj)
                0x0380b600                vex::rotation::~rotation()
 .text._ZN3vex8rotation9installedEv
                0x0380b61c       0x18 C:\Program Files (x86)\VEX Robotics\VEXcode Pro V5\sdk/vexv5\libv5rt.a(vex_rotation.cpp.obj)
                0x0380b61c                vex::rotation::installed()
 .text._ZN3vex8rotation5valueEv
                0x0380b634        0x8 C:\Program Files (x86)\VEX Robotics\VEXcode Pro V5\sdk/vexv5\libv5rt.a(vex_rotation.cpp.obj)
                0x0380b634                vex::rotation::value()
 .text._ZN3vex8rotationC2Elb
                0x0380b63c       0x30 C:\Program Files (x86)\VEX Robotics\VEXcode Pro V5\sdk/vexv5\libv5rt.a(vex_rotation.cpp.obj)
                0x0380b63c                vex::rotation::rotation(long, bool)
                0x0380b63c                vex::rotation::rotation(long, bool)
 *fill*         0x0380b66c        0x4 
 .text._ZN3vex8rotation5angleENS_13rotationUnitsE
                0x0380b670       0x50 C:\Program Files (x86)\VEX Robotics\VEXcode Pro V5\sdk/vexv5\libv5rt.a(vex_rotation.cpp.obj)
                0x0380b670                vex::rotation::angle(vex::rotationUnits)
 .text._ZN3vex7opticalD2Ev
                0x0380b6c0       0x20 C:\Program Files (x86)\VEX Robotics\VEXcode Pro V5\sdk/vexv5\libv5rt.a(vex_optical.cpp.obj)
                0x0380b6c0                vex::optical::~optical()
                0x0380b6c0                vex::optical::~optical()
 .text._ZN3vex7opticalD0Ev
                0x0380b6e0       0x1c C:\Program Files (x86)\VEX Robotics\VEXcode Pro V5\sdk/vexv5\libv5rt.a(vex_optical.cpp.obj)
                0x0380b6e0                vex::optical::~optical()
 .text._ZN3vex7optical9installedEv
                0x0380b6fc       0x18 C:\Program Files (x86)\VEX Robotics\VEXcode Pro V5\sdk/vexv5\libv5rt.a(vex_optical.cpp.obj)
                0x0380b6fc                vex::optical::installed()
 .text._ZN3vex7optical3hueEv
                0x0380b714        0x8 C:\Program Files (x86)\VEX Robotics\VEXcode Pro V5\sdk/vexv5\libv5rt.a(vex_optical.cpp.obj)
                0x0380b714                vex::optical::hue()
 .text._ZN3vex7optical5valueEv
                0x0380b71c       0x18 C:\Program Files (x86)\VEX Robotics\VEXcode Pro V5\sdk/vexv5\libv5rt.a(vex_optical.cpp.obj)
                0x0380b71c                vex::optical::value()
 .text._ZN3vex7optical12isNearObjectEv
                0x0380b734       0x24 C:\Program Files (x86)\VEX Robotics\VEXcode Pro V5\sdk/vexv5\libv5rt.a(vex_optical.cpp.obj)
                0x0380b734                vex::optical::isNearObject()
 .text._ZN3vex7optical13gestureEnableEv
                0x0380b758        0x8 C:\Program Files (x86)\VEX Robotics\VEXcode Pro V5\sdk/vexv5\libv5rt.a(vex_optical.cpp.obj)
                0x0380b758                vex::optical::gestureEnable()
 .text._ZN3vex7optical14gestureDisableEv
                0x0380b760        0x8 C:\Program Files (x86)\VEX Robotics\VEXcode Pro V5\sdk/vexv5\libv5rt.a(vex_optical.cpp.obj)
                0x0380b760                vex::optical::gestureDisable()
 .text._ZN3vex7opticalC2Elb
                0x0380b768       0x54 C:\Program Files (x86)\VEX Robotics\VEXcode Pro V5\sdk/vexv5\libv5rt.a(vex_optical.cpp.obj)
                0x0380b768                vex::optical::optical(long, bool)
                0x0380b768                vex::optical::optical(long, bool)
 .text._ZN3vex10controllerD2Ev
                0x0380b7bc        0x4 C:\Program Files (x86)\VEX Robotics\VEXcode Pro V5\sdk/vexv5\libv5rt.a(vex_controller.cpp.obj)
                0x0380b7bc                vex::controller::~controller()
                0x0380b7bc                vex::controller::~controller()
 .text._ZN3vex10controller5valueE19_V5_ControllerIndex
                0x0380b7c0        0x8 C:\Program Files (x86)\VEX Robotics\VEXcode Pro V5\sdk/vexv5\libv5rt.a(vex_controller.cpp.obj)
                0x0380b7c0                vex::controller::value(_V5_ControllerIndex)
 .text._ZN3vex10controller6rumbleEPKc
                0x0380b7c8       0x4c C:\Program Files (x86)\VEX Robotics\VEXcode Pro V5\sdk/vexv5\libv5rt.a(vex_controller.cpp.obj)
                0x0380b7c8                vex::controller::rumble(char const*)
 .text._ZNK3vex10controller6button8pressingEv
                0x0380b814       0xc8 C:\Program Files (x86)\VEX Robotics\VEXcode Pro V5\sdk/vexv5\libv5rt.a(vex_controller.cpp.obj)
                0x0380b814                vex::controller::button::pressing() const
 .text._ZNK3vex10controller6button7pressedEPFvvE
                0x0380b8dc      0x108 C:\Program Files (x86)\VEX Robotics\VEXcode Pro V5\sdk/vexv5\libv5rt.a(vex_controller.cpp.obj)
                0x0380b8dc                vex::controller::button::pressed(void (*)()) const
 .text._ZNK3vex10controller6button8releasedEPFvvE
                0x0380b9e4      0x108 C:\Program Files (x86)\VEX Robotics\VEXcode Pro V5\sdk/vexv5\libv5rt.a(vex_controller.cpp.obj)
                0x0380b9e4                vex::controller::button::released(void (*)()) const
 .text._ZNK3vex10controller6button21_buttonToPressedEventEv
                0x0380baec       0x20 C:\Program Files (x86)\VEX Robotics\VEXcode Pro V5\sdk/vexv5\libv5rt.a(vex_controller.cpp.obj)
                0x0380baec                vex::controller::button::_buttonToPressedEvent() const
 .text._ZNK3vex10controller6button22_buttonToReleasedEventEv
                0x0380bb0c       0x20 C:\Program Files (x86)\VEX Robotics\VEXcode Pro V5\sdk/vexv5\libv5rt.a(vex_controller.cpp.obj)
                0x0380bb0c                vex::controller::button::_buttonToReleasedEvent() const
 .text._ZN3vex10controller6buttonC2ENS0_11tButtonTypeEPS0_
                0x0380bb2c       0x48 C:\Program Files (x86)\VEX Robotics\VEXcode Pro V5\sdk/vexv5\libv5rt.a(vex_controller.cpp.obj)
                0x0380bb2c                vex::controller::button::button(vex::controller::tButtonType, vex::controller*)
                0x0380bb2c                vex::controller::button::button(vex::controller::tButtonType, vex::controller*)
 .text._ZNK3vex10controller4axis5valueEv
                0x0380bb74       0x58 C:\Program Files (x86)\VEX Robotics\VEXcode Pro V5\sdk/vexv5\libv5rt.a(vex_controller.cpp.obj)
                0x0380bb74                vex::controller::axis::value() const
 .text._ZNK3vex10controller4axis23_joystickToChangedEventEv
                0x0380bbcc       0x20 C:\Program Files (x86)\VEX Robotics\VEXcode Pro V5\sdk/vexv5\libv5rt.a(vex_controller.cpp.obj)
                0x0380bbcc                vex::controller::axis::_joystickToChangedEvent() const
 .text._ZN3vex10controller4axisC2ENS0_9tAxisTypeEPS0_
                0x0380bbec       0x2c C:\Program Files (x86)\VEX Robotics\VEXcode Pro V5\sdk/vexv5\libv5rt.a(vex_controller.cpp.obj)
                0x0380bbec                vex::controller::axis::axis(vex::controller::tAxisType, vex::controller*)
                0x0380bbec                vex::controller::axis::axis(vex::controller::tAxisType, vex::controller*)
 .text._ZN3vex10controllerC2ENS_14controllerTypeE
                0x0380bc18      0x16c C:\Program Files (x86)\VEX Robotics\VEXcode Pro V5\sdk/vexv5\libv5rt.a(vex_controller.cpp.obj)
                0x0380bc18                vex::controller::controller(vex::controllerType)
                0x0380bc18                vex::controller::controller(vex::controllerType)
 .text._ZN3vex10controller3lcd15getControllerIdEv
                0x0380bd84       0x10 C:\Program Files (x86)\VEX Robotics\VEXcode Pro V5\sdk/vexv5\libv5rt.a(vex_controller.cpp.obj)
                0x0380bd84                vex::controller::lcd::getControllerId()
 .text._ZN3vex10controller3lcd9setCursorEll
                0x0380bd94       0x40 C:\Program Files (x86)\VEX Robotics\VEXcode Pro V5\sdk/vexv5\libv5rt.a(vex_controller.cpp.obj)
                0x0380bd94                vex::controller::lcd::setCursor(long, long)
 .text._ZN3vex10controller3lcd5printEPKcz
                0x0380bdd4       0x80 C:\Program Files (x86)\VEX Robotics\VEXcode Pro V5\sdk/vexv5\libv5rt.a(vex_controller.cpp.obj)
                0x0380bdd4                vex::controller::lcd::print(char const*, ...)
 .text._ZN3vex10controller3lcd9clearLineEi
                0x0380be54       0x80 C:\Program Files (x86)\VEX Robotics\VEXcode Pro V5\sdk/vexv5\libv5rt.a(vex_controller.cpp.obj)
                0x0380be54                vex::controller::lcd::clearLine(int)
 .text._ZN3vex10controller3lcd11clearScreenEv
                0x0380bed4       0x5c C:\Program Files (x86)\VEX Robotics\VEXcode Pro V5\sdk/vexv5\libv5rt.a(vex_controller.cpp.obj)
                0x0380bed4                vex::controller::lcd::clearScreen()
 .text._ZN3vex4taskC2EPFivE
                0x0380bf30       0x5c C:\Program Files (x86)\VEX Robotics\VEXcode Pro V5\sdk/vexv5\libv5rt.a(vex_task.cpp.obj)
                0x0380bf30                vex::task::task(int (*)())
                0x0380bf30                vex::task::task(int (*)())
 .text._ZN3vex4taskD2Ev
                0x0380bf8c        0x4 C:\Program Files (x86)\VEX Robotics\VEXcode Pro V5\sdk/vexv5\libv5rt.a(vex_task.cpp.obj)
                0x0380bf8c                vex::task::~task()
                0x0380bf8c                vex::task::~task()
 .text._ZN3vex4task4stopEPvi
                0x0380bf90       0x1c C:\Program Files (x86)\VEX Robotics\VEXcode Pro V5\sdk/vexv5\libv5rt.a(vex_task.cpp.obj)
                0x0380bf90                vex::task::stop(void*, int)
 .text._ZN3vex4task5sleepEm
                0x0380bfac        0x4 C:\Program Files (x86)\VEX Robotics\VEXcode Pro V5\sdk/vexv5\libv5rt.a(vex_task.cpp.obj)
                0x0380bfac                vex::task::sleep(unsigned long)
 .text._ZN3vex4task6_indexEPFivE
                0x0380bfb0       0x14 C:\Program Files (x86)\VEX Robotics\VEXcode Pro V5\sdk/vexv5\libv5rt.a(vex_task.cpp.obj)
                0x0380bfb0                vex::task::_index(int (*)())
 .text._ZN3vex4task8_stopAllEv
                0x0380bfc4       0x3c C:\Program Files (x86)\VEX Robotics\VEXcode Pro V5\sdk/vexv5\libv5rt.a(vex_task.cpp.obj)
                0x0380bfc4                vex::task::_stopAll()
 .text._ZN3vex6threadC2EPFivE
                0x0380c000       0x5c C:\Program Files (x86)\VEX Robotics\VEXcode Pro V5\sdk/vexv5\libv5rt.a(vex_thread.cpp.obj)
                0x0380c000                vex::thread::thread(int (*)())
                0x0380c000                vex::thread::thread(int (*)())
 .text._ZN3vex6threadD2Ev
                0x0380c05c        0x4 C:\Program Files (x86)\VEX Robotics\VEXcode Pro V5\sdk/vexv5\libv5rt.a(vex_thread.cpp.obj)
                0x0380c05c                vex::thread::~thread()
                0x0380c05c                vex::thread::~thread()
 .text._ZN3vex11this_thread9sleep_forEm
                0x0380c060        0x4 C:\Program Files (x86)\VEX Robotics\VEXcode Pro V5\sdk/vexv5\libv5rt.a(vex_thread.cpp.obj)
                0x0380c060                vex::this_thread::sleep_for(unsigned long)
 .text._ZN3vex5event4initEmmPFvvE
                0x0380c064        0x4 C:\Program Files (x86)\VEX Robotics\VEXcode Pro V5\sdk/vexv5\libv5rt.a(vex_event.cpp.obj)
                0x0380c064                vex::event::init(unsigned long, unsigned long, void (*)())
 .text._ZN3vex5event4initEmmPFvPvES1_
                0x0380c068        0x4 C:\Program Files (x86)\VEX Robotics\VEXcode Pro V5\sdk/vexv5\libv5rt.a(vex_event.cpp.obj)
                0x0380c068                vex::event::init(unsigned long, unsigned long, void (*)(void*), void*)
 .text._ZN3vex5event9userindexEv
                0x0380c06c        0x4 C:\Program Files (x86)\VEX Robotics\VEXcode Pro V5\sdk/vexv5\libv5rt.a(vex_event.cpp.obj)
                0x0380c06c                vex::event::userindex()
 .text._ZZN3vex6meventC4EmmENUlvE_4_FUNEv
                0x0380c070        0x4 C:\Program Files (x86)\VEX Robotics\VEXcode Pro V5\sdk/vexv5\libv5rt.a(vex_mevent.cpp.obj)
 .text._ZN3vex6meventC2Emm
                0x0380c074       0x70 C:\Program Files (x86)\VEX Robotics\VEXcode Pro V5\sdk/vexv5\libv5rt.a(vex_mevent.cpp.obj)
                0x0380c074                vex::mevent::mevent(unsigned long, unsigned long)
                0x0380c074                vex::mevent::mevent(unsigned long, unsigned long)
 .text._ZN3vex5brain9_getIndexEv
                0x0380c0e4       0x10 C:\Program Files (x86)\VEX Robotics\VEXcode Pro V5\sdk/vexv5\libv5rt.a(vex_brain.cpp.obj)
                0x0380c0e4                vex::brain::_getIndex()
 .text._ZN3vex5brain3lcd9setCursorEll
                0x0380c0f4       0x44 C:\Program Files (x86)\VEX Robotics\VEXcode Pro V5\sdk/vexv5\libv5rt.a(vex_brain.cpp.obj)
                0x0380c0f4                vex::brain::lcd::setCursor(long, long)
 .text._ZN3vex5brain3lcd7setFontENS_8fontTypeE
                0x0380c138      0x23c C:\Program Files (x86)\VEX Robotics\VEXcode Pro V5\sdk/vexv5\libv5rt.a(vex_brain.cpp.obj)
                0x0380c138                vex::brain::lcd::setFont(vex::fontType)
 .text._ZN3vex5brain3lcdC2Ev
                0x0380c374       0x94 C:\Program Files (x86)\VEX Robotics\VEXcode Pro V5\sdk/vexv5\libv5rt.a(vex_brain.cpp.obj)
                0x0380c374                vex::brain::lcd::lcd()
                0x0380c374                vex::brain::lcd::lcd()
 .text._ZN3vex5brainC2Ev
                0x0380c408       0x3c C:\Program Files (x86)\VEX Robotics\VEXcode Pro V5\sdk/vexv5\libv5rt.a(vex_brain.cpp.obj)
                0x0380c408                vex::brain::brain()
                0x0380c408                vex::brain::brain()
 .text._ZN3vex5brain3lcd11setPenWidthEm
                0x0380c444       0x24 C:\Program Files (x86)\VEX Robotics\VEXcode Pro V5\sdk/vexv5\libv5rt.a(vex_brain.cpp.obj)
                0x0380c444                vex::brain::lcd::setPenWidth(unsigned long)
 .text._ZN3vex5brain3lcd11setPenColorERKNS_5colorE
                0x0380c468       0x14 C:\Program Files (x86)\VEX Robotics\VEXcode Pro V5\sdk/vexv5\libv5rt.a(vex_brain.cpp.obj)
                0x0380c468                vex::brain::lcd::setPenColor(vex::color const&)
 .text._ZN3vex5brain3lcd12setFillColorERKNS_5colorE
                0x0380c47c       0x38 C:\Program Files (x86)\VEX Robotics\VEXcode Pro V5\sdk/vexv5\libv5rt.a(vex_brain.cpp.obj)
                0x0380c47c                vex::brain::lcd::setFillColor(vex::color const&)
 .text._ZN3vex5brain3lcd7printAtEllPKcz
                0x0380c4b4       0x54 C:\Program Files (x86)\VEX Robotics\VEXcode Pro V5\sdk/vexv5\libv5rt.a(vex_brain.cpp.obj)
                0x0380c4b4                vex::brain::lcd::printAt(long, long, char const*, ...)
 .text._ZN3vex5brain3lcd9drawPixelEii
                0x0380c508       0x14 C:\Program Files (x86)\VEX Robotics\VEXcode Pro V5\sdk/vexv5\libv5rt.a(vex_brain.cpp.obj)
                0x0380c508                vex::brain::lcd::drawPixel(int, int)
 .text._ZN3vex5brain3lcd8drawLineEiiii
                0x0380c51c      0x2c4 C:\Program Files (x86)\VEX Robotics\VEXcode Pro V5\sdk/vexv5\libv5rt.a(vex_brain.cpp.obj)
                0x0380c51c                vex::brain::lcd::drawLine(int, int, int, int)
 .text._ZN3vex5brain3lcd13drawRectangleEiiii
                0x0380c7e0       0xdc C:\Program Files (x86)\VEX Robotics\VEXcode Pro V5\sdk/vexv5\libv5rt.a(vex_brain.cpp.obj)
                0x0380c7e0                vex::brain::lcd::drawRectangle(int, int, int, int)
 .text._ZN3vex5brain3lcd10drawCircleEiii
                0x0380c8bc       0xa4 C:\Program Files (x86)\VEX Robotics\VEXcode Pro V5\sdk/vexv5\libv5rt.a(vex_brain.cpp.obj)
                0x0380c8bc                vex::brain::lcd::drawCircle(int, int, int)
 .text._ZN3vex5brain3lcd9xPositionEv
                0x0380c960       0x24 C:\Program Files (x86)\VEX Robotics\VEXcode Pro V5\sdk/vexv5\libv5rt.a(vex_brain.cpp.obj)
                0x0380c960                vex::brain::lcd::xPosition()
 .text._ZN3vex5brain3lcd9yPositionEv
                0x0380c984       0x24 C:\Program Files (x86)\VEX Robotics\VEXcode Pro V5\sdk/vexv5\libv5rt.a(vex_brain.cpp.obj)
                0x0380c984                vex::brain::lcd::yPosition()
 .text._ZN3vex5brain3lcd8pressingEv
                0x0380c9a8       0x20 C:\Program Files (x86)\VEX Robotics\VEXcode Pro V5\sdk/vexv5\libv5rt.a(vex_brain.cpp.obj)
                0x0380c9a8                vex::brain::lcd::pressing()
 .text._ZN3vex5brain3lcd10rowToPixelEl
                0x0380c9c8       0x34 C:\Program Files (x86)\VEX Robotics\VEXcode Pro V5\sdk/vexv5\libv5rt.a(vex_brain.cpp.obj)
                0x0380c9c8                vex::brain::lcd::rowToPixel(long)
 .text._ZN3vex5brain3lcd5printEPKcz
                0x0380c9fc       0xb8 C:\Program Files (x86)\VEX Robotics\VEXcode Pro V5\sdk/vexv5\libv5rt.a(vex_brain.cpp.obj)
                0x0380c9fc                vex::brain::lcd::print(char const*, ...)
 *fill*         0x0380cab4        0x4 
 .text._ZN3vex5brain3lcd8hueToRgbEm
                0x0380cab8       0xe0 C:\Program Files (x86)\VEX Robotics\VEXcode Pro V5\sdk/vexv5\libv5rt.a(vex_brain.cpp.obj)
                0x0380cab8                vex::brain::lcd::hueToRgb(unsigned long)
 .text._ZN3vex5brain3lcd11setPenColorEi
                0x0380cb98       0x10 C:\Program Files (x86)\VEX Robotics\VEXcode Pro V5\sdk/vexv5\libv5rt.a(vex_brain.cpp.obj)
                0x0380cb98                vex::brain::lcd::setPenColor(int)
 .text._ZN3vex5brainD2Ev
                0x0380cba8       0x20 C:\Program Files (x86)\VEX Robotics\VEXcode Pro V5\sdk/vexv5\libv5rt.a(vex_brain.cpp.obj)
                0x0380cba8                vex::brain::~brain()
                0x0380cba8                vex::brain::~brain()
 .text._ZN3vex11competition8_disableEPv
                0x0380cbc8       0xa4 C:\Program Files (x86)\VEX Robotics\VEXcode Pro V5\sdk/vexv5\libv5rt.a(vex_competition.cpp.obj)
                0x0380cbc8                vex::competition::_disable(void*)
 .text._ZN3vex11competition11_autonomousEv
                0x0380cc6c       0x80 C:\Program Files (x86)\VEX Robotics\VEXcode Pro V5\sdk/vexv5\libv5rt.a(vex_competition.cpp.obj)
                0x0380cc6c                vex::competition::_autonomous()
 .text._ZN3vex11competition14_drivercontrolEv
                0x0380ccec       0x80 C:\Program Files (x86)\VEX Robotics\VEXcode Pro V5\sdk/vexv5\libv5rt.a(vex_competition.cpp.obj)
                0x0380ccec                vex::competition::_drivercontrol()
 .text._ZN3vex11competitionC2Ev
                0x0380cd6c      0x13c C:\Program Files (x86)\VEX Robotics\VEXcode Pro V5\sdk/vexv5\libv5rt.a(vex_competition.cpp.obj)
                0x0380cd6c                vex::competition::competition()
                0x0380cd6c                vex::competition::competition()
 .text._ZN3vex11competitionD2Ev
                0x0380cea8        0x4 C:\Program Files (x86)\VEX Robotics\VEXcode Pro V5\sdk/vexv5\libv5rt.a(vex_competition.cpp.obj)
                0x0380cea8                vex::competition::~competition()
                0x0380cea8                vex::competition::~competition()
 .text._ZN3vex11competition10autonomousEPFvvE
                0x0380ceac       0x44 C:\Program Files (x86)\VEX Robotics\VEXcode Pro V5\sdk/vexv5\libv5rt.a(vex_competition.cpp.obj)
                0x0380ceac                vex::competition::autonomous(void (*)())
 .text._ZN3vex11competition13drivercontrolEPFvvE
                0x0380cef0       0x44 C:\Program Files (x86)\VEX Robotics\VEXcode Pro V5\sdk/vexv5\libv5rt.a(vex_competition.cpp.obj)
                0x0380cef0                vex::competition::drivercontrol(void (*)())
 .text._ZN3vex11competition15isDriverControlEv
                0x0380cf34       0x14 C:\Program Files (x86)\VEX Robotics\VEXcode Pro V5\sdk/vexv5\libv5rt.a(vex_competition.cpp.obj)
                0x0380cf34                vex::competition::isDriverControl()
 .text._ZN3vex11competition12isAutonomousEv
                0x0380cf48       0x14 C:\Program Files (x86)\VEX Robotics\VEXcode Pro V5\sdk/vexv5\libv5rt.a(vex_competition.cpp.obj)
                0x0380cf48                vex::competition::isAutonomous()
 .text._ZN3vex7triportD2Ev
                0x0380cf5c       0x38 C:\Program Files (x86)\VEX Robotics\VEXcode Pro V5\sdk/vexv5\libv5rt.a(vex_triport.cpp.obj)
                0x0380cf5c                vex::triport::~triport()
                0x0380cf5c                vex::triport::~triport()
 .text._ZN3vex7triportD0Ev
                0x0380cf94       0x1c C:\Program Files (x86)\VEX Robotics\VEXcode Pro V5\sdk/vexv5\libv5rt.a(vex_triport.cpp.obj)
                0x0380cf94                vex::triport::~triport()
 .text._ZN3vex7triport9installedEv
                0x0380cfb0       0x18 C:\Program Files (x86)\VEX Robotics\VEXcode Pro V5\sdk/vexv5\libv5rt.a(vex_triport.cpp.obj)
                0x0380cfb0                vex::triport::installed()
 .text._ZN3vex7triport4portC2ElPS0_
                0x0380cfc8       0x74 C:\Program Files (x86)\VEX Robotics\VEXcode Pro V5\sdk/vexv5\libv5rt.a(vex_triport.cpp.obj)
                0x0380cfc8                vex::triport::port::port(long, vex::triport*)
                0x0380cfc8                vex::triport::port::port(long, vex::triport*)
 .text._ZN3vex7triportC2El
                0x0380d03c       0xf0 C:\Program Files (x86)\VEX Robotics\VEXcode Pro V5\sdk/vexv5\libv5rt.a(vex_triport.cpp.obj)
                0x0380d03c                vex::triport::triport(long)
                0x0380d03c                vex::triport::triport(long)
 .text._ZN3vex7triport4port4typeENS_11triportTypeE
                0x0380d12c       0x30 C:\Program Files (x86)\VEX Robotics\VEXcode Pro V5\sdk/vexv5\libv5rt.a(vex_triport.cpp.obj)
                0x0380d12c                vex::triport::port::type(vex::triportType)
 .text._ZN3vex7triport4port4typeEv
                0x0380d15c       0x38 C:\Program Files (x86)\VEX Robotics\VEXcode Pro V5\sdk/vexv5\libv5rt.a(vex_triport.cpp.obj)
                0x0380d15c                vex::triport::port::type()
 .text._ZN3vex7triport4port5valueEv
                0x0380d194       0x14 C:\Program Files (x86)\VEX Robotics\VEXcode Pro V5\sdk/vexv5\libv5rt.a(vex_triport.cpp.obj)
                0x0380d194                vex::triport::port::value()
 .text._ZN3vex7triport4port5valueEl
                0x0380d1a8       0x18 C:\Program Files (x86)\VEX Robotics\VEXcode Pro V5\sdk/vexv5\libv5rt.a(vex_triport.cpp.obj)
                0x0380d1a8                vex::triport::port::value(long)
 .text._ZN3vex7triport4port11setRotationEdNS_13rotationUnitsE
                0x0380d1c0       0x50 C:\Program Files (x86)\VEX Robotics\VEXcode Pro V5\sdk/vexv5\libv5rt.a(vex_triport.cpp.obj)
                0x0380d1c0                vex::triport::port::setRotation(double, vex::rotationUnits)
 .text._ZN3vex7triport4port13resetRotationEv
                0x0380d210       0x20 C:\Program Files (x86)\VEX Robotics\VEXcode Pro V5\sdk/vexv5\libv5rt.a(vex_triport.cpp.obj)
                0x0380d210                vex::triport::port::resetRotation()
 .text._ZN3vex7triport4port8rotationENS_13rotationUnitsE
                0x0380d230       0x40 C:\Program Files (x86)\VEX Robotics\VEXcode Pro V5\sdk/vexv5\libv5rt.a(vex_triport.cpp.obj)
                0x0380d230                vex::triport::port::rotation(vex::rotationUnits)
 .text._ZN3vex11__trideviceC2ERNS_7triport4portENS_11triportTypeE
                0x0380d270       0x5c C:\Program Files (x86)\VEX Robotics\VEXcode Pro V5\sdk/vexv5\libv5rt.a(vex_triport.cpp.obj)
                0x0380d270                vex::__tridevice::__tridevice(vex::triport::port&, vex::triportType)
                0x0380d270                vex::__tridevice::__tridevice(vex::triport::port&, vex::triportType)
 .text._ZN3vex11digital_outC2ERNS_7triport4portE
                0x0380d2cc       0x18 C:\Program Files (x86)\VEX Robotics\VEXcode Pro V5\sdk/vexv5\libv5rt.a(vex_triport.cpp.obj)
                0x0380d2cc                vex::digital_out::digital_out(vex::triport::port&)
                0x0380d2cc                vex::digital_out::digital_out(vex::triport::port&)
 .text._ZN3vex11digital_out5valueEv
                0x0380d2e4        0x8 C:\Program Files (x86)\VEX Robotics\VEXcode Pro V5\sdk/vexv5\libv5rt.a(vex_triport.cpp.obj)
                0x0380d2e4                vex::digital_out::value()
 .text._ZN3vex11digital_out3setEb
                0x0380d2ec        0x8 C:\Program Files (x86)\VEX Robotics\VEXcode Pro V5\sdk/vexv5\libv5rt.a(vex_triport.cpp.obj)
                0x0380d2ec                vex::digital_out::set(bool)
 .text._ZN3vex10pneumaticsC2ERNS_7triport4portE
                0x0380d2f4       0x14 C:\Program Files (x86)\VEX Robotics\VEXcode Pro V5\sdk/vexv5\libv5rt.a(vex_triport.cpp.obj)
                0x0380d2f4                vex::pneumatics::pneumatics(vex::triport::port&)
                0x0380d2f4                vex::pneumatics::pneumatics(vex::triport::port&)
 .text._ZN3vex10pneumaticsD2Ev
                0x0380d308        0x4 C:\Program Files (x86)\VEX Robotics\VEXcode Pro V5\sdk/vexv5\libv5rt.a(vex_triport.cpp.obj)
                0x0380d308                vex::pneumatics::~pneumatics()
                0x0380d308                vex::pneumatics::~pneumatics()
 .text._ZN3vex10pneumatics4openEv
                0x0380d30c        0x8 C:\Program Files (x86)\VEX Robotics\VEXcode Pro V5\sdk/vexv5\libv5rt.a(vex_triport.cpp.obj)
                0x0380d30c                vex::pneumatics::open()
 .text._ZN3vex10pneumatics5closeEv
                0x0380d314        0x8 C:\Program Files (x86)\VEX Robotics\VEXcode Pro V5\sdk/vexv5\libv5rt.a(vex_triport.cpp.obj)
                0x0380d314                vex::pneumatics::close()
 .text._ZN3vex7encoderC2ERNS_7triport4portE
                0x0380d31c       0x20 C:\Program Files (x86)\VEX Robotics\VEXcode Pro V5\sdk/vexv5\libv5rt.a(vex_triport.cpp.obj)
                0x0380d31c                vex::encoder::encoder(vex::triport::port&)
                0x0380d31c                vex::encoder::encoder(vex::triport::port&)
 .text._ZN3vex7encoderD2Ev
                0x0380d33c        0x4 C:\Program Files (x86)\VEX Robotics\VEXcode Pro V5\sdk/vexv5\libv5rt.a(vex_triport.cpp.obj)
                0x0380d33c                vex::encoder::~encoder()
                0x0380d33c                vex::encoder::~encoder()
 .text._ZN3vex7encoder13resetRotationEv
                0x0380d340        0x8 C:\Program Files (x86)\VEX Robotics\VEXcode Pro V5\sdk/vexv5\libv5rt.a(vex_triport.cpp.obj)
                0x0380d340                vex::encoder::resetRotation()
 .text._ZN3vex7encoder8positionENS_13rotationUnitsE
                0x0380d348        0x8 C:\Program Files (x86)\VEX Robotics\VEXcode Pro V5\sdk/vexv5\libv5rt.a(vex_triport.cpp.obj)
                0x0380d348                vex::encoder::position(vex::rotationUnits)
 .text._ZN3vex7pwm_outC2ERNS_7triport4portE
                0x0380d350       0x18 C:\Program Files (x86)\VEX Robotics\VEXcode Pro V5\sdk/vexv5\libv5rt.a(vex_triport.cpp.obj)
                0x0380d350                vex::pwm_out::pwm_out(vex::triport::port&)
                0x0380d350                vex::pwm_out::pwm_out(vex::triport::port&)
 .text._ZN3vex7pwm_outD2Ev
                0x0380d368        0x4 C:\Program Files (x86)\VEX Robotics\VEXcode Pro V5\sdk/vexv5\libv5rt.a(vex_triport.cpp.obj)
                0x0380d368                vex::pwm_out::~pwm_out()
                0x0380d368                vex::pwm_out::~pwm_out()
 .text._ZN3vex7pwm_out5stateElNS_12percentUnitsE
                0x0380d36c       0x24 C:\Program Files (x86)\VEX Robotics\VEXcode Pro V5\sdk/vexv5\libv5rt.a(vex_triport.cpp.obj)
                0x0380d36c                vex::pwm_out::state(long, vex::percentUnits)
 .text._ZN3vex5colorD2Ev
                0x0380d390        0x4 C:\Program Files (x86)\VEX Robotics\VEXcode Pro V5\sdk/vexv5\libv5rt.a(vex_color.cpp.obj)
                0x0380d390                vex::color::~color()
                0x0380d390                vex::color::~color()
 .text._ZN3vex5colorC2Ehhh
                0x0380d394       0x1c C:\Program Files (x86)\VEX Robotics\VEXcode Pro V5\sdk/vexv5\libv5rt.a(vex_color.cpp.obj)
                0x0380d394                vex::color::color(unsigned char, unsigned char, unsigned char)
                0x0380d394                vex::color::color(unsigned char, unsigned char, unsigned char)
 .text._ZNK3vex5colorcvmEv
                0x0380d3b0        0x8 C:\Program Files (x86)\VEX Robotics\VEXcode Pro V5\sdk/vexv5\libv5rt.a(vex_color.cpp.obj)
                0x0380d3b0                vex::color::operator unsigned long() const
 .text._ZNK3vex5color13isTransparentEv
                0x0380d3b8        0x8 C:\Program Files (x86)\VEX Robotics\VEXcode Pro V5\sdk/vexv5\libv5rt.a(vex_color.cpp.obj)
                0x0380d3b8                vex::color::isTransparent() const
 .text.startup._GLOBAL__sub_I__ZN3vex5color5blackE
                0x0380d3c0      0x164 C:\Program Files (x86)\VEX Robotics\VEXcode Pro V5\sdk/vexv5\libv5rt.a(vex_color.cpp.obj)
 .text._ZN3vex5timerD2Ev
                0x0380d524        0x4 C:\Program Files (x86)\VEX Robotics\VEXcode Pro V5\sdk/vexv5\libv5rt.a(vex_timer.cpp.obj)
                0x0380d524                vex::timer::~timer()
                0x0380d524                vex::timer::~timer()
 .text._ZN3vex5timer5clearEv
                0x0380d528       0x1c C:\Program Files (x86)\VEX Robotics\VEXcode Pro V5\sdk/vexv5\libv5rt.a(vex_timer.cpp.obj)
                0x0380d528                vex::timer::clear()
 .text._ZN3vex5timerC2Ev
                0x0380d544       0x14 C:\Program Files (x86)\VEX Robotics\VEXcode Pro V5\sdk/vexv5\libv5rt.a(vex_timer.cpp.obj)
                0x0380d544                vex::timer::timer()
                0x0380d544                vex::timer::timer()
 .text._ZN3vex5timer5resetEv
                0x0380d558        0x4 C:\Program Files (x86)\VEX Robotics\VEXcode Pro V5\sdk/vexv5\libv5rt.a(vex_timer.cpp.obj)
                0x0380d558                vex::timer::reset()
 *fill*         0x0380d55c        0x4 
 .text._ZNK3vex5timer4timeENS_9timeUnitsE
                0x0380d560       0x40 C:\Program Files (x86)\VEX Robotics\VEXcode Pro V5\sdk/vexv5\libv5rt.a(vex_timer.cpp.obj)
                0x0380d560                vex::timer::time(vex::timeUnits) const
 .text._ZN3vex11motor_group18motor_group_motorsC2Ev
                0x0380d5a0       0x28 C:\Program Files (x86)\VEX Robotics\VEXcode Pro V5\sdk/vexv5\libv5rt.a(vex_motorgroup.cpp.obj)
                0x0380d5a0                vex::motor_group::motor_group_motors::motor_group_motors()
                0x0380d5a0                vex::motor_group::motor_group_motors::motor_group_motors()
 .text._ZN3vex11motor_groupC2Ev
                0x0380d5c8       0x1c C:\Program Files (x86)\VEX Robotics\VEXcode Pro V5\sdk/vexv5\libv5rt.a(vex_motorgroup.cpp.obj)
                0x0380d5c8                vex::motor_group::motor_group()
                0x0380d5c8                vex::motor_group::motor_group()
 .text._ZN3vex11motor_groupD2Ev