Archive member included because of file (symbol)

C:\Program Files (x86)\VEX Robotics\VEXcode Pro V5\sdk/vexv5\libv5rt.a(v5_startup.c.obj)
                              (vexStartup)
C:\Program Files (x86)\VEX Robotics\VEXcode Pro V5\sdk/vexv5\libv5rt.a(v5_util.c.obj)
                              C:\Program Files (x86)\VEX Robotics\VEXcode Pro V5\sdk/vexv5\libv5rt.a(v5_startup.c.obj) (vexStdlibVersionLinked)
C:\Program Files (x86)\VEX Robotics\VEXcode Pro V5\sdk/vexv5\libv5rt.a(v5_apijump.c.obj)
                              C:\Program Files (x86)\VEX Robotics\VEXcode Pro V5\sdk/vexv5\libv5rt.a(v5_startup.c.obj) (vexPrivateApiEnable)
C:\Program Files (x86)\VEX Robotics\VEXcode Pro V5\sdk/vexv5\libv5rt.a(v5_apiversions.c.obj)
                              C:\Program Files (x86)\VEX Robotics\VEXcode Pro V5\sdk/vexv5\libv5rt.a(v5_apijump.c.obj) (vexSystemVersion)
C:\Program Files (x86)\VEX Robotics\VEXcode Pro V5\sdk/vexv5\libv5rt.a(vex_global.cpp.obj)
                              build/src/main.o (vex::wait(double, vex::timeUnits))
C:\Program Files (x86)\VEX Robotics\VEXcode Pro V5\sdk/vexv5\libv5rt.a(vex_motor.cpp.obj)
                              build/src/robot-config.o (vex::motor::~motor())
C:\Program Files (x86)\VEX Robotics\VEXcode Pro V5\sdk/vexv5\libv5rt.a(vex_imu.cpp.obj)
                              build/src/robot-config.o (vex::inertial::~inertial())
C:\Program Files (x86)\VEX Robotics\VEXcode Pro V5\sdk/vexv5\libv5rt.a(vex_optical.cpp.obj)
                              build/src/main.o (vex::optical::isNearObject())
C:\Program Files (x86)\VEX Robotics\VEXcode Pro V5\sdk/vexv5\libv5rt.a(vex_controller.cpp.obj)
                              build/src/robot-config.o (vex::controller::~controller())
C:\Program Files (x86)\VEX Robotics\VEXcode Pro V5\sdk/vexv5\libv5rt.a(vex_task.cpp.obj)
                              build/src/main.o (vex::task::task(int (*)()))
C:\Program Files (x86)\VEX Robotics\VEXcode Pro V5\sdk/vexv5\libv5rt.a(vex_thread.cpp.obj)
                              build/src/main.o (vex::thread::thread(int (*)()))
C:\Program Files (x86)\VEX Robotics\VEXcode Pro V5\sdk/vexv5\libv5rt.a(vex_event.cpp.obj)
                              C:\Program Files (x86)\VEX Robotics\VEXcode Pro V5\sdk/vexv5\libv5rt.a(vex_imu.cpp.obj) (vex::event::init(unsigned long, unsigned long, void (*)()))
C:\Program Files (x86)\VEX Robotics\VEXcode Pro V5\sdk/vexv5\libv5rt.a(vex_mevent.cpp.obj)
                              C:\Program Files (x86)\VEX Robotics\VEXcode Pro V5\sdk/vexv5\libv5rt.a(vex_controller.cpp.obj) (vex::mevent::mevent(unsigned long, unsigned long))
C:\Program Files (x86)\VEX Robotics\VEXcode Pro V5\sdk/vexv5\libv5rt.a(vex_brain.cpp.obj)
                              build/src/main.o (vex::brain::lcd::setCursor(long, long))
C:\Program Files (x86)\VEX Robotics\VEXcode Pro V5\sdk/vexv5\libv5rt.a(vex_competition.cpp.obj)
                              build/src/main.o (vex::competition::competition())
C:\Program Files (x86)\VEX Robotics\VEXcode Pro V5\sdk/vexv5\libv5rt.a(vex_triport.cpp.obj)
                              build/src/robot-config.o (vex::triport::~triport())
C:\Program Files (x86)\VEX Robotics\VEXcode Pro V5\sdk/vexv5\libv5rt.a(vex_color.cpp.obj)
                              build/src/main.o (vex::color::~color())
C:\Program Files (x86)\VEX Robotics\VEXcode Pro V5\sdk/vexv5\libv5rt.a(vex_timer.cpp.obj)
                              build/src/main.o (vex::timer::~timer())
C:\Program Files (x86)\VEX Robotics\VEXcode Pro V5\sdk/vexv5\libv5rt.a(vex_motorgroup.cpp.obj)
                              build/src/robot-config.o (vex::motor_group::motor_group())
C:\Program Files (x86)\VEX Robotics\VEXcode Pro V5\sdk/vexv5\libv5rt.a(v5_apiuser.c.obj)
                              C:\Program Files (x86)\VEX Robotics\VEXcode Pro V5\sdk/vexv5\libv5rt.a(vex_triport.cpp.obj) (vexAdiPortConfigSet)
C:\Program Files (x86)\VEX Robotics\VEXcode Pro V5\sdk/vexv5\libv5rt.a(vex_device.cpp.obj)
                              C:\Program Files (x86)\VEX Robotics\VEXcode Pro V5\sdk/vexv5\libv5rt.a(vex_motor.cpp.obj) (vex::device::~device())
C:\Program Files (x86)\VEX Robotics\VEXcode Pro V5\sdk/vexv5/gcc/libs\libstdc++.a(class_type_info.o)
                              build/src/main.o (vtable for __cxxabiv1::__class_type_info)
C:\Program Files (x86)\VEX Robotics\VEXcode Pro V5\sdk/vexv5/gcc/libs\libstdc++.a(si_class_type_info.o)
                              build/src/main.o (vtable for __cxxabiv1::__si_class_type_info)
C:\Program Files (x86)\VEX Robotics\VEXcode Pro V5\sdk/vexv5/gcc/libs\libstdc++.a(tinfo.o)
                              C:\Program Files (x86)\VEX Robotics\VEXcode Pro V5\sdk/vexv5/gcc/libs\libstdc++.a(class_type_info.o) (typeinfo for std::type_info)
C:\Program Files (x86)\VEX Robotics\VEXcode Pro V5\sdk/vexv5/gcc/libs\libc.a(lib_a-aeabi_memclr.o)
                              build/src/main.o (__aeabi_memclr4)
[...]
Memory Configuration

Name             Origin             Length             Attributes
ps7_ddr_0_S_AXI_BASEADDR 0x03800000         0x04800000
*default*        0x00000000         0xffffffff

Linker script and memory map

                0x00800000                _HEAP_SIZE = 0x800000
                0x00002000                _STACK_SIZE = DEFINED (_STACK_SIZE)?_STACK_SIZE:0x2000
                0x00100000                _HEAP_SIZE = DEFINED (_HEAP_SIZE)?_HEAP_SIZE:0x100000
                0x00000400                _ABORT_STACK_SIZE = DEFINED (_ABORT_STACK_SIZE)?_ABORT_STACK_SIZE:0x400
                0x00000800                _SUPERVISOR_STACK_SIZE = DEFINED (_SUPERVISOR_STACK_SIZE)?_SUPERVISOR_STACK_SIZE:0x800
                0x00000400                _IRQ_STACK_SIZE = DEFINED (_IRQ_STACK_SIZE)?_IRQ_STACK_SIZE:0x400
                0x00000400                _FIQ_STACK_SIZE = DEFINED (_FIQ_STACK_SIZE)?_FIQ_STACK_SIZE:0x400
                0x00000400                _UNDEF_STACK_SIZE = DEFINED (_UNDEF_STACK_SIZE)?_UNDEF_STACK_SIZE:0x400

.text           0x03800000     0xd138
 *(.vectors)
 *(.boot_data)
 .boot_data     0x03800000       0x20 C:\Program Files (x86)\VEX Robotics\VEXcode Pro V5\sdk/vexv5\libv5rt.a(v5_startup.c.obj)
                0x03800000                vexCodeSig
                0x00000020                . = 0x20
 *(.boot)
 .boot          0x03800020       0xbc C:\Program Files (x86)\VEX Robotics\VEXcode Pro V5\sdk/vexv5\libv5rt.a(v5_startup.c.obj)
                0x03800020                vexStartup
                0x03800100                . = ALIGN (0x40)
 *fill*         0x038000dc       0x24 
 *(.freertos_vectors)
 *(.text)
 .text          0x03800100       0x3a C:\Program Files (x86)\VEX Robotics\VEXcode Pro V5\sdk/vexv5/gcc/libs\libc.a(lib_a-aeabi_memmove-soft.o)
                0x03800100                __aeabi_memmove4
                0x03800100                __aeabi_memmove
                0x03800100                __aeabi_memmove8
 .text          0x0380013a       0x9a C:\Program Files (x86)\VEX Robotics\VEXcode Pro V5\sdk/vexv5/gcc/libs\libc.a(lib_a-aeabi_memset-soft.o)
                0x0380013a                __aeabi_memset8
                0x0380013a                __aeabi_memset
                0x0380013a                __aeabi_memset4
 *(.text.*)
 *fill*         0x038001d4        0x4 
 .text._ZN8odometry19updateRobotPositionEv
                0x038001d8      0x348 build/src/main.o
                0x038001d8                odometry::updateRobotPosition()
 .text._ZN8odometry15displayPositionEv
                0x03800520      0x110 build/src/main.o
                0x03800520                odometry::displayPosition()
 .text._ZN8odometry10getRbtYPosEv
                0x03800630       0xc0 build/src/main.o
                0x03800630                odometry::getRbtYPos()
 .text._ZN8odometry16getGoalDirectionE3Vecj
                0x038006f0      0x128 build/src/main.o
                0x038006f0                odometry::getGoalDirection(Vec, unsigned int)
 .text._ZN8odometry19getDistanceFromGoalE3Vecj
                0x03800818       0x80 build/src/main.o
                0x03800818                odometry::getDistanceFromGoal(Vec, unsigned int)
 .text._ZNSt6vectorIN10MotionPath2PtESaIS1_EEC2ERKS3_
                0x03800898       0x94 build/src/main.o
                0x03800898                std::vector<MotionPath::Pt, std::allocator<MotionPath::Pt> >::vector(std::vector<MotionPath::Pt, std::allocator<MotionPath::Pt> > const&)
 *fill*         0x0380092c        0x4 
 .text._ZN13PIDController9calculateEdd
                0x03800930      0x1f8 build/src/main.o
                0x03800930                PIDController::calculate(double, double)
 .text._ZN17AutonomousControl7monitorESt6vectorI6SystemSaIS1_EE
                0x03800b28       0x3c build/src/main.o
                0x03800b28                AutonomousControl::monitor(std::vector<System, std::allocator<System> >)
 .text._ZNSt6vectorI6SystemSaIS0_EEaSERKS2_
                0x03800b64      0x1ac build/src/main.o
                0x03800b64                std::vector<System, std::allocator<System> >::operator=(std::vector<System, std::allocator<System> > const&)
 .text._ZN17AutonomousControl11displayMenuEv
                0x03800d10      0x208 build/src/main.o
                0x03800d10                AutonomousControl::displayMenu()
 .text._ZN17AutonomousControl11adjustGain1Ed
                0x03800f18       0xb4 build/src/main.o
                0x03800f18                AutonomousControl::adjustGain1(double)
 .text._ZN17AutonomousControl11adjustGain2Ed
                0x03800fcc       0xcc build/src/main.o
                0x03800fcc                AutonomousControl::adjustGain2(double)
 .text._ZN17AutonomousControl11adjustGain3Ed
                0x03801098       0xcc build/src/main.o
                0x03801098                AutonomousControl::adjustGain3(double)
 .text._ZN17AutonomousControl13displaySystemEv
                0x03801164      0x164 build/src/main.o
                0x03801164                AutonomousControl::displaySystem()
 .text._ZNSt6vectorI6SystemSaIS0_EED2Ev
                0x038012c8       0x50 build/src/main.o
                0x038012c8                std::vector<System, std::allocator<System> >::~vector()
 .text._ZN13PIDControllerC2E4Pathdb
                0x03801318       0xb8 build/src/main.o
                0x03801318                PIDController::PIDController(Path, double, bool)
 .text._ZN17drivetrainControl4turnEd
                0x038013d0      0x4e4 build/src/main.o
                0x038013d0                drivetrainControl::turn(double)
 .text._ZN5robot12toggleRaiserEv
                0x038018b4       0x24 build/src/main.o
                0x038018b4                robot::toggleRaiser()
 .text._ZN5robot12autoFlywheelEP17autonomousProgramRb
                0x038018d8      0x338 build/src/main.o
                0x038018d8                robot::autoFlywheel(autonomousProgram*, bool&)
 .text._ZN20PolynomialRegressionIdE8addPointEd
                0x03801c10       0x98 build/src/main.o
                0x03801c10                PolynomialRegression<double>::addPoint(double)
 .text._ZN20PolynomialRegressionIdE3fitEv
                0x03801ca8      0x520 build/src/main.o
                0x03801ca8                PolynomialRegression<double>::fit()
 .text._ZN5robot18showFlywheelStatusEv
                0x038021c8      0x198 build/src/main.o
                0x038021c8                robot::showFlywheelStatus()
 .text._ZN5robot16autoToggleIntakeEv
                0x03802360      0x138 build/src/main.o
                0x03802360                robot::autoToggleIntake()
 .text._ZN5robot12toggleIntakeEN3vex13directionTypeEi
                0x03802498       0xd0 build/src/main.o
                0x03802498                robot::toggleIntake(vex::directionType, int)
 .text._ZNK5field11FieldVisual22FieldCentricCoordtoAbsEdd
                0x03802568      0x168 build/src/main.o
                0x03802568                field::FieldVisual::FieldCentricCoordtoAbs(double, double) const
 .text._ZNK5field11FieldVisual24FieldCentricHeadingtoAbsEd
                0x038026d0       0x68 build/src/main.o
                0x038026d0                field::FieldVisual::FieldCentricHeadingtoAbs(double) const
 .text._ZN5field26updateRobotPositionOnFieldEv
                0x03802738       0xf8 build/src/main.o
                0x03802738                field::updateRobotPositionOnField()
 .text._ZN5field11RobotVisual6renderEjjd
                0x03802830      0x938 build/src/main.o
                0x03802830                field::RobotVisual::render(unsigned int, unsigned int, double)
 .text._ZN5field12buttonVisual9isTouchedEv
                0x03803168       0x70 build/src/main.o
                0x03803168                field::buttonVisual::isTouched()
 .text._ZN5field12buttonVisual6renderEv
                0x038031d8       0x38 build/src/main.o
                0x038031d8                field::buttonVisual::render()
 .text._ZN5field12buttonVisual11render_textEv
                0x03803210       0x54 build/src/main.o
                0x03803210                field::buttonVisual::render_text()
 .text._ZN5field23RectangularButtonVisual9isTouchedEv
                0x03803264      0x148 build/src/main.o
                0x03803264                field::RectangularButtonVisual::isTouched()
 *fill*         0x038033ac        0x4 
 .text._ZN5field20autoChooseAutonomousEv
                0x038033b0      0x2f0 build/src/main.o
                0x038033b0                field::autoChooseAutonomous()
 .text._ZN5field22chooseAutonomousPromptEv
                0x038036a0      0x230 build/src/main.o
                0x038036a0                field::chooseAutonomousPrompt()
 .text._ZN5field6renderEv
                0x038038d0      0x7e8 build/src/main.o
                0x038038d0                field::render()
 .text._ZN5field20chooseQuadrantPromptEv
                0x038040b8      0x13c build/src/main.o
                0x038040b8                field::chooseQuadrantPrompt()
 .text._ZN5field23RectangularButtonVisual6renderEv
                0x038041f4       0x98 build/src/main.o
                0x038041f4                field::RectangularButtonVisual::render()
 *fill*         0x0380428c        0x4 
 .text._ZN5field11FieldVisual6renderEv
                0x03804290     0x1100 build/src/main.o
                0x03804290                field::FieldVisual::render()
 .text._ZN5field11FieldVisual24render_AutonomousRoutineER10autonomous
                0x03805390      0x230 build/src/main.o
                0x03805390                field::FieldVisual::render_AutonomousRoutine(autonomous&)
 .text._ZN5field11FieldVisual14drawGameObjectEiiii
                0x038055c0      0x220 build/src/main.o
                0x038055c0                field::FieldVisual::drawGameObject(int, int, int, int)
 .text._ZN5fieldC2Ev
                0x038057e0      0x138 build/src/main.o
                0x038057e0                field::field()
 .text._ZN5robotD2Ev
                0x03805918       0x34 build/src/main.o
                0x03805918                robot::~robot()
 .text._ZN10autonomousC2ER5robot
                0x0380594c      0x4a8 build/src/main.o
                0x0380594c                autonomous::autonomous(robot&)
 *fill*         0x03805df4        0x4 
 .text._Z9pre_autonv
                0x03805df8      0x188 build/src/main.o
                0x03805df8                pre_auton()
 .text._ZN5fieldC2EjjjiRN3vex11competitionER10autonomous
                0x03805f80      0x1a8 build/src/main.o
                0x03805f80                field::field(unsigned int, unsigned int, unsigned int, int, vex::competition&, autonomous&)
 .text._Z10autonomousv
                0x03806128       0x44 build/src/main.o
                0x03806128                autonomous()
 .text._ZN10autonomous3runEv
                0x0380616c       0x44 build/src/main.o
                0x0380616c                autonomous::run()
 .text._Z11usercontrolv
                0x038061b0      0x9e0 build/src/main.o
                0x038061b0                usercontrol()
 .text.main     0x03806b90       0x68 build/src/main.o
                0x03806b90                main
 .text._ZNSt6vectorI4GainSaIS0_EEC2ERKS2_
                0x03806bf8       0x80 build/src/main.o
                0x03806bf8                std::vector<Gain, std::allocator<Gain> >::vector(std::vector<Gain, std::allocator<Gain> > const&)
 .text._ZNSt12_Vector_baseI4GainSaIS0_EE11_M_allocateEj
                0x03806c78       0x3c build/src/main.o
                0x03806c78                std::_Vector_base<Gain, std::allocator<Gain> >::_M_allocate(unsigned int)
 .text._ZNSt8__detail9_Map_baseIiSt4pairIKi4PathESaIS4_ENS_10_Select1stESt8equal_toIiESt4hashIiENS_18_Mod_range_hashingENS_20_Default_ranged_hashENS_20_Prime_rehash_policyENS_17_Hashtable_traitsILb0ELb0ELb1EEELb1EE2atERS2_
                0x03806cb4       0x48 build/src/main.o
                0x03806cb4                std::__detail::_Map_base<int, std::pair<int const, Path>, std::allocator<std::pair<int const, Path> >, std::__detail::_Select1st, std::equal_to<int>, std::hash<int>, std::__detail::_Mod_range_hashing, std::__detail::_Default_ranged_hash, std::__detail::_Prime_rehash_policy, std::__detail::_Hashtable_traits<false, false, true>, true>::at(int const&)
 .text._ZNKSt10_HashtableIiSt4pairIKi4PathESaIS3_ENSt8__detail10_Select1stESt8equal_toIiESt4hashIiENS5_18_Mod_range_hashingENS5_20_Default_ranged_hashENS5_20_Prime_rehash_policyENS5_17_Hashtable_traitsILb0ELb0ELb1EEEE12_M_find_nodeEjRS1_j
                0x03806cfc       0x88 build/src/main.o
                0x03806cfc                std::_Hashtable<int, std::pair<int const, Path>, std::allocator<std::pair<int const, Path> >, std::__detail::_Select1st, std::equal_to<int>, std::hash<int>, std::__detail::_Mod_range_hashing, std::__detail::_Default_ranged_hash, std::__detail::_Prime_rehash_policy, std::__detail::_Hashtable_traits<false, false, true> >::_M_find_node(unsigned int, int const&, unsigned int) const
 .text._ZN5field11FieldVisual17render_MotionPathER10MotionPathRK3Vec
                0x03806d84      0x20c build/src/main.o
                0x03806d84                field::FieldVisual::render_MotionPath(MotionPath&, Vec const&)
 .text._ZN5field11FieldVisual20render_MotionPathPtsER10MotionPathRK3Vec
                0x03806f90       0xe4 build/src/main.o
                0x03806f90                field::FieldVisual::render_MotionPathPts(MotionPath&, Vec const&)
 .text._ZN14CoefficientLUTC2Ev
                0x03807074       0x88 build/src/main.o
                0x03807074                CoefficientLUT::CoefficientLUT()
 *fill*         0x038070fc        0x4 
 .text._ZN17drivetrainControlC2ER14CoefficientLUTR8odometryR17AutonomousControl
                0x03807100      0x2a8 build/src/main.o
                0x03807100                drivetrainControl::drivetrainControl(CoefficientLUT&, odometry&, AutonomousControl&)
 .text._ZNSt10_HashtableIiSt4pairIKi4PathESaIS3_ENSt8__detail10_Select1stESt8equal_toIiESt4hashIiENS5_18_Mod_range_hashingENS5_20_Default_ranged_hashENS5_20_Prime_rehash_policyENS5_17_Hashtable_traitsILb0ELb0ELb1EEEEC2EjRKSA_RKSB_RKSC_RKS8_RKS6_RKS4_
                0x038073a8       0x78 build/src/main.o
                0x038073a8                std::_Hashtable<int, std::pair<int const, Path>, std::allocator<std::pair<int const, Path> >, std::__detail::_Select1st, std::equal_to<int>, std::hash<int>, std::__detail::_Mod_range_hashing, std::__detail::_Default_ranged_hash, std::__detail::_Prime_rehash_policy, std::__detail::_Hashtable_traits<false, false, true> >::_Hashtable(unsigned int, std::hash<int> const&, std::__detail::_Mod_range_hashing const&, std::__detail::_Default_ranged_hash const&, std::equal_to<int> const&, std::__detail::_Select1st const&, std::allocator<std::pair<int const, Path> > const&)
 .text._ZNSt10_HashtableIiSt4pairIKi4PathESaIS3_ENSt8__detail10_Select1stESt8equal_toIiESt4hashIiENS5_18_Mod_range_hashingENS5_20_Default_ranged_hashENS5_20_Prime_rehash_policyENS5_17_Hashtable_traitsILb0ELb0ELb1EEEE10_M_emplaceIJiS2_EEES0_INS5_14_Node_iteratorIS3_Lb0ELb0EEEbESt17integral_constantIbLb1EEDpOT_
                0x03807420       0xb4 build/src/main.o
                0x03807420                std::pair<std::__detail::_Node_iterator<std::pair<int const, Path>, false, false>, bool> std::_Hashtable<int, std::pair<int const, Path>, std::allocator<std::pair<int const, Path> >, std::__detail::_Select1st, std::equal_to<int>, std::hash<int>, std::__detail::_Mod_range_hashing, std::__detail::_Default_ranged_hash, std::__detail::_Prime_rehash_policy, std::__detail::_Hashtable_traits<false, false, true> >::_M_emplace<int, Path>(std::integral_constant<bool, true>, int&&, Path&&)
 .text._ZNSt10_HashtableIiSt4pairIKi4PathESaIS3_ENSt8__detail10_Select1stESt8equal_toIiESt4hashIiENS5_18_Mod_range_hashingENS5_20_Default_ranged_hashENS5_20_Prime_rehash_policyENS5_17_Hashtable_traitsILb0ELb0ELb1EEEE21_M_insert_unique_nodeEjjPNS5_10_Hash_nodeIS3_Lb0EEE
                0x038074d4       0x88 build/src/main.o
                0x038074d4                std::_Hashtable<int, std::pair<int const, Path>, std::allocator<std::pair<int const, Path> >, std::__detail::_Select1st, std::equal_to<int>, std::hash<int>, std::__detail::_Mod_range_hashing, std::__detail::_Default_ranged_hash, std::__detail::_Prime_rehash_policy, std::__detail::_Hashtable_traits<false, false, true> >::_M_insert_unique_node(unsigned int, unsigned int, std::__detail::_Hash_node<std::pair<int const, Path>, false>*)
 .text._ZNSt10_HashtableIiSt4pairIKi4PathESaIS3_ENSt8__detail10_Select1stESt8equal_toIiESt4hashIiENS5_18_Mod_range_hashingENS5_20_Default_ranged_hashENS5_20_Prime_rehash_policyENS5_17_Hashtable_traitsILb0ELb0ELb1EEEE22_M_insert_bucket_beginEjPNS5_10_Hash_nodeIS3_Lb0EEE
                0x0380755c       0x70 build/src/main.o
                0x0380755c                std::_Hashtable<int, std::pair<int const, Path>, std::allocator<std::pair<int const, Path> >, std::__detail::_Select1st, std::equal_to<int>, std::hash<int>, std::__detail::_Mod_range_hashing, std::__detail::_Default_ranged_hash, std::__detail::_Prime_rehash_policy, std::__detail::_Hashtable_traits<false, false, true> >::_M_insert_bucket_begin(unsigned int, std::__detail::_Hash_node<std::pair<int const, Path>, false>*)
 .text._ZNSt10_HashtableIiSt4pairIKi4PathESaIS3_ENSt8__detail10_Select1stESt8equal_toIiESt4hashIiENS5_18_Mod_range_hashingENS5_20_Default_ranged_hashENS5_20_Prime_rehash_policyENS5_17_Hashtable_traitsILb0ELb0ELb1EEEE13_M_rehash_auxEjSt17integral_constantIbLb1EE
                0x038075cc       0xe0 build/src/main.o
                0x038075cc                std::_Hashtable<int, std::pair<int const, Path>, std::allocator<std::pair<int const, Path> >, std::__detail::_Select1st, std::equal_to<int>, std::hash<int>, std::__detail::_Mod_range_hashing, std::__detail::_Default_ranged_hash, std::__detail::_Prime_rehash_policy, std::__detail::_Hashtable_traits<false, false, true> >::_M_rehash_aux(unsigned int, std::integral_constant<bool, true>)
 .text._ZNSt10_HashtableIiSt4pairIKi4PathESaIS3_ENSt8__detail10_Select1stESt8equal_toIiESt4hashIiENS5_18_Mod_range_hashingENS5_20_Default_ranged_hashENS5_20_Prime_rehash_policyENS5_17_Hashtable_traitsILb0ELb0ELb1EEEE10_M_emplaceIJRiRS2_EEES0_INS5_14_Node_iteratorIS3_Lb0ELb0EEEbESt17integral_constantIbLb1EEDpOT_
                0x038076ac       0xb4 build/src/main.o
                0x038076ac                std::pair<std::__detail::_Node_iterator<std::pair<int const, Path>, false, false>, bool> std::_Hashtable<int, std::pair<int const, Path>, std::allocator<std::pair<int const, Path> >, std::__detail::_Select1st, std::equal_to<int>, std::hash<int>, std::__detail::_Mod_range_hashing, std::__detail::_Default_ranged_hash, std::__detail::_Prime_rehash_policy, std::__detail::_Hashtable_traits<false, false, true> >::_M_emplace<int&, Path&>(std::integral_constant<bool, true>, int&, Path&)
 .text._ZNSt6vectorI10MotionPathSaIS0_EED2Ev
                0x03807760       0x60 build/src/main.o
                0x03807760                std::vector<MotionPath, std::allocator<MotionPath> >::~vector()
 .text._ZNSt10_HashtableIiSt4pairIKi4PathESaIS3_ENSt8__detail10_Select1stESt8equal_toIiESt4hashIiENS5_18_Mod_range_hashingENS5_20_Default_ranged_hashENS5_20_Prime_rehash_policyENS5_17_Hashtable_traitsILb0ELb0ELb1EEEED2Ev
                0x038077c0       0x30 build/src/main.o
                0x038077c0                std::_Hashtable<int, std::pair<int const, Path>, std::allocator<std::pair<int const, Path> >, std::__detail::_Select1st, std::equal_to<int>, std::hash<int>, std::__detail::_Mod_range_hashing, std::__detail::_Default_ranged_hash, std::__detail::_Prime_rehash_policy, std::__detail::_Hashtable_traits<false, false, true> >::~_Hashtable()
 .text._ZNSt10_HashtableIiSt4pairIKi4PathESaIS3_ENSt8__detail10_Select1stESt8equal_toIiESt4hashIiENS5_18_Mod_range_hashingENS5_20_Default_ranged_hashENS5_20_Prime_rehash_policyENS5_17_Hashtable_traitsILb0ELb0ELb1EEEE5clearEv
                0x038077f0       0x48 build/src/main.o
                0x038077f0                std::_Hashtable<int, std::pair<int const, Path>, std::allocator<std::pair<int const, Path> >, std::__detail::_Select1st, std::equal_to<int>, std::hash<int>, std::__detail::_Mod_range_hashing, std::__detail::_Default_ranged_hash, std::__detail::_Prime_rehash_policy, std::__detail::_Hashtable_traits<false, false, true> >::clear()
 .text._ZN17autonomousProgramC2EPi3VecSt8functionIFvvEE
                0x03807838       0xac build/src/main.o
                0x03807838                autonomousProgram::autonomousProgram(int*, Vec, std::function<void ()>)
 .text._ZNSt17_Function_handlerIFvvEN10autonomous8routine1MUlvE_EE9_M_invokeERKSt9_Any_data
                0x038078e4       0x8c build/src/main.o
                0x038078e4                std::_Function_handler<void (), autonomous::routine1::{lambda()#1}>::_M_invoke(std::_Any_data const&)
 .text._ZNSt14_Function_base13_Base_managerIN10autonomous8routine1MUlvE_EE10_M_managerERSt9_Any_dataRKS4_St18_Manager_operation
                0x03807970       0x64 build/src/main.o
                0x03807970                std::_Function_base::_Base_manager<autonomous::routine1::{lambda()#1}>::_M_manager(std::_Any_data&, autonomous::routine1::{lambda()#1} const&, std::_Manager_operation)
 .text._ZNSt17_Function_handlerIFvvEN10autonomous8routine2MUlvE_EE9_M_invokeERKSt9_Any_data
                0x038079d4        0x4 build/src/main.o
                0x038079d4                std::_Function_handler<void (), autonomous::routine2::{lambda()#1}>::_M_invoke(std::_Any_data const&)
 .text._ZNSt14_Function_base13_Base_managerIN10autonomous8routine2MUlvE_EE10_M_managerERSt9_Any_dataRKS4_St18_Manager_operation
                0x038079d8       0x64 build/src/main.o
                0x038079d8                std::_Function_base::_Base_manager<autonomous::routine2::{lambda()#1}>::_M_manager(std::_Any_data&, autonomous::routine2::{lambda()#1} const&, std::_Manager_operation)
 .text._ZNSt17_Function_handlerIFvvEN10autonomous8routine3MUlvE_EE9_M_invokeERKSt9_Any_data
                0x03807a3c        0x4 build/src/main.o
                0x03807a3c                std::_Function_handler<void (), autonomous::routine3::{lambda()#1}>::_M_invoke(std::_Any_data const&)
 .text._ZNSt14_Function_base13_Base_managerIN10autonomous8routine3MUlvE_EE10_M_managerERSt9_Any_dataRKS4_St18_Manager_operation
                0x03807a40       0x64 build/src/main.o
                0x03807a40                std::_Function_base::_Base_manager<autonomous::routine3::{lambda()#1}>::_M_manager(std::_Any_data&, autonomous::routine3::{lambda()#1} const&, std::_Manager_operation)
 .text._ZNSt17_Function_handlerIFvvEN10autonomous8routine4MUlvE_EE9_M_invokeERKSt9_Any_data
                0x03807aa4        0x4 build/src/main.o
                0x03807aa4                std::_Function_handler<void (), autonomous::routine4::{lambda()#1}>::_M_invoke(std::_Any_data const&)
 .text._ZNSt14_Function_base13_Base_managerIN10autonomous8routine4MUlvE_EE10_M_managerERSt9_Any_dataRKS4_St18_Manager_operation
                0x03807aa8       0x64 build/src/main.o
                0x03807aa8                std::_Function_base::_Base_manager<autonomous::routine4::{lambda()#1}>::_M_manager(std::_Any_data&, autonomous::routine4::{lambda()#1} const&, std::_Manager_operation)
 .text._ZNSt17_Function_handlerIFvvEN10autonomous8routine5MUlvE_EE9_M_invokeERKSt9_Any_data
                0x03807b0c        0x4 build/src/main.o
                0x03807b0c                std::_Function_handler<void (), autonomous::routine5::{lambda()#1}>::_M_invoke(std::_Any_data const&)
 .text._ZNSt14_Function_base13_Base_managerIN10autonomous8routine5MUlvE_EE10_M_managerERSt9_Any_dataRKS4_St18_Manager_operation
                0x03807b10       0x64 build/src/main.o
                0x03807b10                std::_Function_base::_Base_manager<autonomous::routine5::{lambda()#1}>::_M_manager(std::_Any_data&, autonomous::routine5::{lambda()#1} const&, std::_Manager_operation)
 .text._ZNSt17_Function_handlerIFvvEN10autonomous8routine6MUlvE_EE9_M_invokeERKSt9_Any_data
                0x03807b74        0x4 build/src/main.o
                0x03807b74                std::_Function_handler<void (), autonomous::routine6::{lambda()#1}>::_M_invoke(std::_Any_data const&)
 .text._ZNSt14_Function_base13_Base_managerIN10autonomous8routine6MUlvE_EE10_M_managerERSt9_Any_dataRKS4_St18_Manager_operation
                0x03807b78       0x64 build/src/main.o
                0x03807b78                std::_Function_base::_Base_manager<autonomous::routine6::{lambda()#1}>::_M_manager(std::_Any_data&, autonomous::routine6::{lambda()#1} const&, std::_Manager_operation)
 .text._ZNSt17_Function_handlerIFvvEN10autonomous6skillsMUlvE_EE9_M_invokeERKSt9_Any_data
                0x03807bdc        0x4 build/src/main.o
                0x03807bdc                std::_Function_handler<void (), autonomous::skills::{lambda()#1}>::_M_invoke(std::_Any_data const&)
 .text._ZNSt14_Function_base13_Base_managerIN10autonomous6skillsMUlvE_EE10_M_managerERSt9_Any_dataRKS4_St18_Manager_operation
                0x03807be0       0x64 build/src/main.o
                0x03807be0                std::_Function_base::_Base_manager<autonomous::skills::{lambda()#1}>::_M_manager(std::_Any_data&, autonomous::skills::{lambda()#1} const&, std::_Manager_operation)
 .text._ZN5field11FieldVisualC2Ejjji
                0x03807c44       0xa4 build/src/main.o
                0x03807c44                field::FieldVisual::FieldVisual(unsigned int, unsigned int, unsigned int, int)
 .text._ZZ9pre_autonvEN3$_18__invokeEv
                0x03807ce8        0xc build/src/main.o
 .text._ZZ9pre_autonvENK3$_1clEv
                0x03807cf4       0x14 build/src/main.o
 .text._ZZ9pre_autonvEN3$_28__invokeEv
                0x03807d08        0xc build/src/main.o
 .text._ZZ9pre_autonvEN3$_38__invokeEv
                0x03807d14        0xc build/src/main.o
 .text._ZZ9pre_autonvEN3$_48__invokeEv
                0x03807d20       0x14 build/src/main.o
 .text._ZZ9pre_autonvEN3$_58__invokeEv
                0x03807d34        0xc build/src/main.o
 .text._ZZ9pre_autonvEN3$_68__invokeEv
                0x03807d40        0xc build/src/main.o
 .text._ZZ9pre_autonvENK3$_6clEv
                0x03807d4c       0x20 build/src/main.o
 .text._ZZ11usercontrolvEN3$_78__invokeEv
                0x03807d6c       0x3c build/src/main.o
 .text._ZZZ11usercontrolvENK3$_7clEvENUlvE_8__invokeEv
                0x03807da8       0x6c build/src/main.o
 .text._ZZ11usercontrolvEN3$_88__invokeEv
                0x03807e14       0x18 build/src/main.o
 .text._ZZ11usercontrolvEN3$_98__invokeEv
                0x03807e2c       0x18 build/src/main.o
 .text._ZZ11usercontrolvEN4$_108__invokeEv
                0x03807e44       0x14 build/src/main.o
 .text._ZZ11usercontrolvEN4$_118__invokeEv
                0x03807e58       0x40 build/src/main.o
 .text._ZZZ11usercontrolvENK4$_11clEvENUlvE_8__invokeEv
                0x03807e98       0x78 build/src/main.o
 .text._ZZ11usercontrolvEN4$_128__invokeEv
                0x03807f10       0x30 build/src/main.o
 .text._ZZ11usercontrolvEN4$_138__invokeEv
                0x03807f40       0x2c build/src/main.o
 *fill*         0x03807f6c        0x4 
 .text._ZZ11usercontrolvEN4$_148__invokeEv
                0x03807f70       0x48 build/src/main.o
 .text._ZZ11usercontrolvEN4$_158__invokeEv
                0x03807fb8       0x78 build/src/main.o
 .text._ZZ11usercontrolvEN4$_168__invokeEv
                0x03808030       0x40 build/src/main.o
 .text._ZZ11usercontrolvEN4$_178__invokeEv
                0x03808070       0x40 build/src/main.o
 .text._ZZ11usercontrolvEN4$_188__invokeEv
                0x038080b0        0xc build/src/main.o
 .text._ZNSt12_Vector_baseIN10MotionPath2PtESaIS1_EE11_M_allocateEj
                0x038080bc       0x3c build/src/main.o
                0x038080bc                std::_Vector_base<MotionPath::Pt, std::allocator<MotionPath::Pt> >::_M_allocate(unsigned int)
 .text._ZNSt6vectorI6SystemSaIS0_EE20_M_allocate_and_copyIN9__gnu_cxx17__normal_iteratorIPKS0_S2_EEEEPS0_jT_SA_
                0x038080f8       0x4c build/src/main.o
                0x038080f8                System* std::vector<System, std::allocator<System> >::_M_allocate_and_copy<__gnu_cxx::__normal_iterator<System const*, std::vector<System, std::allocator<System> > > >(unsigned int, __gnu_cxx::__normal_iterator<System const*, std::vector<System, std::allocator<System> > >, __gnu_cxx::__normal_iterator<System const*, std::vector<System, std::allocator<System> > >)
 .text._ZNSt12_Vector_baseI6SystemSaIS0_EE11_M_allocateEj
                0x03808144       0x30 build/src/main.o
                0x03808144                std::_Vector_base<System, std::allocator<System> >::_M_allocate(unsigned int)
 .text._ZNSt6vectorI4GainSaIS0_EEaSERKS2_
                0x03808174      0x190 build/src/main.o
                0x03808174                std::vector<Gain, std::allocator<Gain> >::operator=(std::vector<Gain, std::allocator<Gain> > const&)
 .text._ZNSt6vectorI6SystemSaIS0_EE19_M_range_initializeIPKS0_EEvT_S6_St20forward_iterator_tag
                0x03808304       0x5c build/src/main.o
                0x03808304                void std::vector<System, std::allocator<System> >::_M_range_initialize<System const*>(System const*, System const*, std::forward_iterator_tag)
 .text._ZN20PolynomialRegressionIdED2Ev
                0x03808360       0x54 build/src/main.o
                0x03808360                PolynomialRegression<double>::~PolynomialRegression()
 .text._ZN20PolynomialRegressionIdED0Ev
                0x038083b4       0x14 build/src/main.o
                0x038083b4                PolynomialRegression<double>::~PolynomialRegression()
 .text._ZNSt6vectorIdSaIdEE19_M_emplace_back_auxIJRKdEEEvDpOT_
                0x038083c8       0x80 build/src/main.o
                0x038083c8                void std::vector<double, std::allocator<double> >::_M_emplace_back_aux<double const&>(double const&)
 .text._ZNKSt6vectorIdSaIdEE12_M_check_lenEjPKc
                0x03808448       0x54 build/src/main.o
                0x03808448                std::vector<double, std::allocator<double> >::_M_check_len(unsigned int, char const*) const
 .text._ZNSt12_Vector_baseIdSaIdEE11_M_allocateEj
                0x0380849c       0x30 build/src/main.o
                0x0380849c                std::_Vector_base<double, std::allocator<double> >::_M_allocate(unsigned int)
 .text._ZNSt6vectorIdSaIdEE19_M_emplace_back_auxIJdEEEvDpOT_
                0x038084cc       0x80 build/src/main.o
                0x038084cc                void std::vector<double, std::allocator<double> >::_M_emplace_back_aux<double>(double&&)
 .text._ZNSt6vectorIdSaIdEEC2EjRKS0_
                0x0380854c       0x54 build/src/main.o
                0x0380854c                std::vector<double, std::allocator<double> >::vector(unsigned int, std::allocator<double> const&)
 .text._ZNSt6vectorIdSaIdEEC2EjRKdRKS0_
                0x038085a0       0x5c build/src/main.o
                0x038085a0                std::vector<double, std::allocator<double> >::vector(unsigned int, double const&, std::allocator<double> const&)
 .text._ZNSt6vectorIS_IdSaIdEESaIS1_EEC2EjRKS1_RKS2_
                0x038085fc       0x68 build/src/main.o
                0x038085fc                std::vector<std::vector<double, std::allocator<double> >, std::allocator<std::vector<double, std::allocator<double> > > >::vector(unsigned int, std::vector<double, std::allocator<double> > const&, std::allocator<std::vector<double, std::allocator<double> > > const&)
 .text._ZNSt6vectorIdSaIdEE6resizeEj
                0x03808664       0x30 build/src/main.o
                0x03808664                std::vector<double, std::allocator<double> >::resize(unsigned int)
 .text._ZNSt6vectorIS_IdSaIdEESaIS1_EED2Ev
                0x03808694       0x50 build/src/main.o
                0x03808694                std::vector<std::vector<double, std::allocator<double> >, std::allocator<std::vector<double, std::allocator<double> > > >::~vector()
 .text._ZNSt12_Vector_baseISt6vectorIdSaIdEESaIS2_EE11_M_allocateEj
                0x038086e4       0x3c build/src/main.o
                0x038086e4                std::_Vector_base<std::vector<double, std::allocator<double> >, std::allocator<std::vector<double, std::allocator<double> > > >::_M_allocate(unsigned int)
 .text._ZNSt6vectorIdSaIdEEC2ERKS1_
                0x03808720       0x78 build/src/main.o
                0x03808720                std::vector<double, std::allocator<double> >::vector(std::vector<double, std::allocator<double> > const&)
 .text._ZNSt6vectorIdSaIdEE17_M_default_appendEj
                0x03808798       0xcc build/src/main.o
                0x03808798                std::vector<double, std::allocator<double> >::_M_default_append(unsigned int)
 .text._ZSt9__find_ifIPiN9__gnu_cxx5__ops16_Iter_equals_valIKjEEET_S6_S6_T0_St26random_access_iterator_tag
                0x03808864       0xdc build/src/main.o
                0x03808864                int* std::__find_if<int*, __gnu_cxx::__ops::_Iter_equals_val<unsigned int const> >(int*, int*, __gnu_cxx::__ops::_Iter_equals_val<unsigned int const>, std::random_access_iterator_tag)
 .text._GLOBAL__sub_I_main.cpp
                0x03808940      0x160 build/src/main.o
 .text._ZN3vex11motor_groupC2IJNS_5motorES2_S2_EEERS2_DpRT_
                0x03808aa0       0x50 build/src/robot-config.o
                0x03808aa0                vex::motor_group::motor_group<vex::motor, vex::motor, vex::motor>(vex::motor&, vex::motor&, vex::motor&, vex::motor&)
 .text._Z11vexcodeInitv
                0x03808af0        0x4 build/src/robot-config.o
                0x03808af0                vexcodeInit()
 .text._GLOBAL__sub_I_robot_config.cpp
                0x03808af4      0x53c build/src/robot-config.o
 .text.vexMain  0x03809030       0xb0 C:\Program Files (x86)\VEX Robotics\VEXcode Pro V5\sdk/vexv5\libv5rt.a(v5_startup.c.obj)
                0x03809030                vexMain
 .text.__vex_function_prolog
                0x038090e0       0x18 C:\Program Files (x86)\VEX Robotics\VEXcode Pro V5\sdk/vexv5\libv5rt.a(v5_startup.c.obj)
                0x038090e0                __vex_function_prolog
 .text._init    0x038090f8        0x4 C:\Program Files (x86)\VEX Robotics\VEXcode Pro V5\sdk/vexv5\libv5rt.a(v5_startup.c.obj)
                0x038090f8                _init
 .text._fini    0x038090fc        0x4 C:\Program Files (x86)\VEX Robotics\VEXcode Pro V5\sdk/vexv5\libv5rt.a(v5_startup.c.obj)
                0x038090fc                _fini
 .text.vexStdlibVersionLinked
                0x03809100        0xc C:\Program Files (x86)\VEX Robotics\VEXcode Pro V5\sdk/vexv5\libv5rt.a(v5_util.c.obj)
                0x03809100                vexStdlibVersionLinked
 .text.vexStdlibVersionVerify
                0x0380910c       0x30 C:\Program Files (x86)\VEX Robotics\VEXcode Pro V5\sdk/vexv5\libv5rt.a(v5_util.c.obj)
                0x0380910c                vexStdlibVersionVerify
 .text.vexPrivateApiEnable
                0x0380913c       0x10 C:\Program Files (x86)\VEX Robotics\VEXcode Pro V5\sdk/vexv5\libv5rt.a(v5_apijump.c.obj)
                0x0380913c                vexPrivateApiEnable
 .text.vexStdlibMismatchError
                0x0380914c       0x3c C:\Program Files (x86)\VEX Robotics\VEXcode Pro V5\sdk/vexv5\libv5rt.a(v5_apijump.c.obj)
                0x0380914c                vexStdlibMismatchError
 .text.vexScratchMemoryPtr
                0x03809188       0x30 C:\Program Files (x86)\VEX Robotics\VEXcode Pro V5\sdk/vexv5\libv5rt.a(v5_apijump.c.obj)
                0x03809188                vexScratchMemoryPtr
 .text.vexTaskAdd
                0x038091b8       0x10 C:\Program Files (x86)\VEX Robotics\VEXcode Pro V5\sdk/vexv5\libv5rt.a(v5_apijump.c.obj)
                0x038091b8                vexTaskAdd
 .text.vexTasksRun
                0x038091c8       0x10 C:\Program Files (x86)\VEX Robotics\VEXcode Pro V5\sdk/vexv5\libv5rt.a(v5_apijump.c.obj)
                0x038091c8                vexTasksRun
 .text.vexTaskYield
                0x038091d8       0x10 C:\Program Files (x86)\VEX Robotics\VEXcode Pro V5\sdk/vexv5\libv5rt.a(v5_apijump.c.obj)
                0x038091d8                vexTaskYield
 .text.vexTaskCheckTimeslice
                0x038091e8       0x10 C:\Program Files (x86)\VEX Robotics\VEXcode Pro V5\sdk/vexv5\libv5rt.a(v5_apijump.c.obj)
                0x038091e8                vexTaskCheckTimeslice
 .text.vexTaskSleep
                0x038091f8       0x10 C:\Program Files (x86)\VEX Robotics\VEXcode Pro V5\sdk/vexv5\libv5rt.a(v5_apijump.c.obj)
                0x038091f8                vexTaskSleep
 .text.vexTasksDump
                0x03809208       0x1c C:\Program Files (x86)\VEX Robotics\VEXcode Pro V5\sdk/vexv5\libv5rt.a(v5_apijump.c.obj)
                0x03809208                vexTasksDump
 .text.vexTaskGetTaskIndex
                0x03809224       0x10 C:\Program Files (x86)\VEX Robotics\VEXcode Pro V5\sdk/vexv5\libv5rt.a(v5_apijump.c.obj)
                0x03809224                vexTaskGetTaskIndex
 .text.vexTaskStopAll
                0x03809234       0x10 C:\Program Files (x86)\VEX Robotics\VEXcode Pro V5\sdk/vexv5\libv5rt.a(v5_apijump.c.obj)
                0x03809234                vexTaskStopAll
 .text.vexTaskRemoveAllUser
                0x03809244       0x34 C:\Program Files (x86)\VEX Robotics\VEXcode Pro V5\sdk/vexv5\libv5rt.a(v5_apijump.c.obj)
                0x03809244                vexTaskRemoveAllUser
 .text.vexTaskCompletionIdSet
                0x03809278       0x10 C:\Program Files (x86)\VEX Robotics\VEXcode Pro V5\sdk/vexv5\libv5rt.a(v5_apijump.c.obj)
                0x03809278                vexTaskCompletionIdSet
 .text.vexTaskStopWithId
                0x03809288       0x10 C:\Program Files (x86)\VEX Robotics\VEXcode Pro V5\sdk/vexv5\libv5rt.a(v5_apijump.c.obj)
                0x03809288                vexTaskStopWithId
 .text.vexCriticalSection
                0x03809298       0x2c C:\Program Files (x86)\VEX Robotics\VEXcode Pro V5\sdk/vexv5\libv5rt.a(v5_apijump.c.obj)
                0x03809298                vexCriticalSection
 .text.vexEventAdd
                0x038092c4       0x34 C:\Program Files (x86)\VEX Robotics\VEXcode Pro V5\sdk/vexv5\libv5rt.a(v5_apijump.c.obj)
                0x038092c4                vexEventAdd
 .text.vexEventUserIndexGet
                0x038092f8       0x1c C:\Program Files (x86)\VEX Robotics\VEXcode Pro V5\sdk/vexv5\libv5rt.a(v5_apijump.c.obj)
                0x038092f8                vexEventUserIndexGet
 .text.vexEventAddWithArg
                0x03809314       0x3c C:\Program Files (x86)\VEX Robotics\VEXcode Pro V5\sdk/vexv5\libv5rt.a(v5_apijump.c.obj)
                0x03809314                vexEventAddWithArg
 .text.vexEventsCleanup
                0x03809350       0x2c C:\Program Files (x86)\VEX Robotics\VEXcode Pro V5\sdk/vexv5\libv5rt.a(v5_apijump.c.obj)
                0x03809350                vexEventsCleanup
 .text.vexDebug
                0x0380937c       0x38 C:\Program Files (x86)\VEX Robotics\VEXcode Pro V5\sdk/vexv5\libv5rt.a(v5_apijump.c.obj)
                0x0380937c                vexDebug
 .text.vex_sprintf
                0x038093b4       0x40 C:\Program Files (x86)\VEX Robotics\VEXcode Pro V5\sdk/vexv5\libv5rt.a(v5_apijump.c.obj)
                0x038093b4                vex_sprintf
 .text.vex_vsnprintf
                0x038093f4       0x3c C:\Program Files (x86)\VEX Robotics\VEXcode Pro V5\sdk/vexv5\libv5rt.a(v5_apijump.c.obj)
                0x038093f4                vex_vsnprintf
 .text.vexSystemTimeGet
                0x03809430       0x1c C:\Program Files (x86)\VEX Robotics\VEXcode Pro V5\sdk/vexv5\libv5rt.a(v5_apijump.c.obj)
                0x03809430                vexSystemTimeGet
 .text.vexSystemExitRequest
                0x0380944c       0x1c C:\Program Files (x86)\VEX Robotics\VEXcode Pro V5\sdk/vexv5\libv5rt.a(v5_apijump.c.obj)
                0x0380944c                vexSystemExitRequest
 .text.vexDeviceGetByIndex
                0x03809468       0x24 C:\Program Files (x86)\VEX Robotics\VEXcode Pro V5\sdk/vexv5\libv5rt.a(v5_apijump.c.obj)
                0x03809468                vexDeviceGetByIndex
 .text.vexControllerGet
                0x0380948c       0x2c C:\Program Files (x86)\VEX Robotics\VEXcode Pro V5\sdk/vexv5\libv5rt.a(v5_apijump.c.obj)
                0x0380948c                vexControllerGet
 .text.vexControllerTextSet
                0x038094b8       0x74 C:\Program Files (x86)\VEX Robotics\VEXcode Pro V5\sdk/vexv5\libv5rt.a(v5_apijump.c.obj)
                0x038094b8                vexControllerTextSet
 .text.vexDeviceAdiPortConfigSet
                0x0380952c       0x34 C:\Program Files (x86)\VEX Robotics\VEXcode Pro V5\sdk/vexv5\libv5rt.a(v5_apijump.c.obj)
                0x0380952c                vexDeviceAdiPortConfigSet
 .text.vexDeviceAdiPortConfigGet
                0x03809560       0x2c C:\Program Files (x86)\VEX Robotics\VEXcode Pro V5\sdk/vexv5\libv5rt.a(v5_apijump.c.obj)
                0x03809560                vexDeviceAdiPortConfigGet
 .text.vexDeviceAdiValueSet
                0x0380958c       0x34 C:\Program Files (x86)\VEX Robotics\VEXcode Pro V5\sdk/vexv5\libv5rt.a(v5_apijump.c.obj)
                0x0380958c                vexDeviceAdiValueSet
 .text.vexDeviceAdiValueGet
                0x038095c0       0x2c C:\Program Files (x86)\VEX Robotics\VEXcode Pro V5\sdk/vexv5\libv5rt.a(v5_apijump.c.obj)
                0x038095c0                vexDeviceAdiValueGet
 .text.vexDeviceMotorVelocitySet
                0x038095ec       0x2c C:\Program Files (x86)\VEX Robotics\VEXcode Pro V5\sdk/vexv5\libv5rt.a(v5_apijump.c.obj)
                0x038095ec                vexDeviceMotorVelocitySet
 .text.vexDeviceMotorVoltageSet
                0x03809618       0x2c C:\Program Files (x86)\VEX Robotics\VEXcode Pro V5\sdk/vexv5\libv5rt.a(v5_apijump.c.obj)
                0x03809618                vexDeviceMotorVoltageSet
 .text.vexDeviceMotorActualVelocityGet
                0x03809644       0x24 C:\Program Files (x86)\VEX Robotics\VEXcode Pro V5\sdk/vexv5\libv5rt.a(v5_apijump.c.obj)
                0x03809644                vexDeviceMotorActualVelocityGet
 .text.vexDeviceMotorCurrentGet
                0x03809668       0x24 C:\Program Files (x86)\VEX Robotics\VEXcode Pro V5\sdk/vexv5\libv5rt.a(v5_apijump.c.obj)
                0x03809668                vexDeviceMotorCurrentGet
 .text.vexDeviceMotorReverseFlagSet
                0x0380968c       0x2c C:\Program Files (x86)\VEX Robotics\VEXcode Pro V5\sdk/vexv5\libv5rt.a(v5_apijump.c.obj)
                0x0380968c                vexDeviceMotorReverseFlagSet
 .text.vexDeviceMotorEncoderUnitsSet
                0x038096b8       0x2c C:\Program Files (x86)\VEX Robotics\VEXcode Pro V5\sdk/vexv5\libv5rt.a(v5_apijump.c.obj)
                0x038096b8                vexDeviceMotorEncoderUnitsSet
 .text.vexDeviceMotorBrakeModeSet
                0x038096e4       0x2c C:\Program Files (x86)\VEX Robotics\VEXcode Pro V5\sdk/vexv5\libv5rt.a(v5_apijump.c.obj)
                0x038096e4                vexDeviceMotorBrakeModeSet
 .text.vexDeviceMotorPositionSet
                0x03809710       0x34 C:\Program Files (x86)\VEX Robotics\VEXcode Pro V5\sdk/vexv5\libv5rt.a(v5_apijump.c.obj)
                0x03809710                vexDeviceMotorPositionSet
 .text.vexDeviceMotorPositionGet
                0x03809744       0x24 C:\Program Files (x86)\VEX Robotics\VEXcode Pro V5\sdk/vexv5\libv5rt.a(v5_apijump.c.obj)
                0x03809744                vexDeviceMotorPositionGet
 .text.vexDeviceMotorGearingSet
                0x03809768       0x2c C:\Program Files (x86)\VEX Robotics\VEXcode Pro V5\sdk/vexv5\libv5rt.a(v5_apijump.c.obj)
                0x03809768                vexDeviceMotorGearingSet
 .text.vexDeviceMotorGearingGet
                0x03809794       0x24 C:\Program Files (x86)\VEX Robotics\VEXcode Pro V5\sdk/vexv5\libv5rt.a(v5_apijump.c.obj)
                0x03809794                vexDeviceMotorGearingGet
 .text.vexDeviceImuReset
                0x038097b8       0x24 C:\Program Files (x86)\VEX Robotics\VEXcode Pro V5\sdk/vexv5\libv5rt.a(v5_apijump.c.obj)
                0x038097b8                vexDeviceImuReset
 .text.vexDeviceImuHeadingGet
                0x038097dc       0x24 C:\Program Files (x86)\VEX Robotics\VEXcode Pro V5\sdk/vexv5\libv5rt.a(v5_apijump.c.obj)
                0x038097dc                vexDeviceImuHeadingGet
 .text.vexDeviceImuDegreesGet
                0x03809800       0x24 C:\Program Files (x86)\VEX Robotics\VEXcode Pro V5\sdk/vexv5\libv5rt.a(v5_apijump.c.obj)
                0x03809800                vexDeviceImuDegreesGet
 .text.vexDeviceImuStatusGet
                0x03809824       0x24 C:\Program Files (x86)\VEX Robotics\VEXcode Pro V5\sdk/vexv5\libv5rt.a(v5_apijump.c.obj)
                0x03809824                vexDeviceImuStatusGet
 .text.vexDisplayForegroundColor
                0x03809848       0x24 C:\Program Files (x86)\VEX Robotics\VEXcode Pro V5\sdk/vexv5\libv5rt.a(v5_apijump.c.obj)
                0x03809848                vexDisplayForegroundColor
 .text.vexDisplayBackgroundColor
                0x0380986c       0x24 C:\Program Files (x86)\VEX Robotics\VEXcode Pro V5\sdk/vexv5\libv5rt.a(v5_apijump.c.obj)
                0x0380986c                vexDisplayBackgroundColor
 .text.vexDisplayCopyRect
                0x03809890       0x5c C:\Program Files (x86)\VEX Robotics\VEXcode Pro V5\sdk/vexv5\libv5rt.a(v5_apijump.c.obj)
                0x03809890                vexDisplayCopyRect
 .text.vexDisplayPixelSet
                0x038098ec       0x38 C:\Program Files (x86)\VEX Robotics\VEXcode Pro V5\sdk/vexv5\libv5rt.a(v5_apijump.c.obj)
                0x038098ec                vexDisplayPixelSet
 .text.vexDisplayLineDraw
                0x03809924       0x4c C:\Program Files (x86)\VEX Robotics\VEXcode Pro V5\sdk/vexv5\libv5rt.a(v5_apijump.c.obj)
                0x03809924                vexDisplayLineDraw
 .text.vexDisplayRectDraw
                0x03809970       0x4c C:\Program Files (x86)\VEX Robotics\VEXcode Pro V5\sdk/vexv5\libv5rt.a(v5_apijump.c.obj)
                0x03809970                vexDisplayRectDraw
 .text.vexDisplayRectClear
                0x038099bc       0x4c C:\Program Files (x86)\VEX Robotics\VEXcode Pro V5\sdk/vexv5\libv5rt.a(v5_apijump.c.obj)
                0x038099bc                vexDisplayRectClear
 .text.vexDisplayCircleDraw
                0x03809a08       0x40 C:\Program Files (x86)\VEX Robotics\VEXcode Pro V5\sdk/vexv5\libv5rt.a(v5_apijump.c.obj)
                0x03809a08                vexDisplayCircleDraw
 .text.vexDisplayCircleClear
                0x03809a48       0x40 C:\Program Files (x86)\VEX Robotics\VEXcode Pro V5\sdk/vexv5\libv5rt.a(v5_apijump.c.obj)
                0x03809a48                vexDisplayCircleClear
 .text.vexDisplayVPrintf
                0x03809a88       0x50 C:\Program Files (x86)\VEX Robotics\VEXcode Pro V5\sdk/vexv5\libv5rt.a(v5_apijump.c.obj)
                0x03809a88                vexDisplayVPrintf
 .text.vexDisplayTextReference
                0x03809ad8       0x24 C:\Program Files (x86)\VEX Robotics\VEXcode Pro V5\sdk/vexv5\libv5rt.a(v5_apijump.c.obj)
                0x03809ad8                vexDisplayTextReference
 .text.vexDisplayTextSize
                0x03809afc       0x2c C:\Program Files (x86)\VEX Robotics\VEXcode Pro V5\sdk/vexv5\libv5rt.a(v5_apijump.c.obj)
                0x03809afc                vexDisplayTextSize
 .text.vexDisplayFontNamedSet
                0x03809b28       0x24 C:\Program Files (x86)\VEX Robotics\VEXcode Pro V5\sdk/vexv5\libv5rt.a(v5_apijump.c.obj)
                0x03809b28                vexDisplayFontNamedSet
 .text.vexDisplayStringWidthGet
                0x03809b4c       0x24 C:\Program Files (x86)\VEX Robotics\VEXcode Pro V5\sdk/vexv5\libv5rt.a(v5_apijump.c.obj)
                0x03809b4c                vexDisplayStringWidthGet
 .text.vexDisplayPenSizeSet
                0x03809b70       0x24 C:\Program Files (x86)\VEX Robotics\VEXcode Pro V5\sdk/vexv5\libv5rt.a(v5_apijump.c.obj)
                0x03809b70                vexDisplayPenSizeSet
 .text.vexDisplayPenSizeGet
                0x03809b94       0x1c C:\Program Files (x86)\VEX Robotics\VEXcode Pro V5\sdk/vexv5\libv5rt.a(v5_apijump.c.obj)
                0x03809b94                vexDisplayPenSizeGet
 .text.vexFileOpen
                0x03809bb0       0x2c C:\Program Files (x86)\VEX Robotics\VEXcode Pro V5\sdk/vexv5\libv5rt.a(v5_apijump.c.obj)
                0x03809bb0                vexFileOpen
 .text.vexFileClose
                0x03809bdc       0x24 C:\Program Files (x86)\VEX Robotics\VEXcode Pro V5\sdk/vexv5\libv5rt.a(v5_apijump.c.obj)
                0x03809bdc                vexFileClose
 .text.vexFileRead
                0x03809c00       0x3c C:\Program Files (x86)\VEX Robotics\VEXcode Pro V5\sdk/vexv5\libv5rt.a(v5_apijump.c.obj)
                0x03809c00                vexFileRead
 .text.vexFileSize
                0x03809c3c       0x24 C:\Program Files (x86)\VEX Robotics\VEXcode Pro V5\sdk/vexv5\libv5rt.a(v5_apijump.c.obj)
                0x03809c3c                vexFileSize
 .text.vexSystemStdlibImpureDataAddr
                0x03809c60       0x28 C:\Program Files (x86)\VEX Robotics\VEXcode Pro V5\sdk/vexv5\libv5rt.a(v5_apijump.c.obj)
                0x03809c60                vexSystemStdlibImpureDataAddr
 .text.vexSystemStdlibImpureDataSize
                0x03809c88       0x28 C:\Program Files (x86)\VEX Robotics\VEXcode Pro V5\sdk/vexv5\libv5rt.a(v5_apijump.c.obj)
                0x03809c88                vexSystemStdlibImpureDataSize
 .text.vexSystemSaveUserData
                0x03809cb0       0x3c C:\Program Files (x86)\VEX Robotics\VEXcode Pro V5\sdk/vexv5\libv5rt.a(v5_apijump.c.obj)
                0x03809cb0                vexSystemSaveUserData
 .text.vexTouchDataGet
                0x03809cec       0x10 C:\Program Files (x86)\VEX Robotics\VEXcode Pro V5\sdk/vexv5\libv5rt.a(v5_apijump.c.obj)
                0x03809cec                vexTouchDataGet
 .text.vexImageBmpRead
                0x03809cfc       0x3c C:\Program Files (x86)\VEX Robotics\VEXcode Pro V5\sdk/vexv5\libv5rt.a(v5_apijump.c.obj)
                0x03809cfc                vexImageBmpRead
 .text.vexImagePngRead
                0x03809d38       0x44 C:\Program Files (x86)\VEX Robotics\VEXcode Pro V5\sdk/vexv5\libv5rt.a(v5_apijump.c.obj)
                0x03809d38                vexImagePngRead
 .text.vexDisplayThemeIdGet
                0x03809d7c       0x38 C:\Program Files (x86)\VEX Robotics\VEXcode Pro V5\sdk/vexv5\libv5rt.a(v5_apijump.c.obj)
                0x03809d7c                vexDisplayThemeIdGet
 .text.vexCompetitionStatus
                0x03809db4       0x1c C:\Program Files (x86)\VEX Robotics\VEXcode Pro V5\sdk/vexv5\libv5rt.a(v5_apijump.c.obj)
                0x03809db4                vexCompetitionStatus
 .text.vexDeviceEventMaskSet
                0x03809dd0       0x48 C:\Program Files (x86)\VEX Robotics\VEXcode Pro V5\sdk/vexv5\libv5rt.a(v5_apijump.c.obj)
                0x03809dd0                vexDeviceEventMaskSet
 .text.vexDeviceEventMaskGet
                0x03809e18       0x3c C:\Program Files (x86)\VEX Robotics\VEXcode Pro V5\sdk/vexv5\libv5rt.a(v5_apijump.c.obj)
                0x03809e18                vexDeviceEventMaskGet
 .text.vexSystemVersion
                0x03809e54       0x10 C:\Program Files (x86)\VEX Robotics\VEXcode Pro V5\sdk/vexv5\libv5rt.a(v5_apiversions.c.obj)
                0x03809e54                vexSystemVersion
 .text.vexStdlibVersion
                0x03809e64       0x10 C:\Program Files (x86)\VEX Robotics\VEXcode Pro V5\sdk/vexv5\libv5rt.a(v5_apiversions.c.obj)
                0x03809e64                vexStdlibVersion
 *fill*         0x03809e74        0x4 
 .text._ZN3vex4waitEdNS_9timeUnitsE
                0x03809e78       0x30 C:\Program Files (x86)\VEX Robotics\VEXcode Pro V5\sdk/vexv5\libv5rt.a(vex_global.cpp.obj)
                0x03809e78                vex::wait(double, vex::timeUnits)
 .text._ZN3vex5motorD2Ev
                0x03809ea8       0x20 C:\Program Files (x86)\VEX Robotics\VEXcode Pro V5\sdk/vexv5\libv5rt.a(vex_motor.cpp.obj)
                0x03809ea8                vex::motor::~motor()
                0x03809ea8                vex::motor::~motor()
 .text._ZN3vex5motorD0Ev
                0x03809ec8       0x1c C:\Program Files (x86)\VEX Robotics\VEXcode Pro V5\sdk/vexv5\libv5rt.a(vex_motor.cpp.obj)
                0x03809ec8                vex::motor::~motor()
 .text._ZN3vex5motor9installedEv
                0x03809ee4       0x18 C:\Program Files (x86)\VEX Robotics\VEXcode Pro V5\sdk/vexv5\libv5rt.a(vex_motor.cpp.obj)
                0x03809ee4                vex::motor::installed()
 .text._ZN3vex5motor15defaultStoppingENS_9brakeTypeE
                0x03809efc       0x30 C:\Program Files (x86)\VEX Robotics\VEXcode Pro V5\sdk/vexv5\libv5rt.a(vex_motor.cpp.obj)
                0x03809efc                vex::motor::defaultStopping(vex::brakeType)
 .text._ZN3vex5motorC2El
                0x03809f2c       0x78 C:\Program Files (x86)\VEX Robotics\VEXcode Pro V5\sdk/vexv5\libv5rt.a(vex_motor.cpp.obj)
                0x03809f2c                vex::motor::motor(long)
                0x03809f2c                vex::motor::motor(long)
 .text._ZN3vex5motorC2ElNS_11gearSettingEb
                0x03809fa4       0x34 C:\Program Files (x86)\VEX Robotics\VEXcode Pro V5\sdk/vexv5\libv5rt.a(vex_motor.cpp.obj)
                0x03809fa4                vex::motor::motor(long, vex::gearSetting, bool)
                0x03809fa4                vex::motor::motor(long, vex::gearSetting, bool)
 .text._ZN3vex5motor4spinENS_13directionTypeEdNS_12voltageUnitsE
                0x03809fd8       0x50 C:\Program Files (x86)\VEX Robotics\VEXcode Pro V5\sdk/vexv5\libv5rt.a(vex_motor.cpp.obj)
                0x03809fd8                vex::motor::spin(vex::directionType, double, vex::voltageUnits)
 .text._ZN3vex5motor4stopENS_9brakeTypeE
                0x0380a028       0x30 C:\Program Files (x86)\VEX Robotics\VEXcode Pro V5\sdk/vexv5\libv5rt.a(vex_motor.cpp.obj)
                0x0380a028                vex::motor::stop(vex::brakeType)
 .text._ZN3vex5motor7currentENS_12currentUnitsE
                0x0380a058       0x30 C:\Program Files (x86)\VEX Robotics\VEXcode Pro V5\sdk/vexv5\libv5rt.a(vex_motor.cpp.obj)
                0x0380a058                vex::motor::current(vex::currentUnits)
 .text._ZN3vex5motor7currentENS_12percentUnitsE
                0x0380a088       0x40 C:\Program Files (x86)\VEX Robotics\VEXcode Pro V5\sdk/vexv5\libv5rt.a(vex_motor.cpp.obj)
                0x0380a088                vex::motor::current(vex::percentUnits)
 .text._ZN3vex5motor16velocityToScaledEdNS_13velocityUnitsE
                0x0380a0c8       0x5c C:\Program Files (x86)\VEX Robotics\VEXcode Pro V5\sdk/vexv5\libv5rt.a(vex_motor.cpp.obj)
                0x0380a0c8                vex::motor::velocityToScaled(double, vex::velocityUnits)
 .text._ZN3vex5motor8velocityENS_13velocityUnitsE
                0x0380a124       0x30 C:\Program Files (x86)\VEX Robotics\VEXcode Pro V5\sdk/vexv5\libv5rt.a(vex_motor.cpp.obj)
                0x0380a124                vex::motor::velocity(vex::velocityUnits)
 .text._ZN3vex5motor5valueEv
                0x0380a154       0x1c C:\Program Files (x86)\VEX Robotics\VEXcode Pro V5\sdk/vexv5\libv5rt.a(vex_motor.cpp.obj)
                0x0380a154                vex::motor::value()
 .text._ZN3vex5motor16scaledToVelocityEdNS_13velocityUnitsE
                0x0380a170       0xa4 C:\Program Files (x86)\VEX Robotics\VEXcode Pro V5\sdk/vexv5\libv5rt.a(vex_motor.cpp.obj)
                0x0380a170                vex::motor::scaledToVelocity(double, vex::velocityUnits)
 .text._ZN3vex5motor4spinENS_13directionTypeEdNS_13velocityUnitsE
                0x0380a214       0x5c C:\Program Files (x86)\VEX Robotics\VEXcode Pro V5\sdk/vexv5\libv5rt.a(vex_motor.cpp.obj)
                0x0380a214                vex::motor::spin(vex::directionType, double, vex::velocityUnits)
 .text._ZN3vex5motor16setRotationUnitsENS_13rotationUnitsE
                0x0380a270       0x1c C:\Program Files (x86)\VEX Robotics\VEXcode Pro V5\sdk/vexv5\libv5rt.a(vex_motor.cpp.obj)
                0x0380a270                vex::motor::setRotationUnits(vex::rotationUnits)
 .text._ZN3vex5motor8rotationENS_13rotationUnitsE
                0x0380a28c       0x44 C:\Program Files (x86)\VEX Robotics\VEXcode Pro V5\sdk/vexv5\libv5rt.a(vex_motor.cpp.obj)
                0x0380a28c                vex::motor::rotation(vex::rotationUnits)
 .text._ZN3vex5motor8positionENS_13rotationUnitsE
                0x0380a2d0        0x4 C:\Program Files (x86)\VEX Robotics\VEXcode Pro V5\sdk/vexv5\libv5rt.a(vex_motor.cpp.obj)
                0x0380a2d0                vex::motor::position(vex::rotationUnits)
 .text._ZN3vex8inertial11getTurnTypeEv
                0x0380a2d4        0x8 C:\Program Files (x86)\VEX Robotics\VEXcode Pro V5\sdk/vexv5\libv5rt.a(vex_imu.cpp.obj)
                0x0380a2d4                vex::inertial::getTurnType()
 .text._ZThn16_N3vex8inertial11getTurnTypeEv
                0x0380a2dc        0x8 C:\Program Files (x86)\VEX Robotics\VEXcode Pro V5\sdk/vexv5\libv5rt.a(vex_imu.cpp.obj)
                0x0380a2dc                non-virtual thunk to vex::inertial::getTurnType()
 *fill*         0x0380a2e4        0x4 
 .text._ZN3vex8inertial10setHeadingEdNS_13rotationUnitsE
                0x0380a2e8       0x58 C:\Program Files (x86)\VEX Robotics\VEXcode Pro V5\sdk/vexv5\libv5rt.a(vex_imu.cpp.obj)
                0x0380a2e8                vex::inertial::setHeading(double, vex::rotationUnits)
 .text._ZThn16_N3vex8inertial10setHeadingEdNS_13rotationUnitsE
                0x0380a340        0x8 C:\Program Files (x86)\VEX Robotics\VEXcode Pro V5\sdk/vexv5\libv5rt.a(vex_imu.cpp.obj)
                0x0380a340                non-virtual thunk to vex::inertial::setHeading(double, vex::rotationUnits)
 .text._ZN3vex8inertial11setRotationEdNS_13rotationUnitsE
                0x0380a348       0x58 C:\Program Files (x86)\VEX Robotics\VEXcode Pro V5\sdk/vexv5\libv5rt.a(vex_imu.cpp.obj)
                0x0380a348                vex::inertial::setRotation(double, vex::rotationUnits)
 .text._ZThn16_N3vex8inertial11setRotationEdNS_13rotationUnitsE
                0x0380a3a0        0x8 C:\Program Files (x86)\VEX Robotics\VEXcode Pro V5\sdk/vexv5\libv5rt.a(vex_imu.cpp.obj)
                0x0380a3a0                non-virtual thunk to vex::inertial::setRotation(double, vex::rotationUnits)
 .text._ZN3vex8inertialD2Ev
                0x0380a3a8       0x20 C:\Program Files (x86)\VEX Robotics\VEXcode Pro V5\sdk/vexv5\libv5rt.a(vex_imu.cpp.obj)
                0x0380a3a8                vex::inertial::~inertial()
                0x0380a3a8                vex::inertial::~inertial()
 .text._ZThn16_N3vex8inertialD1Ev
                0x0380a3c8        0x8 C:\Program Files (x86)\VEX Robotics\VEXcode Pro V5\sdk/vexv5\libv5rt.a(vex_imu.cpp.obj)
                0x0380a3c8                non-virtual thunk to vex::inertial::~inertial()
 .text._ZN3vex8inertialD0Ev
                0x0380a3d0       0x1c C:\Program Files (x86)\VEX Robotics\VEXcode Pro V5\sdk/vexv5\libv5rt.a(vex_imu.cpp.obj)
                0x0380a3d0                vex::inertial::~inertial()
 .text._ZThn16_N3vex8inertialD0Ev
                0x0380a3ec        0x8 C:\Program Files (x86)\VEX Robotics\VEXcode Pro V5\sdk/vexv5\libv5rt.a(vex_imu.cpp.obj)
                0x0380a3ec                non-virtual thunk to vex::inertial::~inertial()
 .text._ZN3vex8inertial9installedEv
                0x0380a3f4       0x18 C:\Program Files (x86)\VEX Robotics\VEXcode Pro V5\sdk/vexv5\libv5rt.a(vex_imu.cpp.obj)
                0x0380a3f4                vex::inertial::installed()
 .text._ZN3vex8inertial5angleENS_13rotationUnitsE
                0x0380a40c       0x6c C:\Program Files (x86)\VEX Robotics\VEXcode Pro V5\sdk/vexv5\libv5rt.a(vex_imu.cpp.obj)
                0x0380a40c                vex::inertial::angle(vex::rotationUnits)
 .text._ZThn16_N3vex8inertial5angleENS_13rotationUnitsE
                0x0380a478        0x8 C:\Program Files (x86)\VEX Robotics\VEXcode Pro V5\sdk/vexv5\libv5rt.a(vex_imu.cpp.obj)
                0x0380a478                non-virtual thunk to vex::inertial::angle(vex::rotationUnits)
 .text._ZN3vex8inertial7headingENS_13rotationUnitsE
                0x0380a480        0x4 C:\Program Files (x86)\VEX Robotics\VEXcode Pro V5\sdk/vexv5\libv5rt.a(vex_imu.cpp.obj)
                0x0380a480                vex::inertial::heading(vex::rotationUnits)
 .text._ZThn16_N3vex8inertial7headingENS_13rotationUnitsE
                0x0380a484        0x8 C:\Program Files (x86)\VEX Robotics\VEXcode Pro V5\sdk/vexv5\libv5rt.a(vex_imu.cpp.obj)
                0x0380a484                non-virtual thunk to vex::inertial::heading(vex::rotationUnits)
 .text._ZN3vex8inertial5valueEv
                0x0380a48c       0x1c C:\Program Files (x86)\VEX Robotics\VEXcode Pro V5\sdk/vexv5\libv5rt.a(vex_imu.cpp.obj)
                0x0380a48c                vex::inertial::value()
 .text._ZN3vex8inertial8rotationENS_13rotationUnitsE
                0x0380a4a8       0x48 C:\Program Files (x86)\VEX Robotics\VEXcode Pro V5\sdk/vexv5\libv5rt.a(vex_imu.cpp.obj)
                0x0380a4a8                vex::inertial::rotation(vex::rotationUnits)
 .text._ZThn16_N3vex8inertial8rotationENS_13rotationUnitsE
                0x0380a4f0        0x8 C:\Program Files (x86)\VEX Robotics\VEXcode Pro V5\sdk/vexv5\libv5rt.a(vex_imu.cpp.obj)
                0x0380a4f0                non-virtual thunk to vex::inertial::rotation(vex::rotationUnits)
 .text._ZN3vex8inertial13isCalibratingEv
                0x0380a4f8       0x38 C:\Program Files (x86)\VEX Robotics\VEXcode Pro V5\sdk/vexv5\libv5rt.a(vex_imu.cpp.obj)
                0x0380a4f8                vex::inertial::isCalibrating()
 .text._ZThn16_N3vex8inertial13isCalibratingEv
                0x0380a530        0x8 C:\Program Files (x86)\VEX Robotics\VEXcode Pro V5\sdk/vexv5\libv5rt.a(vex_imu.cpp.obj)
                0x0380a530                non-virtual thunk to vex::inertial::isCalibrating()
 .text._ZN3vex8inertialC2ElNS_8turnTypeE
                0x0380a538       0x4c C:\Program Files (x86)\VEX Robotics\VEXcode Pro V5\sdk/vexv5\libv5rt.a(vex_imu.cpp.obj)
                0x0380a538                vex::inertial::inertial(long, vex::turnType)
                0x0380a538                vex::inertial::inertial(long, vex::turnType)
 .text._ZN3vex8inertial16startCalibrationEl
                0x0380a584       0x20 C:\Program Files (x86)\VEX Robotics\VEXcode Pro V5\sdk/vexv5\libv5rt.a(vex_imu.cpp.obj)
                0x0380a584                vex::inertial::startCalibration(long)
 .text._ZN3vex8inertial9calibrateEl
                0x0380a5a4        0xc C:\Program Files (x86)\VEX Robotics\VEXcode Pro V5\sdk/vexv5\libv5rt.a(vex_imu.cpp.obj)
                0x0380a5a4                vex::inertial::calibrate(long)
                0x0380a5a8                non-virtual thunk to vex::inertial::calibrate(long)
 .text._ZN3vex10controllerD2Ev
                0x0380a5b0        0x4 C:\Program Files (x86)\VEX Robotics\VEXcode Pro V5\sdk/vexv5\libv5rt.a(vex_controller.cpp.obj)
                0x0380a5b0                vex::controller::~controller()
                0x0380a5b0                vex::controller::~controller()
 .text._ZN3vex10controller5valueE19_V5_ControllerIndex
                0x0380a5b4        0x8 C:\Program Files (x86)\VEX Robotics\VEXcode Pro V5\sdk/vexv5\libv5rt.a(vex_controller.cpp.obj)
                0x0380a5b4                vex::controller::value(_V5_ControllerIndex)
 .text._ZN3vex10controller6rumbleEPKc
                0x0380a5bc       0x4c C:\Program Files (x86)\VEX Robotics\VEXcode Pro V5\sdk/vexv5\libv5rt.a(vex_controller.cpp.obj)
                0x0380a5bc                vex::controller::rumble(char const*)
 .text._ZNK3vex10controller6button8pressingEv
                0x0380a608       0xc8 C:\Program Files (x86)\VEX Robotics\VEXcode Pro V5\sdk/vexv5\libv5rt.a(vex_controller.cpp.obj)
                0x0380a608                vex::controller::button::pressing() const
 .text._ZNK3vex10controller6button7pressedEPFvvE
                0x0380a6d0      0x108 C:\Program Files (x86)\VEX Robotics\VEXcode Pro V5\sdk/vexv5\libv5rt.a(vex_controller.cpp.obj)
                0x0380a6d0                vex::controller::button::pressed(void (*)()) const
 .text._ZNK3vex10controller6button8releasedEPFvvE
                0x0380a7d8      0x108 C:\Program Files (x86)\VEX Robotics\VEXcode Pro V5\sdk/vexv5\libv5rt.a(vex_controller.cpp.obj)
                0x0380a7d8                vex::controller::button::released(void (*)()) const
 .text._ZNK3vex10controller6button21_buttonToPressedEventEv
                0x0380a8e0       0x20 C:\Program Files (x86)\VEX Robotics\VEXcode Pro V5\sdk/vexv5\libv5rt.a(vex_controller.cpp.obj)
                0x0380a8e0                vex::controller::button::_buttonToPressedEvent() const
 .text._ZNK3vex10controller6button22_buttonToReleasedEventEv
                0x0380a900       0x20 C:\Program Files (x86)\VEX Robotics\VEXcode Pro V5\sdk/vexv5\libv5rt.a(vex_controller.cpp.obj)
                0x0380a900                vex::controller::button::_buttonToReleasedEvent() const
 .text._ZN3vex10controller6buttonC2ENS0_11tButtonTypeEPS0_
                0x0380a920       0x48 C:\Program Files (x86)\VEX Robotics\VEXcode Pro V5\sdk/vexv5\libv5rt.a(vex_controller.cpp.obj)
                0x0380a920                vex::controller::button::button(vex::controller::tButtonType, vex::controller*)
                0x0380a920                vex::controller::button::button(vex::controller::tButtonType, vex::controller*)
 .text._ZNK3vex10controller4axis5valueEv
                0x0380a968       0x58 C:\Program Files (x86)\VEX Robotics\VEXcode Pro V5\sdk/vexv5\libv5rt.a(vex_controller.cpp.obj)
                0x0380a968                vex::controller::axis::value() const
 .text._ZNK3vex10controller4axis23_joystickToChangedEventEv
                0x0380a9c0       0x20 C:\Program Files (x86)\VEX Robotics\VEXcode Pro V5\sdk/vexv5\libv5rt.a(vex_controller.cpp.obj)
                0x0380a9c0                vex::controller::axis::_joystickToChangedEvent() const
 .text._ZN3vex10controller4axisC2ENS0_9tAxisTypeEPS0_
                0x0380a9e0       0x2c C:\Program Files (x86)\VEX Robotics\VEXcode Pro V5\sdk/vexv5\libv5rt.a(vex_controller.cpp.obj)
                0x0380a9e0                vex::controller::axis::axis(vex::controller::tAxisType, vex::controller*)
                0x0380a9e0                vex::controller::axis::axis(vex::controller::tAxisType, vex::controller*)
 .text._ZN3vex10controllerC2ENS_14controllerTypeE
                0x0380aa0c      0x16c C:\Program Files (x86)\VEX Robotics\VEXcode Pro V5\sdk/vexv5\libv5rt.a(vex_controller.cpp.obj)
                0x0380aa0c                vex::controller::controller(vex::controllerType)
                0x0380aa0c                vex::controller::controller(vex::controllerType)
 .text._ZN3vex10controller3lcd15getControllerIdEv
                0x0380ab78       0x10 C:\Program Files (x86)\VEX Robotics\VEXcode Pro V5\sdk/vexv5\libv5rt.a(vex_controller.cpp.obj)
                0x0380ab78                vex::controller::lcd::getControllerId()
 .text._ZN3vex10controller3lcd9setCursorEll
                0x0380ab88       0x40 C:\Program Files (x86)\VEX Robotics\VEXcode Pro V5\sdk/vexv5\libv5rt.a(vex_controller.cpp.obj)
                0x0380ab88                vex::controller::lcd::setCursor(long, long)
 .text._ZN3vex10controller3lcd5printEPKcz
                0x0380abc8       0x80 C:\Program Files (x86)\VEX Robotics\VEXcode Pro V5\sdk/vexv5\libv5rt.a(vex_controller.cpp.obj)
                0x0380abc8                vex::controller::lcd::print(char const*, ...)
 .text._ZN3vex10controller3lcd9clearLineEi
                0x0380ac48       0x80 C:\Program Files (x86)\VEX Robotics\VEXcode Pro V5\sdk/vexv5\libv5rt.a(vex_controller.cpp.obj)
                0x0380ac48                vex::controller::lcd::clearLine(int)
 .text._ZN3vex10controller3lcd11clearScreenEv
                0x0380acc8       0x5c C:\Program Files (x86)\VEX Robotics\VEXcode Pro V5\sdk/vexv5\libv5rt.a(vex_controller.cpp.obj)
                0x0380acc8                vex::controller::lcd::clearScreen()
 .text._ZN3vex4taskC2EPFivE
                0x0380ad24       0x5c C:\Program Files (x86)\VEX Robotics\VEXcode Pro V5\sdk/vexv5\libv5rt.a(vex_task.cpp.obj)
                0x0380ad24                vex::task::task(int (*)())
                0x0380ad24                vex::task::task(int (*)())
 .text._ZN3vex4taskD2Ev
                0x0380ad80        0x4 C:\Program Files (x86)\VEX Robotics\VEXcode Pro V5\sdk/vexv5\libv5rt.a(vex_task.cpp.obj)
                0x0380ad80                vex::task::~task()
                0x0380ad80                vex::task::~task()
 .text._ZN3vex4task4stopEPvi
                0x0380ad84       0x1c C:\Program Files (x86)\VEX Robotics\VEXcode Pro V5\sdk/vexv5\libv5rt.a(vex_task.cpp.obj)
                0x0380ad84                vex::task::stop(void*, int)
 .text._ZN3vex4task5sleepEm
                0x0380ada0        0x4 C:\Program Files (x86)\VEX Robotics\VEXcode Pro V5\sdk/vexv5\libv5rt.a(vex_task.cpp.obj)
                0x0380ada0                vex::task::sleep(unsigned long)
 .text._ZN3vex4task6_indexEPFivE
                0x0380ada4       0x14 C:\Program Files (x86)\VEX Robotics\VEXcode Pro V5\sdk/vexv5\libv5rt.a(vex_task.cpp.obj)
                0x0380ada4                vex::task::_index(int (*)())
 .text._ZN3vex4task8_stopAllEv
                0x0380adb8       0x3c C:\Program Files (x86)\VEX Robotics\VEXcode Pro V5\sdk/vexv5\libv5rt.a(vex_task.cpp.obj)
                0x0380adb8                vex::task::_stopAll()
 .text._ZN3vex6threadC2EPFivE
                0x0380adf4       0x5c C:\Program Files (x86)\VEX Robotics\VEXcode Pro V5\sdk/vexv5\libv5rt.a(vex_thread.cpp.obj)
                0x0380adf4                vex::thread::thread(int (*)())
                0x0380adf4                vex::thread::thread(int (*)())
 .text._ZN3vex6threadD2Ev
                0x0380ae50        0x4 C:\Program Files (x86)\VEX Robotics\VEXcode Pro V5\sdk/vexv5\libv5rt.a(vex_thread.cpp.obj)
                0x0380ae50                vex::thread::~thread()
                0x0380ae50                vex::thread::~thread()
 .text._ZN3vex11this_thread9sleep_forEm
                0x0380ae54        0x4 C:\Program Files (x86)\VEX Robotics\VEXcode Pro V5\sdk/vexv5\libv5rt.a(vex_thread.cpp.obj)
                0x0380ae54                vex::this_thread::sleep_for(unsigned long)
 .text._ZN3vex5event4initEmmPFvvE
                0x0380ae58        0x4 C:\Program Files (x86)\VEX Robotics\VEXcode Pro V5\sdk/vexv5\libv5rt.a(vex_event.cpp.obj)
                0x0380ae58                vex::event::init(unsigned long, unsigned long, void (*)())
 .text._ZN3vex5event4initEmmPFvPvES1_
                0x0380ae5c        0x4 C:\Program Files (x86)\VEX Robotics\VEXcode Pro V5\sdk/vexv5\libv5rt.a(vex_event.cpp.obj)
                0x0380ae5c                vex::event::init(unsigned long, unsigned long, void (*)(void*), void*)
 .text._ZN3vex5event9userindexEv
                0x0380ae60        0x4 C:\Program Files (x86)\VEX Robotics\VEXcode Pro V5\sdk/vexv5\libv5rt.a(vex_event.cpp.obj)
                0x0380ae60                vex::event::userindex()
 .text._ZZN3vex6meventC4EmmENUlvE_4_FUNEv
                0x0380ae64        0x4 C:\Program Files (x86)\VEX Robotics\VEXcode Pro V5\sdk/vexv5\libv5rt.a(vex_mevent.cpp.obj)
 .text._ZN3vex6meventC2Emm
                0x0380ae68       0x70 C:\Program Files (x86)\VEX Robotics\VEXcode Pro V5\sdk/vexv5\libv5rt.a(vex_mevent.cpp.obj)
                0x0380ae68                vex::mevent::mevent(unsigned long, unsigned long)
                0x0380ae68                vex::mevent::mevent(unsigned long, unsigned long)
 .text._ZN3vex5brain9_getIndexEv
                0x0380aed8       0x10 C:\Program Files (x86)\VEX Robotics\VEXcode Pro V5\sdk/vexv5\libv5rt.a(vex_brain.cpp.obj)
                0x0380aed8                vex::brain::_getIndex()
 .text._ZN3vex5brain3lcd9setCursorEll
                0x0380aee8       0x44 C:\Program Files (x86)\VEX Robotics\VEXcode Pro V5\sdk/vexv5\libv5rt.a(vex_brain.cpp.obj)
                0x0380aee8                vex::brain::lcd::setCursor(long, long)
 .text._ZN3vex5brain3lcd7setFontENS_8fontTypeE
                0x0380af2c      0x23c C:\Program Files (x86)\VEX Robotics\VEXcode Pro V5\sdk/vexv5\libv5rt.a(vex_brain.cpp.obj)
                0x0380af2c                vex::brain::lcd::setFont(vex::fontType)
 .text._ZN3vex5brain3lcdC2Ev
                0x0380b168       0x94 C:\Program Files (x86)\VEX Robotics\VEXcode Pro V5\sdk/vexv5\libv5rt.a(vex_brain.cpp.obj)
                0x0380b168                vex::brain::lcd::lcd()
                0x0380b168                vex::brain::lcd::lcd()
 .text._ZN3vex5brainC2Ev
                0x0380b1fc       0x3c C:\Program Files (x86)\VEX Robotics\VEXcode Pro V5\sdk/vexv5\libv5rt.a(vex_brain.cpp.obj)
                0x0380b1fc                vex::brain::brain()
                0x0380b1fc                vex::brain::brain()
 .text._ZN3vex5brain3lcd11setPenWidthEm
                0x0380b238       0x24 C:\Program Files (x86)\VEX Robotics\VEXcode Pro V5\sdk/vexv5\libv5rt.a(vex_brain.cpp.obj)
                0x0380b238                vex::brain::lcd::setPenWidth(unsigned long)
 .text._ZN3vex5brain3lcd11setPenColorERKNS_5colorE
                0x0380b25c       0x14 C:\Program Files (x86)\VEX Robotics\VEXcode Pro V5\sdk/vexv5\libv5rt.a(vex_brain.cpp.obj)
                0x0380b25c                vex::brain::lcd::setPenColor(vex::color const&)
 .text._ZN3vex5brain3lcd12setFillColorERKNS_5colorE
                0x0380b270       0x38 C:\Program Files (x86)\VEX Robotics\VEXcode Pro V5\sdk/vexv5\libv5rt.a(vex_brain.cpp.obj)
                0x0380b270                vex::brain::lcd::setFillColor(vex::color const&)
 .text._ZN3vex5brain3lcd7printAtEllPKcz
                0x0380b2a8       0x54 C:\Program Files (x86)\VEX Robotics\VEXcode Pro V5\sdk/vexv5\libv5rt.a(vex_brain.cpp.obj)
                0x0380b2a8                vex::brain::lcd::printAt(long, long, char const*, ...)
 .text._ZN3vex5brain3lcd9drawPixelEii
                0x0380b2fc       0x14 C:\Program Files (x86)\VEX Robotics\VEXcode Pro V5\sdk/vexv5\libv5rt.a(vex_brain.cpp.obj)
                0x0380b2fc                vex::brain::lcd::drawPixel(int, int)
 .text._ZN3vex5brain3lcd8drawLineEiiii
                0x0380b310      0x2c4 C:\Program Files (x86)\VEX Robotics\VEXcode Pro V5\sdk/vexv5\libv5rt.a(vex_brain.cpp.obj)
                0x0380b310                vex::brain::lcd::drawLine(int, int, int, int)
 .text._ZN3vex5brain3lcd13drawRectangleEiiii
                0x0380b5d4       0xdc C:\Program Files (x86)\VEX Robotics\VEXcode Pro V5\sdk/vexv5\libv5rt.a(vex_brain.cpp.obj)
                0x0380b5d4                vex::brain::lcd::drawRectangle(int, int, int, int)
 .text._ZN3vex5brain3lcd10drawCircleEiii
                0x0380b6b0       0xa4 C:\Program Files (x86)\VEX Robotics\VEXcode Pro V5\sdk/vexv5\libv5rt.a(vex_brain.cpp.obj)
                0x0380b6b0                vex::brain::lcd::drawCircle(int, int, int)
 .text._ZN3vex5brain3lcd9xPositionEv
                0x0380b754       0x24 C:\Program Files (x86)\VEX Robotics\VEXcode Pro V5\sdk/vexv5\libv5rt.a(vex_brain.cpp.obj)
                0x0380b754                vex::brain::lcd::xPosition()
 .text._ZN3vex5brain3lcd9yPositionEv
                0x0380b778       0x24 C:\Program Files (x86)\VEX Robotics\VEXcode Pro V5\sdk/vexv5\libv5rt.a(vex_brain.cpp.obj)
                0x0380b778                vex::brain::lcd::yPosition()
 .text._ZN3vex5brain3lcd8pressingEv
                0x0380b79c       0x20 C:\Program Files (x86)\VEX Robotics\VEXcode Pro V5\sdk/vexv5\libv5rt.a(vex_brain.cpp.obj)
                0x0380b79c                vex::brain::lcd::pressing()
 .text._ZN3vex5brain3lcd20_validateImageBufferEPh
                0x0380b7bc       0x58 C:\Program Files (x86)\VEX Robotics\VEXcode Pro V5\sdk/vexv5\libv5rt.a(vex_brain.cpp.obj)
                0x0380b7bc                vex::brain::lcd::_validateImageBuffer(unsigned char*)
 .text._ZN3vex5brain3lcd17drawImageFromFileEPKcii
                0x0380b814      0x264 C:\Program Files (x86)\VEX Robotics\VEXcode Pro V5\sdk/vexv5\libv5rt.a(vex_brain.cpp.obj)
                0x0380b814                vex::brain::lcd::drawImageFromFile(char const*, int, int)
 .text._ZN3vex5brain3lcd10rowToPixelEl
                0x0380ba78       0x34 C:\Program Files (x86)\VEX Robotics\VEXcode Pro V5\sdk/vexv5\libv5rt.a(vex_brain.cpp.obj)
                0x0380ba78                vex::brain::lcd::rowToPixel(long)
 .text._ZN3vex5brain3lcd5printEPKcz
                0x0380baac       0xb8 C:\Program Files (x86)\VEX Robotics\VEXcode Pro V5\sdk/vexv5\libv5rt.a(vex_brain.cpp.obj)
                0x0380baac                vex::brain::lcd::print(char const*, ...)
 *fill*         0x0380bb64        0x4 
 .text._ZN3vex5brain3lcd8hueToRgbEm
                0x0380bb68       0xe0 C:\Program Files (x86)\VEX Robotics\VEXcode Pro V5\sdk/vexv5\libv5rt.a(vex_brain.cpp.obj)
                0x0380bb68                vex::brain::lcd::hueToRgb(unsigned long)
 .text._ZN3vex5brain3lcd11setPenColorEi
                0x0380bc48       0x10 C:\Program Files (x86)\VEX Robotics\VEXcode Pro V5\sdk/vexv5\libv5rt.a(vex_brain.cpp.obj)
                0x0380bc48                vex::brain::lcd::setPenColor(int)
 .text._ZN3vex5brainD2Ev
                0x0380bc58       0x20 C:\Program Files (x86)\VEX Robotics\VEXcode Pro V5\sdk/vexv5\libv5rt.a(vex_brain.cpp.obj)
                0x0380bc58                vex::brain::~brain()
                0x0380bc58                vex::brain::~brain()
 .text._ZN3vex11competition8_disableEPv
                0x0380bc78       0xa4 C:\Program Files (x86)\VEX Robotics\VEXcode Pro V5\sdk/vexv5\libv5rt.a(vex_competition.cpp.obj)
                0x0380bc78                vex::competition::_disable(void*)
 .text._ZN3vex11competition11_autonomousEv
                0x0380bd1c       0x80 C:\Program Files (x86)\VEX Robotics\VEXcode Pro V5\sdk/vexv5\libv5rt.a(vex_competition.cpp.obj)
                0x0380bd1c                vex::competition::_autonomous()
 .text._ZN3vex11competition14_drivercontrolEv
                0x0380bd9c       0x80 C:\Program Files (x86)\VEX Robotics\VEXcode Pro V5\sdk/vexv5\libv5rt.a(vex_competition.cpp.obj)
                0x0380bd9c                vex::competition::_drivercontrol()
 .text._ZN3vex11competitionC2Ev
                0x0380be1c      0x13c C:\Program Files (x86)\VEX Robotics\VEXcode Pro V5\sdk/vexv5\libv5rt.a(vex_competition.cpp.obj)
                0x0380be1c                vex::competition::competition()
                0x0380be1c                vex::competition::competition()
 .text._ZN3vex11competitionD2Ev
                0x0380bf58        0x4 C:\Program Files (x86)\VEX Robotics\VEXcode Pro V5\sdk/vexv5\libv5rt.a(vex_competition.cpp.obj)
                0x0380bf58                vex::competition::~competition()
                0x0380bf58                vex::competition::~competition()
 .text._ZN3vex11competition10autonomousEPFvvE
                0x0380bf5c       0x44 C:\Program Files (x86)\VEX Robotics\VEXcode Pro V5\sdk/vexv5\libv5rt.a(vex_competition.cpp.obj)
                0x0380bf5c                vex::competition::autonomous(void (*)())
 .text._ZN3vex11competition13drivercontrolEPFvvE
                0x0380bfa0       0x44 C:\Program Files (x86)\VEX Robotics\VEXcode Pro V5\sdk/vexv5\libv5rt.a(vex_competition.cpp.obj)
                0x0380bfa0                vex::competition::drivercontrol(void (*)())
 .text._ZN3vex11competition15isDriverControlEv
                0x0380bfe4       0x14 C:\Program Files (x86)\VEX Robotics\VEXcode Pro V5\sdk/vexv5\libv5rt.a(vex_competition.cpp.obj)
                0x0380bfe4                vex::competition::isDriverControl()
 .text._ZN3vex11competition12isAutonomousEv
                0x0380bff8       0x14 C:\Program Files (x86)\VEX Robotics\VEXcode Pro V5\sdk/vexv5\libv5rt.a(vex_competition.cpp.obj)
                0x0380bff8                vex::competition::isAutonomous()
 .text._ZN3vex7triportD2Ev
                0x0380c00c       0x38 C:\Program Files (x86)\VEX Robotics\VEXcode Pro V5\sdk/vexv5\libv5rt.a(vex_triport.cpp.obj)
                0x0380c00c                vex::triport::~triport()
                0x0380c00c                vex::triport::~triport()
 .text._ZN3vex7triportD0Ev
                0x0380c044       0x1c C:\Program Files (x86)\VEX Robotics\VEXcode Pro V5\sdk/vexv5\libv5rt.a(vex_triport.cpp.obj)
                0x0380c044                vex::triport::~triport()
 .text._ZN3vex7triport9installedEv
                0x0380c060       0x18 C:\Program Files (x86)\VEX Robotics\VEXcode Pro V5\sdk/vexv5\libv5rt.a(vex_triport.cpp.obj)
                0x0380c060                vex::triport::installed()
 .text._ZN3vex7triport4portC2ElPS0_
                0x0380c078       0x74 C:\Program Files (x86)\VEX Robotics\VEXcode Pro V5\sdk/vexv5\libv5rt.a(vex_triport.cpp.obj)
                0x0380c078                vex::triport::port::port(long, vex::triport*)
                0x0380c078                vex::triport::port::port(long, vex::triport*)
 .text._ZN3vex7triportC2El
                0x0380c0ec       0xf0 C:\Program Files (x86)\VEX Robotics\VEXcode Pro V5\sdk/vexv5\libv5rt.a(vex_triport.cpp.obj)
                0x0380c0ec                vex::triport::triport(long)
                0x0380c0ec                vex::triport::triport(long)
 .text._ZN3vex7triport4port4typeENS_11triportTypeE
                0x0380c1dc       0x30 C:\Program Files (x86)\VEX Robotics\VEXcode Pro V5\sdk/vexv5\libv5rt.a(vex_triport.cpp.obj)
                0x0380c1dc                vex::triport::port::type(vex::triportType)
 .text._ZN3vex7triport4port4typeEv
                0x0380c20c       0x38 C:\Program Files (x86)\VEX Robotics\VEXcode Pro V5\sdk/vexv5\libv5rt.a(vex_triport.cpp.obj)
                0x0380c20c                vex::triport::port::type()
 .text._ZN3vex7triport4port5valueEv
                0x0380c244       0x14 C:\Program Files (x86)\VEX Robotics\VEXcode Pro V5\sdk/vexv5\libv5rt.a(vex_triport.cpp.obj)
                0x0380c244                vex::triport::port::value()
 .text._ZN3vex7triport4port5valueEl
                0x0380c258       0x18 C:\Program Files (x86)\VEX Robotics\VEXcode Pro V5\sdk/vexv5\libv5rt.a(vex_triport.cpp.obj)
                0x0380c258                vex::triport::port::value(long)
 .text._ZN3vex7triport4port11setRotationEdNS_13rotationUnitsE
                0x0380c270       0x50 C:\Program Files (x86)\VEX Robotics\VEXcode Pro V5\sdk/vexv5\libv5rt.a(vex_triport.cpp.obj)
                0x0380c270                vex::triport::port::setRotation(double, vex::rotationUnits)
 .text._ZN3vex7triport4port13resetRotationEv
                0x0380c2c0       0x20 C:\Program Files (x86)\VEX Robotics\VEXcode Pro V5\sdk/vexv5\libv5rt.a(vex_triport.cpp.obj)
                0x0380c2c0                vex::triport::port::resetRotation()
 .text._ZN3vex7triport4port8rotationENS_13rotationUnitsE
                0x0380c2e0       0x40 C:\Program Files (x86)\VEX Robotics\VEXcode Pro V5\sdk/vexv5\libv5rt.a(vex_triport.cpp.obj)
                0x0380c2e0                vex::triport::port::rotation(vex::rotationUnits)
 .text._ZN3vex11__trideviceC2ERNS_7triport4portENS_11triportTypeE
                0x0380c320       0x5c C:\Program Files (x86)\VEX Robotics\VEXcode Pro V5\sdk/vexv5\libv5rt.a(vex_triport.cpp.obj)
                0x0380c320                vex::__tridevice::__tridevice(vex::triport::port&, vex::triportType)
                0x0380c320                vex::__tridevice::__tridevice(vex::triport::port&, vex::triportType)
 .text._ZN3vex11digital_outC2ERNS_7triport4portE
                0x0380c37c       0x18 C:\Program Files (x86)\VEX Robotics\VEXcode Pro V5\sdk/vexv5\libv5rt.a(vex_triport.cpp.obj)
                0x0380c37c                vex::digital_out::digital_out(vex::triport::port&)
                0x0380c37c                vex::digital_out::digital_out(vex::triport::port&)
 .text._ZN3vex11digital_out5valueEv
                0x0380c394        0x8 C:\Program Files (x86)\VEX Robotics\VEXcode Pro V5\sdk/vexv5\libv5rt.a(vex_triport.cpp.obj)
                0x0380c394                vex::digital_out::value()
 .text._ZN3vex11digital_out3setEb
                0x0380c39c        0x8 C:\Program Files (x86)\VEX Robotics\VEXcode Pro V5\sdk/vexv5\libv5rt.a(vex_triport.cpp.obj)
                0x0380c39c                vex::digital_out::set(bool)
 .text._ZN3vex10pneumaticsC2ERNS_7triport4portE
                0x0380c3a4       0x14 C:\Program Files (x86)\VEX Robotics\VEXcode Pro V5\sdk/vexv5\libv5rt.a(vex_triport.cpp.obj)
                0x0380c3a4                vex::pneumatics::pneumatics(vex::triport::port&)
                0x0380c3a4                vex::pneumatics::pneumatics(vex::triport::port&)
 .text._ZN3vex10pneumaticsD2Ev
                0x0380c3b8        0x4 C:\Program Files (x86)\VEX Robotics\VEXcode Pro V5\sdk/vexv5\libv5rt.a(vex_triport.cpp.obj)
                0x0380c3b8                vex::pneumatics::~pneumatics()
                0x0380c3b8                vex::pneumatics::~pneumatics()
 .text._ZN3vex10pneumatics4openEv
                0x0380c3bc        0x8 C:\Program Files (x86)\VEX Robotics\VEXcode Pro V5\sdk/vexv5\libv5rt.a(vex_triport.cpp.obj)
                0x0380c3bc                vex::pneumatics::open()
 .text._ZN3vex10pneumatics5closeEv
                0x0380c3c4        0x8 C:\Program Files (x86)\VEX Robotics\VEXcode Pro V5\sdk/vexv5\libv5rt.a(vex_triport.cpp.obj)
                0x0380c3c4                vex::pneumatics::close()
 .text._ZN3vex7encoderC2ERNS_7triport4portE
                0x0380c3cc       0x20 C:\Program Files (x86)\VEX Robotics\VEXcode Pro V5\sdk/vexv5\libv5rt.a(vex_triport.cpp.obj)
                0x0380c3cc                vex::encoder::encoder(vex::triport::port&)
                0x0380c3cc                vex::encoder::encoder(vex::triport::port&)
 .text._ZN3vex7encoderD2Ev
                0x0380c3ec        0x4 C:\Program Files (x86)\VEX Robotics\VEXcode Pro V5\sdk/vexv5\libv5rt.a(vex_triport.cpp.obj)
                0x0380c3ec                vex::encoder::~encoder()
                0x0380c3ec                vex::encoder::~encoder()
 .text._ZN3vex7encoder13resetRotationEv
                0x0380c3f0        0x8 C:\Program Files (x86)\VEX Robotics\VEXcode Pro V5\sdk/vexv5\libv5rt.a(vex_triport.cpp.obj)
                0x0380c3f0                vex::encoder::resetRotation()
 .text._ZN3vex7encoder8positionENS_13rotationUnitsE
                0x0380c3f8        0x8 C:\Program Files (x86)\VEX Robotics\VEXcode Pro V5\sdk/vexv5\libv5rt.a(vex_triport.cpp.obj)
                0x0380c3f8                vex::encoder::position(vex::rotationUnits)
 .text._ZN3vex7pwm_outC2ERNS_7triport4portE
                0x0380c400       0x18 C:\Program Files (x86)\VEX Robotics\VEXcode Pro V5\sdk/vexv5\libv5rt.a(vex_triport.cpp.obj)
                0x0380c400                vex::pwm_out::pwm_out(vex::triport::port&)
                0x0380c400                vex::pwm_out::pwm_out(vex::triport::port&)
 .text._ZN3vex7pwm_outD2Ev
                0x0380c418        0x4 C:\Program Files (x86)\VEX Robotics\VEXcode Pro V5\sdk/vexv5\libv5rt.a(vex_triport.cpp.obj)
                0x0380c418                vex::pwm_out::~pwm_out()
                0x0380c418                vex::pwm_out::~pwm_out()
 .text._ZN3vex7pwm_out5stateElNS_12percentUnitsE
                0x0380c41c       0x24 C:\Program Files (x86)\VEX Robotics\VEXcode Pro V5\sdk/vexv5\libv5rt.a(vex_triport.cpp.obj)
                0x0380c41c                vex::pwm_out::state(long, vex::percentUnits)
 .text._ZN3vex5colorD2Ev
                0x0380c440        0x4 C:\Program Files (x86)\VEX Robotics\VEXcode Pro V5\sdk/vexv5\libv5rt.a(vex_color.cpp.obj)
                0x0380c440                vex::color::~color()
                0x0380c440                vex::color::~color()
 .text._ZN3vex5colorC2Ehhh
                0x0380c444       0x1c C:\Program Files (x86)\VEX Robotics\VEXcode Pro V5\sdk/vexv5\libv5rt.a(vex_color.cpp.obj)
                0x0380c444                vex::color::color(unsigned char, unsigned char, unsigned char)
                0x0380c444                vex::color::color(unsigned char, unsigned char, unsigned char)
 .text._ZNK3vex5colorcvmEv
                0x0380c460        0x8 C:\Program Files (x86)\VEX Robotics\VEXcode Pro V5\sdk/vexv5\libv5rt.a(vex_color.cpp.obj)
                0x0380c460                vex::color::operator unsigned long() const
 .text._ZNK3vex5color13isTransparentEv
                0x0380c468        0x8 C:\Program Files (x86)\VEX Robotics\VEXcode Pro V5\sdk/vexv5\libv5rt.a(vex_color.cpp.obj)
                0x0380c468                vex::color::isTransparent() const
 .text.startup._GLOBAL__sub_I__ZN3vex5color5blackE
                0x0380c470      0x164 C:\Program Files (x86)\VEX Robotics\VEXcode Pro V5\sdk/vexv5\libv5rt.a(vex_color.cpp.obj)
 .text._ZN3vex5timerD2Ev
                0x0380c5d4        0x4 C:\Program Files (x86)\VEX Robotics\VEXcode Pro V5\sdk/vexv5\libv5rt.a(vex_timer.cpp.obj)
                0x0380c5d4                vex::timer::~timer()
                0x0380c5d4                vex::timer::~timer()
 .text._ZN3vex5timer5clearEv
                0x0380c5d8       0x1c C:\Program Files (x86)\VEX Robotics\VEXcode Pro V5\sdk/vexv5\libv5rt.a(vex_timer.cpp.obj)
                0x0380c5d8                vex::timer::clear()
 .text._ZN3vex5timerC2Ev
                0x0380c5f4       0x14 C:\Program Files (x86)\VEX Robotics\VEXcode Pro V5\sdk/vexv5\libv5rt.a(vex_timer.cpp.obj)
                0x0380c5f4                vex::timer::timer()
                0x0380c5f4                vex::timer::timer()
 .text._ZN3vex5timer5resetEv
                0x0380c608        0x4 C:\Program Files (x86)\VEX Robotics\VEXcode Pro V5\sdk/vexv5\libv5rt.a(vex_timer.cpp.obj)
                0x0380c608                vex::timer::reset()
 *fill*         0x0380c60c        0x4 
 .text._ZNK3vex5timer4timeENS_9timeUnitsE
                0x0380c610       0x40 C:\Program Files (x86)\VEX Robotics\VEXcode Pro V5\sdk/vexv5\libv5rt.a(vex_timer.cpp.obj)
                0x0380c610                vex::timer::time(vex::timeUnits) const
 .text._ZN3vex11motor_group18motor_group_motorsC2Ev
                0x0380c650       0x28 C:\Program Files (x86)\VEX Robotics\VEXcode Pro V5\sdk/vexv5\libv5rt.a(vex_motorgroup.cpp.obj)
                0x0380c650                vex::motor_group::motor_group_motors::motor_group_motors()
                0x0380c650                vex::motor_group::motor_group_motors::motor_group_motors()
 .text._ZN3vex11motor_groupC2Ev
                0x0380c678       0x1c C:\Program Files (x86)\VEX Robotics\VEXcode Pro V5\sdk/vexv5\libv5rt.a(vex_motorgroup.cpp.obj)
                0x0380c678                vex::motor_group::motor_group()
                0x0380c678                vex::motor_group::motor_group()
 .text._ZN3vex11motor_groupD2Ev
                0x0380c694        0x4 C:\Program Files (x86)\VEX Robotics\VEXcode Pro V5\sdk/vexv5\libv5rt.a(vex_motorgroup.cpp.obj)
                0x0380c694                vex::motor_group::~motor_group()
                0x0380c694                vex::motor_group::~motor_group()
 .text._ZN3vex11motor_group9_addMotorERNS_5motorE
                0x0380c698       0x20 C:\Program Files (x86)\VEX Robotics\VEXcode Pro V5\sdk/vexv5\libv5rt.a(vex_motorgroup.cpp.obj)
                0x0380c698                vex::motor_group::_addMotor(vex::motor&)
 .text._ZN3vex11motor_group4spinENS_13directionTypeEdNS_13velocityUnitsE
                0x0380c6b8       0x54 C:\Program Files (x86)\VEX Robotics\VEXcode Pro V5\sdk/vexv5\libv5rt.a(vex_motorgroup.cpp.obj)
                0x0380c6b8                vex::motor_group::spin(vex::directionType, double, vex::velocityUnits)
 .text._ZN3vex11motor_group4spinENS_13directionTypeEdNS_12voltageUnitsE
                0x0380c70c       0x54 C:\Program Files (x86)\VEX Robotics\VEXcode Pro V5\sdk/vexv5\libv5rt.a(vex_motorgroup.cpp.obj)
                0x0380c70c                vex::motor_group::spin(vex::directionType, double, vex::voltageUnits)
 .text._ZN3vex11motor_group4stopENS_9brakeTypeE
                0x0380c760       0x38 C:\Program Files (x86)\VEX Robotics\VEXcode Pro V5\sdk/vexv5\libv5rt.a(vex_motorgroup.cpp.obj)
                0x0380c760                vex::motor_group::stop(vex::brakeType)
 .text._ZN3vex11motor_group8velocityENS_13velocityUnitsE
                0x0380c798        0xc C:\Program Files (x86)\VEX Robotics\VEXcode Pro V5\sdk/vexv5\libv5rt.a(vex_motorgroup.cpp.obj)
                0x0380c798                vex::motor_group::velocity(vex::velocityUnits)
 .text.vexAdiPortConfigSet
                0x0380c7a4       0x28 C:\Program Files (x86)\VEX Robotics\VEXcode Pro V5\sdk/vexv5\libv5rt.a(v5_apiuser.c.obj)
                0x0380c7a4                vexAdiPortConfigSet
 .text.vexAdiPortConfigGet
                0x0380c7cc       0x28 C:\Program Files (x86)\VEX Robotics\VEXcode Pro V5\sdk/vexv5\libv5rt.a(v5_apiuser.c.obj)
                0x0380c7cc                vexAdiPortConfigGet
 .text.vexAdiValueSet
                0x0380c7f4       0x28 C:\Program Files (x86)\VEX Robotics\VEXcode Pro V5\sdk/vexv5\libv5rt.a(v5_apiuser.c.obj)
                0x0380c7f4                vexAdiValueSet
 .text.vexAdiValueGet
                0x0380c81c       0x20 C:\Program Files (x86)\VEX Robotics\VEXcode Pro V5\sdk/vexv5\libv5rt.a(v5_apiuser.c.obj)
                0x0380c81c                vexAdiValueGet
 .text.vexMotorVelocitySet
                0x0380c83c       0x20 C:\Program Files (x86)\VEX Robotics\VEXcode Pro V5\sdk/vexv5\libv5rt.a(v5_apiuser.c.obj)
                0x0380c83c                vexMotorVelocitySet
 .text.vexMotorVoltageSet
                0x0380c85c       0x20 C:\Program Files (x86)\VEX Robotics\VEXcode Pro V5\sdk/vexv5\libv5rt.a(v5_apiuser.c.obj)
                0x0380c85c                vexMotorVoltageSet
 .text.vexMotorActualVelocityGet
                0x0380c87c       0x24 C:\Program Files (x86)\VEX Robotics\VEXcode Pro V5\sdk/vexv5\libv5rt.a(v5_apiuser.c.obj)